
 Start  Stop   Length Name                   Class               Group
 Resident
 00000H 003C3H 003C4H MAIN_TEXT              CODE
 003C4H 014B9H 010F6H _TEXT                  CODE
 014C0H 014C1H 00002H EMULATOR_TEXT          CODE
 014D0H 01E13H 00944H $$OVLMGR               $$OVLMGR
 01E14H 0228DH 0047AH $$OVLMGR_UTILS         $$OVLMGR_UTILS
 Overlay 2H
 02290H 02290H 00000H OW45_TEXT              CODE
 Overlay 3H
 02290H 02290H 00000H C_ETEXT                ENDCODE
 02290H 02290H 00000H EMULATOR_DATA          FAR_DATA
 02290H 024ADH 0021EH FAR_BSS                FAR_BSS
 024B0H 024F1H 00042H NULL                   BEGDATA             DGROUP
 024F2H 02869H 00378H _DATA                  DATA                DGROUP
 0286AH 0286BH 00002H XIQC                   DATA                DGROUP
 0286CH 02879H 0000EH DBDATA                 DATA                DGROUP
 0287AH 02887H 0000EH CDATA                  DATA                DGROUP
 02888H 02888H 00000H XIFB                   DATA                DGROUP
 02888H 02888H 00000H XIF                    DATA                DGROUP
 02888H 02888H 00000H XIFE                   DATA                DGROUP
 02888H 02888H 00000H XIB                    DATA                DGROUP
 02888H 02888H 00000H XI                     DATA                DGROUP
 02888H 02888H 00000H XIE                    DATA                DGROUP
 02888H 02888H 00000H XPB                    DATA                DGROUP
 02888H 0288BH 00004H XP                     DATA                DGROUP
 0288CH 0288CH 00000H XPE                    DATA                DGROUP
 0288CH 0288CH 00000H XCB                    DATA                DGROUP
 0288CH 0288CH 00000H XC                     DATA                DGROUP
 0288CH 0288CH 00000H XCE                    DATA                DGROUP
 0288CH 0288CH 00000H XCFB                   DATA                DGROUP
 0288CH 0288CH 00000H XCF                    DATA                DGROUP
 0288CH 0288CH 00000H XCFE                   DATA                DGROUP
 0288CH 02891H 00006H CONST                  CONST               DGROUP
 02892H 02899H 00008H HDR                    MSG                 DGROUP
 0289AH 0296FH 000D6H MSG                    MSG                 DGROUP
 02970H 02971H 00002H PAD                    MSG                 DGROUP
 02972H 02972H 00001H EPAD                   MSG                 DGROUP
 02974H 02974H 00000H _BSS                   BSS                 DGROUP
 02974H 02974H 00000H XOB                    BSS                 DGROUP
 02974H 02974H 00000H XO                     BSS                 DGROUP
 02974H 02974H 00000H XOE                    BSS                 DGROUP
 02980H 02B7FH 00200H c_common               BSS                 DGROUP
 02B80H 0337FH 00800H STACK                  STACK               DGROUP

 Section# Fname          Faddr  Maddr  Size   Father   Section Name
    1H    PROBE.EXE      00200H 00000H 0228EH    0H
    2H    PROBE.EXE      02490H 02290H 00000H    1H
    3H    PROBE.EXE      02490H 02290H 010F0H    0H    preloaded data

 Origin   Group
 024B:0   DGROUP

  Address         Publics by Name

 003C:0014  Res  $$MAIN
 01E1:0005  Res  $$OVCOFF
 01E1:0005  Res  $$OVCON
 014D:0000  Res  $$OVLCHANGE
 014D:05C1  Res  $$OVLCLOSE
 014D:0892  Res  $$OVLINFO
 014D:0035  Res  $$OVLLOAD
 014D:033A  Res  $$OVLLOADIL
 014D:0882  Res  $$OVLPBLOCK
 014D:0558  Res  $$OVLRESTORE
 014D:0513  Res  $$OVLSAVE
 014D:04E6  Res  $$OVLSAVESIZE
 014D:0002  Res  $$OVLUNLOAD
 0000:0001  Abs  $$RTLDATA_DUMMY
 01E1:0036  Res  $$RTLGETENV
 01E1:01D8  Res  $$RTLGETPROGNAME
 014D:035F  Res  $$RTLOVLINIT
 01E1:047A  Res  $$RTLOVL_CLOSE_SAVE_FILE
 01E1:0006  Res  $$RTLOVL_CONVERT_VAL
 01E1:047A  Res  $$RTLOVL_CREATE_SAVE_FILE
 01E1:047A  Res  $$RTLOVL_DELETE_SAVE_FILE
 0000:0001  Abs  $$RTLOVL_DUMMY_CACHE
 01E1:047A  Res  $$RTLOVL_EXTEND_SAVE_FILE
 01E1:0004  Res  $$RTLOVL_INIT_CACHE
 01E1:047A  Res  $$RTLOVL_INIT_SAVE_FILE
 01E1:0004  Res  $$RTLOVL_LOAD_FROM_CACHE
 01E1:0004  Res  $$RTLOVL_PLACE_INTO_CACHE
 01E1:047A  Res  $$RTLOVL_SEEK_SAVE_FILE
 01E1:0094  Res  $$RTLPATHSEARCH
 01E1:036C  Res  $$RTLSETERROR
 01E1:037D  Res  $$RTL_FATAL_ERROR
 01E1:043D  Res  $$RTL_REGISTER
 01E1:0434  Res  $$RTL_TERMCALL
 01E1:03C4  Res  $$RTL_TERMINATE
 01E1:0435  Res  $$RTL_TERM_INIT
 0000:0015  Res  @charWindowIndex
 0000:0019  Res  @setHook
 0000:0011  Res  @windowIndex
 024B:019E  Res  STKHQQ
 0000:0000  Res  _callback
 0229:0000  Res  _calls
 024B:04C4  Res  _edata
 024B:06D0  Res  _end
 024B:0185  Res  _environ
 024B:015C  Res  _errno
 003C:01D9  Res  _exit
 003C:09D2  Res  _fflush
 003C:0A52  Res  _flushall
 003C:0638  Res  _fwrite
 003C:0AA6  Res  _lseek
 0000:003E  Res  _main
 003C:0C94  Res  _malloc
 003C:0FF6  Res  _memcpy
 003C:0F6C  Res  _puts
 003C:0C80  Res  _stackavail
 003C:0F54  Res  _strlen
 0229:0002  Res  _win_drawHooks
 0229:00B6  Res  _win_offsets
 003C:0B20  Res  _write
 024B:019A  Res  __aaltstkovr
 024B:0140  Res  __acfinfo
 0000:9876  Abs  __acrtmsg
 0000:9876  Abs  __acrtused
 0000:D6D6  Abs  __aDBdoswp
 024B:0196  Res  __adbgmsg
 024B:0124  Res  __aexit_rtn
 003C:02C4  Res  __aFchkstk
 0000:1000  Abs  __AHINCR
 0000:000C  Abs  __AHSHIFT
 024B:014E  Res  __aintdiv
 024B:03B8  Res  __amblksiz
 003C:00EF  Res  __amsg_exit
 024B:0042  Res  __anullsize
 024B:013C  Res  __aseghi
 024B:013E  Res  __aseglo
 024B:0126  Res  __asizds
 003C:0014  Res  __astart
 024B:0122  Res  __atopsp
 024B:04D0  Res  __bufin
 003C:01E8  Res  __cexit
 024B:01B8  Res  __cflush
 024B:018E  Res  __child
 003C:02C4  Res  __chkstk
 003C:0114  Res  __cinit
 003C:00DF  Res  __cintDIV
 003C:025C  Res  __ctermsub
 003C:01F2  Res  __c_exit
 003C:0111  Res  __dataseg
 024B:0167  Res  __doserrno
 003C:05E2  Res  __dosret0
 003C:05F7  Res  __dosretax
 003C:05EA  Res  __dosreturn
 024B:0164  Res  __dosvermajor
 024B:0165  Res  __dosverminor
 014C:0000  Res  __EmDataSeg
 003C:01E0  Res  __exit
 024B:0152  Res  __fac
 003C:0C9A  Res  __ffree
 003C:029C  Res  __FF_MSGBANNER
 024B:03AA  Res  __fheap
 003C:0EF0  Res  __findlast
 003C:07D0  Res  __flsbuf
 003C:0CAD  Res  __fmalloc
 003C:1054  Res  __fmemcpy
 003C:10B2  Res  __fmemset
 024B:03CC  Res  __fpinit
 003C:02BE  Res  __fptrap
 003C:0989  Res  __ftbuf
 003C:08BC  Res  __getbuf
 003C:0E10  Res  __growseg
 003C:0E9F  Res  __incseg
 003C:0D2A  Res  __initseg
 024B:0191  Res  __intno
 024B:01BA  Res  __iob
 024B:02AA  Res  __iob2
 024B:039A  Res  __lastiob
 003C:0D5E  Res  __linkseg
 003C:0604  Res  __maperror
 003C:05BC  Res  __myalloc
 003C:0F10  Res  __newseg
 024B:0169  Res  __nfile
 024B:0128  Res  __nheap_desc
 003C:055A  Res  __NMSG_TEXT
 003C:0585  Res  __NMSG_WRITE
 003C:02E8  Res  __nullcheck
 024B:0167  Res  __oserr
 024B:016B  Res  __osfile
 024B:0164  Res  __osmajor
 024B:0165  Res  __osminor
 024B:0166  Res  __osmode
 024B:0164  Res  __osversion
 024B:0190  Res  __ovlflag
 024B:0192  Res  __ovlvec
 024B:0189  Res  __pgmptr
 024B:0162  Res  __psp
 024B:0160  Res  __pspadr
 003C:0D94  Res  __searchseg
 003C:030C  Res  __setargv
 003C:04BA  Res  __setenvp
 003C:0908  Res  __stbuf
 024B:015E  Res  __umaskval
 024B:03C2  Res  ___aDBexit
 024B:03C8  Res  ___aDBptrchk
 024B:03C0  Res  ___aDBrterr
 024B:03BE  Res  ___aDBswpchk
 024B:03BC  Res  ___aDBswpflg
 024B:017F  Res  ___argc
 024B:0181  Res  ___argv
 024B:03BA  Res  ___qczrinit

  Address         Publics by Value

 0000:0000  Res  _callback
 0000:0001  Abs  $$RTLDATA_DUMMY
 0000:0001  Abs  $$RTLOVL_DUMMY_CACHE
 0000:000C  Abs  __AHSHIFT
 0000:1000  Abs  __AHINCR
 0000:9876  Abs  __acrtmsg
 0000:9876  Abs  __acrtused
 0000:D6D6  Abs  __aDBdoswp
 0000:0011  Res  @windowIndex
 0000:0015  Res  @charWindowIndex
 0000:0019  Res  @setHook
 0000:003E  Res  _main
 003C:0014  Res  $$MAIN
 003C:0014  Res  __astart
 003C:00DF  Res  __cintDIV
 003C:00EF  Res  __amsg_exit
 003C:0111  Res  __dataseg
 003C:0114  Res  __cinit
 003C:01D9  Res  _exit
 003C:01E0  Res  __exit
 003C:01E8  Res  __cexit
 003C:01F2  Res  __c_exit
 003C:025C  Res  __ctermsub
 003C:029C  Res  __FF_MSGBANNER
 003C:02BE  Res  __fptrap
 003C:02C4  Res  __aFchkstk
 003C:02C4  Res  __chkstk
 003C:02E8  Res  __nullcheck
 003C:030C  Res  __setargv
 003C:04BA  Res  __setenvp
 003C:055A  Res  __NMSG_TEXT
 003C:0585  Res  __NMSG_WRITE
 003C:05BC  Res  __myalloc
 003C:05E2  Res  __dosret0
 003C:05EA  Res  __dosreturn
 003C:05F7  Res  __dosretax
 003C:0604  Res  __maperror
 003C:0638  Res  _fwrite
 003C:07D0  Res  __flsbuf
 003C:08BC  Res  __getbuf
 003C:0908  Res  __stbuf
 003C:0989  Res  __ftbuf
 003C:09D2  Res  _fflush
 003C:0A52  Res  _flushall
 003C:0AA6  Res  _lseek
 003C:0B20  Res  _write
 003C:0C80  Res  _stackavail
 003C:0C94  Res  _malloc
 003C:0C9A  Res  __ffree
 003C:0CAD  Res  __fmalloc
 003C:0D2A  Res  __initseg
 003C:0D5E  Res  __linkseg
 003C:0D94  Res  __searchseg
 003C:0E10  Res  __growseg
 003C:0E9F  Res  __incseg
 003C:0EF0  Res  __findlast
 003C:0F10  Res  __newseg
 003C:0F54  Res  _strlen
 003C:0F6C  Res  _puts
 003C:0FF6  Res  _memcpy
 003C:1054  Res  __fmemcpy
 003C:10B2  Res  __fmemset
 014C:0000  Res  __EmDataSeg
 014D:0000  Res  $$OVLCHANGE
 014D:0002  Res  $$OVLUNLOAD
 014D:0035  Res  $$OVLLOAD
 014D:033A  Res  $$OVLLOADIL
 014D:035F  Res  $$RTLOVLINIT
 014D:04E6  Res  $$OVLSAVESIZE
 014D:0513  Res  $$OVLSAVE
 014D:0558  Res  $$OVLRESTORE
 014D:05C1  Res  $$OVLCLOSE
 014D:0882  Res  $$OVLPBLOCK
 014D:0892  Res  $$OVLINFO
 01E1:0004  Res  $$RTLOVL_INIT_CACHE
 01E1:0004  Res  $$RTLOVL_LOAD_FROM_CACHE
 01E1:0004  Res  $$RTLOVL_PLACE_INTO_CACHE
 01E1:0005  Res  $$OVCOFF
 01E1:0005  Res  $$OVCON
 01E1:0006  Res  $$RTLOVL_CONVERT_VAL
 01E1:0036  Res  $$RTLGETENV
 01E1:0094  Res  $$RTLPATHSEARCH
 01E1:01D8  Res  $$RTLGETPROGNAME
 01E1:036C  Res  $$RTLSETERROR
 01E1:037D  Res  $$RTL_FATAL_ERROR
 01E1:03C4  Res  $$RTL_TERMINATE
 01E1:0434  Res  $$RTL_TERMCALL
 01E1:0435  Res  $$RTL_TERM_INIT
 01E1:043D  Res  $$RTL_REGISTER
 01E1:047A  Res  $$RTLOVL_CLOSE_SAVE_FILE
 01E1:047A  Res  $$RTLOVL_CREATE_SAVE_FILE
 01E1:047A  Res  $$RTLOVL_DELETE_SAVE_FILE
 01E1:047A  Res  $$RTLOVL_EXTEND_SAVE_FILE
 01E1:047A  Res  $$RTLOVL_INIT_SAVE_FILE
 01E1:047A  Res  $$RTLOVL_SEEK_SAVE_FILE
 0229:0000  Res  _calls
 0229:0002  Res  _win_drawHooks
 0229:00B6  Res  _win_offsets
 024B:0042  Res  __anullsize
 024B:0122  Res  __atopsp
 024B:0124  Res  __aexit_rtn
 024B:0126  Res  __asizds
 024B:0128  Res  __nheap_desc
 024B:013C  Res  __aseghi
 024B:013E  Res  __aseglo
 024B:0140  Res  __acfinfo
 024B:014E  Res  __aintdiv
 024B:0152  Res  __fac
 024B:015C  Res  _errno
 024B:015E  Res  __umaskval
 024B:0160  Res  __pspadr
 024B:0162  Res  __psp
 024B:0164  Res  __dosvermajor
 024B:0164  Res  __osmajor
 024B:0164  Res  __osversion
 024B:0165  Res  __dosverminor
 024B:0165  Res  __osminor
 024B:0166  Res  __osmode
 024B:0167  Res  __doserrno
 024B:0167  Res  __oserr
 024B:0169  Res  __nfile
 024B:016B  Res  __osfile
 024B:017F  Res  ___argc
 024B:0181  Res  ___argv
 024B:0185  Res  _environ
 024B:0189  Res  __pgmptr
 024B:018E  Res  __child
 024B:0190  Res  __ovlflag
 024B:0191  Res  __intno
 024B:0192  Res  __ovlvec
 024B:0196  Res  __adbgmsg
 024B:019A  Res  __aaltstkovr
 024B:019E  Res  STKHQQ
 024B:01B8  Res  __cflush
 024B:01BA  Res  __iob
 024B:02AA  Res  __iob2
 024B:039A  Res  __lastiob
 024B:03AA  Res  __fheap
 024B:03B8  Res  __amblksiz
 024B:03BA  Res  ___qczrinit
 024B:03BC  Res  ___aDBswpflg
 024B:03BE  Res  ___aDBswpchk
 024B:03C0  Res  ___aDBrterr
 024B:03C2  Res  ___aDBexit
 024B:03C8  Res  ___aDBptrchk
 024B:03CC  Res  __fpinit
 024B:04C4  Res  _edata
 024B:04D0  Res  __bufin
 024B:06D0  Res  _end
