[bitmap-original-order.c] MISMATCH: length 675 != target 663; bytes differ (first at +0x5, 608 differing); relocation set differs (16 vs 16)  (opcode similarity 0.942, 264 vs 269 insns)
    000E push bp                             | 000E push bp
    000F mov bp, sp                          | 000F mov bp, sp
  ! 0011 sub sp, 0x2a                        | 0011 sub sp, 0x28
      ... 15 equal instructions ...
  ! 002F jmp 0x2a9                           | 002F jmp 0x29d
    0032 les bx, ptr [bp - 0xe]              | 0032 les bx, ptr [bp - 0xe]
    0035 les bx, ptr es:[bx]                 | 0035 les bx, ptr es:[bx]
  ! 0038 mov di, bx                          | 0038 mov word ptr [bp - 0x16], bx
    003A mov word ptr [bp - 0x14], es        | 003B mov word ptr [bp - 0x14], es
    003D cmp word ptr es:[bx], -1            | 003E cmp word ptr es:[bx], -1
    0041 jne 0x67                            | 0042 jne 0x68
    0043 push es                             | 0044 push es
  ! 0044 push di                             | 0045 push bx
  !                                          | 0046 push word ptr [bp - 0x2c]
    0045 push word ptr [bp - 0x2e]           | 0049 push word ptr [bp - 0x2e]
  ! 0048 push word ptr [bp - 0x30]           |
    004B lcall 0x1ce2, 0x5fb                 | 004C lcall 0x1ce2, 0x5fb
    0050 add sp, 8                           | 0051 add sp, 8
    0053 mov ax, 2                           | 0054 mov ax, 2
    0056 push ax                             | 0057 push ax
  ! 0057 push word ptr [bp - 0x2c]           | 0058 push word ptr [bp - 0x2a]
    005A lcall 0x1a53, 0x2eb                 | 005B lcall 0x1a53, 0x2eb
    005F pop bx                              | 0060 pop bx
    0060 pop bx                              | 0061 pop bx
    0061 mov ax, 1                           | 0062 mov ax, 1
  ! 0064 jmp 0x2ab                           | 0065 jmp 0x29f
      ... 8 equal instructions ...
  !                                          | 0081 mov di, word ptr [bp - 0x16]
    0080 mov es, word ptr [bp - 0x14]        | 0084 mov es, word ptr [bp - 0x14]
    0083 cmp word ptr es:[di], 0             | 0087 cmp word ptr es:[di], 0
  ! 0087 jne 0xba                            | 008B jne 0xc0
      ... 7 equal instructions ...
  !                                          | 009D push word ptr [bp - 0x2c]
    0099 push word ptr [bp - 0x2e]           | 00A0 push word ptr [bp - 0x2e]
  ! 009C push word ptr [bp - 0x30]           |
    009F lcall 0x1b4e, 0x5e                  | 00A3 lcall 0x1b4e, 0x5e
  ! 00A4 jmp 0x50                            | 00A8 jmp 0x51
  ! 00A6 mov cx, es                          | 00AA mov ax, di
  ! 00A8 add di, 8                           | 00AC mov dx, es
  ! 00AB push cx                             | 00AE add ax, 8
  ! 00AC push di                             | 00B1 push dx
  !                                          | 00B2 push ax
  !                                          | 00B3 push word ptr [bp - 0x2c]
    00AD push word ptr [bp - 0x2e]           | 00B6 push word ptr [bp - 0x2e]
  ! 00B0 push word ptr [bp - 0x30]           |
    00B3 lcall 0x1b4e, 0x3b                  | 00B9 lcall 0x1b4e, 0x3b
  ! 00B8 jmp 0x50                            | 00BE jmp 0x51
  ! 00BA mov word ptr [bp - 0x16], di        | 00C0 cmp word ptr es:[di], 3
  ! 00BD mov bx, di                          |
  ! 00BF cmp word ptr es:[bx], 3             |
    00C3 jne 0x53                            | 00C4 jne 0x54
    00C5 cmp byte ptr [0x5a97], 2            | 00C6 cmp byte ptr [0x5a97], 2
    00CA je 0xcf                             | 00CB je 0xd0
  ! 00CC jmp 0x16d                           | 00CD jmp 0x15d
  ! 00CF mov di, word ptr [bp - 0x30]        | 00D0 mov ax, word ptr [bp - 0x2e]
  ! 00D2 mov ax, di                          |
    00D4 and al, 0xfe                        | 00D3 and al, 0xfe
    00D6 mov cx, ax                          | 00D5 mov cx, ax
  ! 00D8 add ax, word ptr es:[bx + 8]        | 00D7 add ax, word ptr es:[di + 8]
    00DC add ax, 3                           | 00DB add ax, 3
    00DF and al, 0xfe                        | 00DE and al, 0xfe
    00E1 mov word ptr [bp - 0x10], ax        | 00E0 mov word ptr [bp - 0x10], ax
  ! 00E4 mov dx, word ptr es:[bx + 0xa]      | 00E3 mov dx, word ptr es:[di + 0xa]
  ! 00E8 add dx, word ptr [bp - 0x2e]        | 00E7 add dx, word ptr [bp - 0x2c]
    00EB mov word ptr [bp - 0x12], dx        | 00EA mov word ptr [bp - 0x12], dx
    00EE push dx                             | 00ED push dx
    00EF push ax                             | 00EE push ax
  ! 00F0 push word ptr [bp - 0x2e]           | 00EF push word ptr [bp - 0x2c]
    00F3 push cx                             | 00F2 push cx
  ! 00F4 mov word ptr [bp - 0x18], cx        | 00F3 mov si, cx
  !                                          | 00F5 mov word ptr [bp - 0x1a], di
  !                                          | 00F8 mov word ptr [bp - 0x18], es
      ... 5 equal instructions ...
  ! 0105 mov si, ax                          | 0109 mov word ptr [bp - 0xe], ax
    0107 mov word ptr [bp - 0xc], dx         | 010C mov word ptr [bp - 0xc], dx
  ! 010A mov ax, dx                          | 010F push dx
    010C push ax                             | 0110 push ax
  ! 010D push si                             |
    010E push word ptr [bp - 0x12]           | 0111 push word ptr [bp - 0x12]
    0111 push word ptr [bp - 0x10]           | 0114 push word ptr [bp - 0x10]
  ! 0114 push word ptr [bp - 0x2e]           | 0117 push word ptr [bp - 0x2c]
  ! 0117 push word ptr [bp - 0x18]           | 011A push si
  ! 011A mov word ptr [bp - 0x1c], si        |
  ! 011D mov word ptr [bp - 0x1a], ax        |
    0120 lcall [0x9148]                      | 011B lcall [0x9148]
    0124 add sp, 0xc                         | 011F add sp, 0xc
    0127 sub ax, ax                          | 0122 sub ax, ax
    0129 push ax                             | 0124 push ax
  ! 012A mov ax, di                          | 0125 mov al, byte ptr [bp - 0x2e]
    012C and ax, 1                           | 0128 and ax, 1
    012F push ax                             | 012B push ax
  ! 0130 push word ptr [bp - 0x1a]           | 012C push word ptr [bp - 0xc]
  ! 0133 push word ptr [bp - 0x1c]           | 012F push word ptr [bp - 0xe]
  ! 0136 mov ax, word ptr [bp - 0x16]        | 0132 mov ax, word ptr [bp - 0x1a]
  ! 0139 mov dx, word ptr [bp - 0x14]        | 0135 mov dx, word ptr [bp - 0x18]
      ... 5 equal instructions ...
  ! 0149 push word ptr [bp - 0x1a]           | 0145 push word ptr [bp - 0xc]
  ! 014C push word ptr [bp - 0x1c]           | 0148 push word ptr [bp - 0xe]
  ! 014F push word ptr [bp - 0x2e]           | 014B push word ptr [bp - 0x2c]
  ! 0152 push word ptr [bp - 0x18]           | 014E push si
    0155 lcall 0x1b4e, 0x3b                  | 014F lcall 0x1b4e, 0x3b
    015A add sp, 8                           | 0154 add sp, 8
  ! 015D push word ptr [bp - 0x1a]           | 0157 mov si, word ptr [bp - 0xe]
  ! 0160 push word ptr [bp - 0x1c]           | 015A jmp 0x28e
  ! 0163 lcall 0x171c, 0x2276                | 015D mov ax, word ptr [bp - 0x2e]
  ! 0168 pop bx                              |
  ! 0169 pop bx                              |
  ! 016A jmp 0x53                            |
  ! 016D mov di, word ptr [bp - 0x30]        |
  ! 0170 mov ax, di                          |
    0172 and al, 0xf8                        | 0160 and al, 0xf8
    0174 mov cx, ax                          | 0162 mov cx, ax
  ! 0176 add ax, word ptr es:[bx + 8]        | 0164 add ax, word ptr es:[di + 8]
    017A add ax, 0xf                         | 0168 add ax, 0xf
    017D and al, 0xf8                        | 016B and al, 0xf8
    017F mov word ptr [bp - 0x10], ax        | 016D mov word ptr [bp - 0x10], ax
  ! 0182 mov dx, word ptr es:[bx + 0xa]      | 0170 mov dx, word ptr es:[di + 0xa]
  ! 0186 add dx, word ptr [bp - 0x2e]        | 0174 add dx, word ptr [bp - 0x2c]
    0189 mov word ptr [bp - 0x12], dx        | 0177 mov word ptr [bp - 0x12], dx
    018C push dx                             | 017A push dx
    018D push ax                             | 017B push ax
  ! 018E push word ptr [bp - 0x2e]           | 017C push word ptr [bp - 0x2c]
    0191 push cx                             | 017F push cx
    0192 mov si, cx                          | 0180 mov si, cx
    0194 lcall [0x9140]                      | 0182 lcall [0x9140]
    0198 add sp, 8                           | 0186 add sp, 8
  ! 019B mov word ptr [bp - 0xa], ax         | 0189 mov word ptr [bp - 6], ax
    019E push ax                             | 018C push ax
    019F push word ptr [bp - 0x12]           | 018D push word ptr [bp - 0x12]
    01A2 push word ptr [bp - 0x10]           | 0190 push word ptr [bp - 0x10]
  ! 01A5 push word ptr [bp - 0x2e]           | 0193 push word ptr [bp - 0x2c]
      ... 7 equal instructions ...
  ! 01B8 mov cx, word ptr [bp - 0xa]         | 01A6 mov cx, word ptr [bp - 6]
    01BB inc cx                              | 01A9 inc cx
    01BC push cx                             | 01AA push cx
  ! 01BD mov word ptr [bp - 0x1e], ax        | 01AB mov word ptr [bp - 0x1c], ax
    01C0 lcall 0x171c, 0x2208                | 01AE lcall 0x171c, 0x2208
    01C5 pop bx                              | 01B3 pop bx
    01C6 mov si, ax                          | 01B4 mov si, ax
    01C8 mov word ptr [bp - 0xc], dx         | 01B6 mov word ptr [bp - 0xc], dx
  ! 01CB mov bx, ax                          | 01B9 mov bx, si
    01CD mov es, dx                          | 01BB mov es, dx
  ! 01CF add bx, word ptr [bp - 0xa]         | 01BD add bx, word ptr [bp - 6]
      ... 5 equal instructions ...
  ! 01DE push word ptr [bp - 0x2e]           | 01CC push word ptr [bp - 0x2c]
  ! 01E1 push word ptr [bp - 0x1e]           | 01CF push word ptr [bp - 0x1c]
  ! 01E4 mov word ptr [bp - 0x22], ax        | 01D2 mov word ptr [bp - 0x20], ax
  ! 01E7 mov word ptr [bp - 0x20], dx        | 01D5 mov word ptr [bp - 0x1e], dx
  ! 01EA mov word ptr [bp - 0x26], bx        | 01D8 mov word ptr [bp - 0x24], bx
  ! 01ED mov word ptr [bp - 0x24], es        | 01DB mov word ptr [bp - 0x22], es
    01F0 lcall [0x9148]                      | 01DE lcall [0x9148]
    01F4 add sp, 0xc                         | 01E2 add sp, 0xc
  ! 01F7 les bx, ptr [bp - 0x26]             | 01E5 les bx, ptr [bp - 0x24]
    01FA mov al, byte ptr es:[bx]            | 01E8 mov al, byte ptr es:[bx]
    01FD sub ah, ah                          | 01EB sub ah, ah
    01FF push ax                             | 01ED push ax
  ! 0200 les bx, ptr [bp - 0x22]             | 01EE les bx, ptr [bp - 0x20]
      ... 15 equal instructions ...
  ! 0223 mov ax, di                          | 0211 mov al, byte ptr [bp - 0x2e]
    0225 and ax, 7                           | 0214 and ax, 7
    0228 push ax                             | 0217 push ax
    0229 push word ptr [bp - 0xc]            | 0218 push word ptr [bp - 0xc]
    022C push si                             | 021B push si
  ! 022D mov ax, word ptr [bp - 0x16]        | 021C mov ax, di
      ... 5 equal instructions ...
  ! 023D jmp 0x25c                           | 022B jmp 0x248
    023F sub ax, ax                          | 022D sub ax, ax
    0241 push ax                             | 022F push ax
  ! 0242 mov ax, di                          | 0230 mov al, byte ptr [bp - 0x2e]
    0244 and ax, 7                           | 0233 and ax, 7
    0247 push ax                             | 0236 push ax
    0248 push word ptr [bp - 0xc]            | 0237 push word ptr [bp - 0xc]
    024B push si                             | 023A push si
  ! 024C mov ax, word ptr [bp - 0x16]        | 023B mov cx, word ptr [bp - 0x14]
  ! 024F mov dx, word ptr [bp - 0x14]        | 023E add di, 8
  ! 0252 add ax, 8                           | 0241 push cx
  ! 0255 push dx                             | 0242 push di
  ! 0256 push ax                             |
    0257 lcall 0x35a6, 7                     | 0243 lcall 0x35a6, 7
    025C add sp, 0xc                         | 0248 add sp, 0xc
    025F mov bx, si                          | 024B mov bx, si
    0261 mov es, word ptr [bp - 0xc]         | 024D mov es, word ptr [bp - 0xc]
  ! 0264 mov si, word ptr [bp - 0xa]         | 0250 mov di, word ptr [bp - 6]
  ! 0267 mov al, byte ptr es:[bx + si]       | 0253 mov al, byte ptr es:[bx + di]
      ... 11 equal instructions ...
  ! 027B mov si, bx                          | 0267 mov di, bx
  ! 027D mov word ptr [bp - 0x2a], si        | 0269 mov word ptr [bp - 0x28], di
  ! 0280 mov word ptr [bp - 0x28], es        | 026C mov word ptr [bp - 0x26], es
    0283 lcall 0x277d, 0xa                   | 026F lcall 0x277d, 0xa
    0288 add sp, 0xa                         | 0274 add sp, 0xa
  !                                          | 0277 push word ptr [bp - 0x26]
    028B push word ptr [bp - 0x28]           | 027A push word ptr [bp - 0x28]
  ! 028E push word ptr [bp - 0x2a]           | 027D push word ptr [bp - 0x2c]
  ! 0291 push word ptr [bp - 0x2e]           | 0280 mov ax, word ptr [bp - 0x2e]
  ! 0294 and di, 0xfff8                      | 0283 and al, 0xf8
  ! 0297 push di                             | 0285 push ax
    0298 lcall 0x1b4e, 0x3b                  | 0286 lcall 0x1b4e, 0x3b
    029D add sp, 8                           | 028B add sp, 8
  ! 02A0 push word ptr [bp - 0x28]           | 028E mov ax, word ptr [bp - 0xc]
  !                                          | 0291 push ax
  !                                          | 0292 push si
  !                                          | 0293 lcall 0x171c, 0x2276
  !                                          | 0298 pop bx
  !                                          | 0299 pop bx
  !                                          | 029A jmp 0x54
  !                                          | 029D sub ax, ax
  !                                          | 029F pop si
  !                                          | 02A0 pop di
  !                                          | 02A1 mov sp, bp
  !                                          | 02A3 pop bp
  !                                          | 02A4 retf
  relocations expected ['0x25c42', '0x25bd2', '0x25b6f', '0x25a2e', '0x25c16', '0x25c59', '0x25b22', '0x25a8c', '0x25a1f', '0x25bf9', '0x25b81', '0x25ad6', '0x25a76', '0x25b10', '0x25c66', '0x259f1']
  relocations candidate ['0x25c6b', '0x25c56', '0x25c2a', '0x25c0b', '0x25be4', '0x25b93', '0x25b81', '0x25b36', '0x25b28', '0x25b14', '0x25ad2', '0x25a86', '0x25a72', '0x25a2d', '0x25a1e', '0x259f1']
