ch_LookUpId [root:1A96] build/workers/fleet_root/lookup-controls/007_chain1-first1-wrap1.c  msc600ax /AL /Os /Oeg /Gs /Zi
  EXACT 354 bytes, 16 fixups, 2 relocations (order EXACT)
  frame: candidate 24  original 24   instructions 138 vs 138
candidate slots (listing):
  [bp-0x08] p
  [bp-0x0a] i
  [bp-0x0c] probes
  [bp-0x12] count
  [bp-0x14] start
  [bp-0x16] handle
  [bp-0x18] base
  [bp+0x06] object
  [bp+0x08] type
  [bp+0x0a] table
slot correspondence (our slot -> original slot xN):
  [bp-0x18] base                   -> -0x18x2   same
  [bp-0x16] handle                 -> -0x16x5   same
  [bp-0x14] start                  -> -0x14x6   same
  [bp-0x12] count                  -> -0x12x3   same
  [bp-0x0c] probes                 -> -0x0cx5   same
  [bp-0x0a] i                      -> -0x0ax2   same
  [bp-0x08] p                      -> -0x08x3   same
  [bp-0x06] (unnamed)              -> -0x06x1   same
  [bp+0x06] object                 -> +0x06x4   same
  [bp+0x07] (unnamed)              -> +0x07x1   same
  [bp+0x08] type                   -> +0x08x4   same
  [bp+0x0a] table                  -> +0x0ax3   same
  [bp+0x0c] (unnamed)              -> +0x0cx1   same
non-BP differences: 0
