S00:31AD@2AB4 COMPILED_REUSED
S00:31AD COMPILED_REUSED
S00:3126 COMPILED_REUSED
S00:35A6 COMPILED_REUSED
S01:3126 COMPILED_REUSED
S01:328E COMPILED_REUSED
S01:32B5 COMPILED_REUSED
S02:3126 COMPILED_REUSED
S03:3126 COMPILED_REUSED
S03:3253 COMPILED_REUSED
S03:3258 COMPILED_REUSED
S04:35F5 COMPILED_REUSED
S05:35F5 COMPILED_REUSED
S05:3663 COMPILED_REUSED
S06:35F5 COMPILED_REUSED
S07:35F5 COMPILED_REUSED
S08:35F5 COMPILED_REUSED
S09:36EE COMPILED_REUSED
S09:35F5 COMPILED_REUSED
S10:35F5 COMPILED_REUSED
S11:35F5 COMPILED_REUSED
S12:384C COMPILED_REUSED
S13:384C COMPILED_REUSED
S14:384C COMPILED_REUSED
S15:384C COMPILED_REUSED
S16:384C COMPILED_REUSED
S17:384C COMPILED_REUSED
S18:384C COMPILED_REUSED
S19:384C COMPILED_REUSED
S20:39C7 COMPILED_REUSED
S20:39F1 COMPILED_REUSED
S21:39C7 COMPILED_REUSED
S22:39C7 COMPILED_REUSED
S22:3BBD COMPILED_REUSED
S23:39C7 COMPILED_REUSED
S24:39C7 COMPILED_REUSED
S25:39C7 COMPILED_REUSED
S25:3BA4 COMPILED_REUSED
S26:39C7 COMPILED_REUSED
data:3D57 COMPILED_REUSED
data:3E1D COMPILED_REUSED
data:55B3@0042 COMPILED_REUSED
data:55B3@0064 COMPILED_REUSED
data:55B3@00B8 COMPILED_REUSED
root:0000 COMPILED_REUSED
root:004A COMPILED_REUSED
root:0093 COMPILED_REUSED
root:00BA COMPILED_REUSED
root:00DE COMPILED_REUSED
root:00DF COMPILED_REUSED
root:00F8 COMPILED_REUSED
root:0244 COMPILED_REUSED
root:015B COMPILED_REUSED
root:0250 COMPILED_REUSED
root:075B COMPILED_REUSED
root:0798 COMPILED_REUSED
root:078E COMPILED_REUSED
root:0894 COMPILED_REUSED
root:0AD9 COMPILED_REUSED
root:0CDB COMPILED_REUSED
root:0BE8 COMPILED_REUSED
root:0DEF COMPILED_REUSED
root:0E2E COMPILED_REUSED
root:0EC1 COMPILED_REUSED
root:0F3F COMPILED_REUSED
root:10F7 COMPILED_REUSED
root:1383 COMPILED_REUSED
root:1496 COMPILED_REUSED
root:14EE COMPILED_REUSED
root:15D9 COMPILED_REUSED
root:15F8 COMPILED_REUSED
root:1629 COMPILED_REUSED
root:1699 COMPILED_REUSED
root:171C COMPILED_REUSED
root:16B5 COMPILED_REUSED
root:194D COMPILED_REUSED
root:1959 COMPILED_REUSED
root:195A COMPILED_REUSED
root:1986 COMPILED_REUSED
root:19A9 COMPILED_REUSED
root:19DC COMPILED_REUSED
root:1A28 COMPILED_REUSED
root:1A53 COMPILED_REUSED
root:1A96 COMPILED_REUSED
root:1B28 COMPILED_REUSED
root:1B05 COMPILED_REUSED
root:1B4E COMPILED_REUSED
root:1B73 COMPILED_REUSED
root:1C62 COMPILED_REUSED
root:1D8E COMPILED_REUSED
root:1CE2 COMPILED_REUSED
root:1E57 COMPILED_REUSED
root:1F58 COMPILED_REUSED
root:1F66 COMPILED_REUSED
root:1F80 COMPILED_REUSED
root:1FAA COMPILED_REUSED
root:1FBD COMPILED_REUSED
root:1FD2 COMPILED_REUSED
root:205F COMPILED_REUSED
root:208F COMPILED_REUSED
root:20E8 COMPILED_REUSED
root:218D COMPILED_REUSED
root:21FA COMPILED_REUSED
root:22BF COMPILED_REUSED
root:23AE COMPILED_REUSED
root:23E6 COMPILED_REUSED
root:24AB COMPILED_REUSED
root:24FA COMPILED_REUSED
root:2505 COMPILED_REUSED
root:259D COMPILED_REUSED
root:2650 COMPILED_REUSED
root:25E7 COMPILED_REUSED
root:2662 COMPILED_REUSED
root:277D COMPILED_REUSED
root:277E COMPILED_REUSED
root:2815 COMPILED_REUSED
root:283E COMPILED_REUSED
root:28BC COMPILED_REUSED
root:284A COMPILED_REUSED
root:290D COMPILED_REUSED
root:293A COMPILED_REUSED
root:295C COMPILED_REUSED
root:29B8 COMPILED_REUSED
root:29BF COMPILED_REUSED
root:29D6 COMPILED_REUSED
root:2CFB COMPILED_REUSED
root:29F0 COMPILED_REUSED
SOURCE_ONLY_DOS INCOMPLETE: 127 TUs; report D:\Prog\simant_recon\build\source-only-dos\build-report.json
data dispositions still need source-built semantic resolution
512 unresolved source symbols
fixed DOS data-offset dependency needs symbolic/placement resolution
independent link refused: incomplete source/data preflight
