
 Start  Stop   Length Name                   Class               Group
 00000H 003C3H 003C4H MAIN_TEXT              CODE
 003C4H 003C4H 00000H OW46_TEXT              CODE
 003C4H 014B9H 010F6H _TEXT                  CODE
 014C0H 014C1H 00002H EMULATOR_TEXT          CODE
 014C2H 014C2H 00000H C_ETEXT                ENDCODE
 014D0H 014D0H 00000H EMULATOR_DATA          FAR_DATA
 014D0H 016F9H 0022AH FAR_BSS                FAR_BSS
 01700H 01741H 00042H NULL                   BEGDATA             DGROUP
 01742H 01AB9H 00378H _DATA                  DATA                DGROUP
 01ABAH 01ABBH 00002H XIQC                   DATA                DGROUP
 01ABCH 01AC9H 0000EH DBDATA                 DATA                DGROUP
 01ACAH 01AD7H 0000EH CDATA                  DATA                DGROUP
 01AD8H 01AD8H 00000H XIFB                   DATA                DGROUP
 01AD8H 01AD8H 00000H XIF                    DATA                DGROUP
 01AD8H 01AD8H 00000H XIFE                   DATA                DGROUP
 01AD8H 01AD8H 00000H XIB                    DATA                DGROUP
 01AD8H 01AD8H 00000H XI                     DATA                DGROUP
 01AD8H 01AD8H 00000H XIE                    DATA                DGROUP
 01AD8H 01AD8H 00000H XPB                    DATA                DGROUP
 01AD8H 01ADBH 00004H XP                     DATA                DGROUP
 01ADCH 01ADCH 00000H XPE                    DATA                DGROUP
 01ADCH 01ADCH 00000H XCB                    DATA                DGROUP
 01ADCH 01ADCH 00000H XC                     DATA                DGROUP
 01ADCH 01ADCH 00000H XCE                    DATA                DGROUP
 01ADCH 01ADCH 00000H XCFB                   DATA                DGROUP
 01ADCH 01ADCH 00000H XCF                    DATA                DGROUP
 01ADCH 01ADCH 00000H XCFE                   DATA                DGROUP
 01ADCH 01AE1H 00006H CONST                  CONST               DGROUP
 01AE2H 01AE9H 00008H HDR                    MSG                 DGROUP
 01AEAH 01BBFH 000D6H MSG                    MSG                 DGROUP
 01BC0H 01BC1H 00002H PAD                    MSG                 DGROUP
 01BC2H 01BC2H 00001H EPAD                   MSG                 DGROUP
 01BC4H 01BC4H 00000H _BSS                   BSS                 DGROUP
 01BC4H 01BC4H 00000H XOB                    BSS                 DGROUP
 01BC4H 01BC4H 00000H XO                     BSS                 DGROUP
 01BC4H 01BC4H 00000H XOE                    BSS                 DGROUP
 01BD0H 01DCFH 00200H c_common               BSS                 DGROUP
 01DD0H 025CFH 00800H STACK                  STACK               DGROUP

 Section# Fname          Faddr  Maddr  Size   Father   Section Name
    1H    PROBE.EXE      00200H 00000H 025D0H    0H

 Origin   Group
 0170:0   DGROUP

  Address         Publics by Name

 003C:0014       $$MAIN
 0000:0015       @charWindowIndex
 0000:0019       @setHook
 0000:0011       @windowIndex
 0170:019E       STKHQQ
 0000:0000       _callback
 014D:0000       _calls
 0170:04C4       _edata
 0170:06D0       _end
 0170:0185       _environ
 0170:015C       _errno
 003C:01D9       _exit
 003C:09D2       _fflush
 003C:0A52       _flushall
 003C:0638       _fwrite
 003C:0AA6       _lseek
 0000:003E       _main
 003C:0C94       _malloc
 003C:0FF6       _memcpy
 003C:0F6C       _puts
 003C:0C80       _stackavail
 003C:0F54       _strlen
 014D:0002       _win_drawHooks
 014D:00BA       _win_offsets
 003C:0B20       _write
 0170:019A       __aaltstkovr
 0170:0140       __acfinfo
 0000:9876  Abs  __acrtmsg
 0000:9876  Abs  __acrtused
 0000:D6D6  Abs  __aDBdoswp
 0170:0196       __adbgmsg
 0170:0124       __aexit_rtn
 003C:02C4       __aFchkstk
 0000:1000  Abs  __AHINCR
 0000:000C  Abs  __AHSHIFT
 0170:014E       __aintdiv
 0170:03B8       __amblksiz
 003C:00EF       __amsg_exit
 0170:0042       __anullsize
 0170:013C       __aseghi
 0170:013E       __aseglo
 0170:0126       __asizds
 003C:0014       __astart
 0170:0122       __atopsp
 0170:04D0       __bufin
 003C:01E8       __cexit
 0170:01B8       __cflush
 0170:018E       __child
 003C:02C4       __chkstk
 003C:0114       __cinit
 003C:00DF       __cintDIV
 003C:025C       __ctermsub
 003C:01F2       __c_exit
 003C:0111       __dataseg
 0170:0167       __doserrno
 003C:05E2       __dosret0
 003C:05F7       __dosretax
 003C:05EA       __dosreturn
 0170:0164       __dosvermajor
 0170:0165       __dosverminor
 0170:04C4       __edata
 014C:0000       __EmDataSeg
 0170:06D0       __end
 003C:01E0       __exit
 0170:0152       __fac
 003C:0C9A       __ffree
 003C:029C       __FF_MSGBANNER
 0170:03AA       __fheap
 003C:0EF0       __findlast
 003C:07D0       __flsbuf
 003C:0CAD       __fmalloc
 003C:1054       __fmemcpy
 003C:10B2       __fmemset
 0170:03CC       __fpinit
 003C:02BE       __fptrap
 003C:0989       __ftbuf
 003C:08BC       __getbuf
 003C:0E10       __growseg
 003C:0E9F       __incseg
 003C:0D2A       __initseg
 0170:0191       __intno
 0170:01BA       __iob
 0170:02AA       __iob2
 0170:039A       __lastiob
 003C:0D5E       __linkseg
 003C:0604       __maperror
 003C:05BC       __myalloc
 003C:0F10       __newseg
 0170:0169       __nfile
 0170:0128       __nheap_desc
 003C:055A       __NMSG_TEXT
 003C:0585       __NMSG_WRITE
 003C:02E8       __nullcheck
 0170:0167       __oserr
 0170:016B       __osfile
 0170:0164       __osmajor
 0170:0165       __osminor
 0170:0166       __osmode
 0170:0164       __osversion
 0170:0190       __ovlflag
 0170:0192       __ovlvec
 0170:0189       __pgmptr
 0170:0162       __psp
 0170:0160       __pspadr
 003C:0D94       __searchseg
 003C:030C       __setargv
 003C:04BA       __setenvp
 003C:0908       __stbuf
 0170:015E       __umaskval
 0170:03C2       ___aDBexit
 0170:03C8       ___aDBptrchk
 0170:03C0       ___aDBrterr
 0170:03BE       ___aDBswpchk
 0170:03BC       ___aDBswpflg
 0170:017F       ___argc
 0170:0181       ___argv
 0170:03BA       ___qczrinit

  Address         Publics by Value

 0000:0000       _callback
 0000:000C  Abs  __AHSHIFT
 0000:1000  Abs  __AHINCR
 0000:9876  Abs  __acrtmsg
 0000:9876  Abs  __acrtused
 0000:D6D6  Abs  __aDBdoswp
 0000:0011       @windowIndex
 0000:0015       @charWindowIndex
 0000:0019       @setHook
 0000:003E       _main
 003C:0014       $$MAIN
 003C:0014       __astart
 003C:00DF       __cintDIV
 003C:00EF       __amsg_exit
 003C:0111       __dataseg
 003C:0114       __cinit
 003C:01D9       _exit
 003C:01E0       __exit
 003C:01E8       __cexit
 003C:01F2       __c_exit
 003C:025C       __ctermsub
 003C:029C       __FF_MSGBANNER
 003C:02BE       __fptrap
 003C:02C4       __aFchkstk
 003C:02C4       __chkstk
 003C:02E8       __nullcheck
 003C:030C       __setargv
 003C:04BA       __setenvp
 003C:055A       __NMSG_TEXT
 003C:0585       __NMSG_WRITE
 003C:05BC       __myalloc
 003C:05E2       __dosret0
 003C:05EA       __dosreturn
 003C:05F7       __dosretax
 003C:0604       __maperror
 003C:0638       _fwrite
 003C:07D0       __flsbuf
 003C:08BC       __getbuf
 003C:0908       __stbuf
 003C:0989       __ftbuf
 003C:09D2       _fflush
 003C:0A52       _flushall
 003C:0AA6       _lseek
 003C:0B20       _write
 003C:0C80       _stackavail
 003C:0C94       _malloc
 003C:0C9A       __ffree
 003C:0CAD       __fmalloc
 003C:0D2A       __initseg
 003C:0D5E       __linkseg
 003C:0D94       __searchseg
 003C:0E10       __growseg
 003C:0E9F       __incseg
 003C:0EF0       __findlast
 003C:0F10       __newseg
 003C:0F54       _strlen
 003C:0F6C       _puts
 003C:0FF6       _memcpy
 003C:1054       __fmemcpy
 003C:10B2       __fmemset
 014C:0000       __EmDataSeg
 014D:0000       _calls
 014D:0002       _win_drawHooks
 014D:00BA       _win_offsets
 0170:0042       __anullsize
 0170:0122       __atopsp
 0170:0124       __aexit_rtn
 0170:0126       __asizds
 0170:0128       __nheap_desc
 0170:013C       __aseghi
 0170:013E       __aseglo
 0170:0140       __acfinfo
 0170:014E       __aintdiv
 0170:0152       __fac
 0170:015C       _errno
 0170:015E       __umaskval
 0170:0160       __pspadr
 0170:0162       __psp
 0170:0164       __dosvermajor
 0170:0164       __osmajor
 0170:0164       __osversion
 0170:0165       __dosverminor
 0170:0165       __osminor
 0170:0166       __osmode
 0170:0167       __doserrno
 0170:0167       __oserr
 0170:0169       __nfile
 0170:016B       __osfile
 0170:017F       ___argc
 0170:0181       ___argv
 0170:0185       _environ
 0170:0189       __pgmptr
 0170:018E       __child
 0170:0190       __ovlflag
 0170:0191       __intno
 0170:0192       __ovlvec
 0170:0196       __adbgmsg
 0170:019A       __aaltstkovr
 0170:019E       STKHQQ
 0170:01B8       __cflush
 0170:01BA       __iob
 0170:02AA       __iob2
 0170:039A       __lastiob
 0170:03AA       __fheap
 0170:03B8       __amblksiz
 0170:03BA       ___qczrinit
 0170:03BC       ___aDBswpflg
 0170:03BE       ___aDBswpchk
 0170:03C0       ___aDBrterr
 0170:03C2       ___aDBexit
 0170:03C8       ___aDBptrchk
 0170:03CC       __fpinit
 0170:04C4       _edata
 0170:04C4       __edata
 0170:04D0       __bufin
 0170:06D0       _end
 0170:06D0       __end
