.RTLink(R)/Plus  with Virtual Memory/Overlays/RTLs/CodeView/Profiler  Ver. 4.00
(C) Copyright Pocket Soft Inc., 1988-1990.  All Rights Reserved.

Serial# 854-002-0162

Pocket Soft, Inc. is an Authorized Licensee of Microsoft(R) CodeView(R)
Information. "Microsoft" and "CodeView" are registered trademarks of
Microsoft Corporation.

=> OUTPUT APIONLY
=> MAP = APIONLY S,N,A,L,V,X
=> NODEFLIB
=> FILE APIONLY
=> LIBRARY LLIBCR, LIBH
=> VERBOSE
=> 
**** LOAD OBJECT CODE ****
APIONLY.OBJ(APIONLY.C)
**** LIBRARY SEARCH ****
LLIBCR.LIB(dos\crt0.asm)
LLIBCR.LIB(dos\crt0dat.asm)
LLIBCR.LIB(dos\crt0msg.asm)
LLIBCR.LIB(crt0fp.asm)
LLIBCR.LIB(chksum.asm)
LLIBCR.LIB(dos\stdargv.asm)
LLIBCR.LIB(dos\stdenvp.asm)
LLIBCR.LIB(dos\nmsghdr.asm)
LLIBCR.LIB(dos\stdalloc.asm)
LLIBCR.LIB(malloc.asm)
LLIBCR.LIB(free.asm)
LLIBCR.LIB(fmalloc.asm)
LLIBCR.LIB(fdata.asm)
LLIBCR.LIB(initseg.asm)
LLIBCR.LIB(linkseg.asm)
LLIBCR.LIB(searchsg.asm)
LLIBCR.LIB(growseg.asm)
LLIBCR.LIB(newseg.asm)
**** ASSIGN ADDRESSES ****
**** WRITING EXECUTABLE ****
5K
**** PRINT MAP ****
