[base.c] MISMATCH: length 260 != target 261; bytes differ (first at +0x1d, 220 differing); relocation set differs (5 vs 5)  (opcode similarity 0.904, 100 vs 97 insns)
      ... 11 equal instructions ...
  !                                          | 12A9 mov ax, 0x1c
  !                                          | 12AC imul word ptr [bp + 6]
  !                                          | 12AF mov word ptr [bp - 0x1c], ax
  !                                          | 12B2 mov cx, ax
    12A9 mov ax, 0xa                         | 12B4 mov ax, 0xa
    12AC imul word ptr [bp + 8]              | 12B7 imul word ptr [bp + 8]
  !                                          | 12BA mov word ptr [bp - 0x1a], ax
    12AF mov es, word ptr [0x86dc]           | 12BD mov es, word ptr [0x86dc]
  ! 12B3 mov cx, word ptr es:[0x10d2]        | 12C1 mov dx, word ptr es:[0x10d2]
  ! 12B8 mov word ptr [bp - 0x1c], cx        | 12C6 mov word ptr [bp - 0x18], dx
  ! 12BB sub cx, ax                          | 12C9 sub dx, ax
  ! 12BD mov dx, ax                          | 12CB add cx, dx
  ! 12BF mov ax, 0x1c                        | 12CD mov word ptr [bp - 6], cx
  ! 12C2 mov bx, dx                          |
  ! 12C4 imul word ptr [bp + 6]              |
  ! 12C7 add cx, ax                          |
  ! 12C9 mov word ptr [bp - 0xa], cx         |
    12CC mov cx, word ptr es:[0x10d4]        | 12D0 mov cx, word ptr es:[0x10d4]
    12D1 mov word ptr [bp - 0x1e], cx        | 12D5 mov word ptr [bp - 0x1e], cx
  ! 12D4 mov dx, bx                          | 12D8 add ax, cx
  ! 12D6 add bx, cx                          | 12DA mov word ptr [bp - 4], ax
  ! 12D8 mov word ptr [bp - 8], bx           | 12DD mov si, word ptr [bp - 0x1c]
  ! 12DB sub ax, dx                          | 12E0 sub si, word ptr [bp - 0x1a]
  ! 12DD mov word ptr [bp - 6], ax           | 12E3 mov di, word ptr [bp - 0x1a]
  ! 12E0 mov di, dx                          |
    12E2 cmp word ptr [0x3db2], 0x140        | 12E6 cmp word ptr [0x3db2], 0x140
  ! 12E8 jne 0x133f                          | 12EC jne 0x133d
  ! 12EA sar ax, 1                           | 12EE sar si, 1
  ! 12EC add ax, word ptr [bp - 0x1c]        | 12F0 sar di, 1
  !                                          | 12F2 mov ax, word ptr [bp - 0x18]
    12EF add ax, 4                           | 12F5 add ax, 4
  ! 12F2 mov word ptr [bp - 6], ax           | 12F8 add si, ax
  ! 12F5 mov word ptr [bp - 0xa], ax         | 12FA mov ax, cx
  ! 12F8 mov ax, di                          |
  ! 12FA sar ax, 1                           |
  ! 12FC add ax, cx                          |
    12FE add ax, 0xa                         | 12FC add ax, 0xa
  ! 1301 mov di, ax                          | 12FF add di, ax
  ! 1303 mov word ptr [bp - 8], di           |
    1306 mov word ptr [bp - 2], 0            | 1301 mov word ptr [bp - 2], 0
  !                                          | 1306 mov word ptr [bp - 6], si
    130B mov word ptr [bp - 4], di           | 1309 mov word ptr [bp - 4], di
    130E cmp word ptr [bp - 2], 4            | 130C cmp word ptr [bp - 2], 4
  ! 1312 jge 0x1374                          | 1310 jge 0x1375
      ... 7 equal instructions ...
  ! 1324 add ax, word ptr [bp - 0xa]         | 1322 add ax, word ptr [bp - 6]
    1327 mov si, bx                          | 1325 mov si, bx
  ! 1329 mov word ptr [bp + si - 0x1a], ax   | 1327 mov word ptr [bp + si - 0x16], ax
      ... 5 equal instructions ...
  ! 1337 mov word ptr [bp + si - 0x18], ax   | 1335 mov word ptr [bp + si - 0x14], ax
    133A inc word ptr [bp - 2]               | 1338 inc word ptr [bp - 2]
    133D jmp 0x130e                          | 133B jmp 0x130c
  ! 133F mov ax, word ptr [bp - 0x1c]        | 133D add si, word ptr [bp - 0x18]
  !                                          | 1340 add di, word ptr [bp - 0x1e]
  !                                          | 1343 mov word ptr [bp - 2], 0
  !                                          | 1348 mov word ptr [bp - 6], si
  !                                          | 134B mov word ptr [bp - 4], di
  !                                          | 134E cmp word ptr [bp - 2], 4
  !                                          | 1352 jge 0x1375
  !                                          | 1354 mov bx, word ptr [bp - 2]
  !                                          | 1357 shl bx, 1
  !                                          | 1359 shl bx, 1
  !                                          | 135B mov ax, word ptr [bx + 0x2a42]
    1342 add ax, word ptr [bp - 6]           | 135F add ax, word ptr [bp - 6]
  ! 1345 mov word ptr [bp - 0xa], ax         |
  ! 1348 add di, word ptr [bp - 0x1e]        |
  ! 134B mov word ptr [bp - 8], di           |
  ! 134E sub bx, bx                          |
  ! 1350 mov word ptr [bp - 4], di           |
  ! 1353 cmp bx, 4                           |
  ! 1356 jge 0x1374                          |
    1358 mov si, bx                          | 1362 mov si, bx
  ! 135A shl si, 1                           | 1364 mov word ptr [bp + si - 0x16], ax
  ! 135C shl si, 1                           | 1367 mov ax, word ptr [bx + 0x2a44]
  ! 135E mov ax, word ptr [si + 0x2a42]      |
  ! 1362 add ax, word ptr [bp - 0xa]         |
  ! 1365 mov word ptr [bp + si - 0x1a], ax   |
  ! 1368 mov ax, word ptr [si + 0x2a44]      |
    136C add ax, di                          | 136B add ax, di
  ! 136E mov word ptr [bp + si - 0x18], ax   | 136D mov word ptr [bp + si - 0x14], ax
  ! 1371 inc bx                              | 1370 inc word ptr [bp - 2]
  ! 1372 jmp 0x1353                          | 1373 jmp 0x134e
    1374 mov ax, 0xffff                      | 1375 mov ax, 0xffff
    1377 push ax                             | 1378 push ax
    1378 push ax                             | 1379 push ax
  ! 1379 lea ax, [bp - 0x1a]                 | 137A lea ax, [bp - 0x16]
      ... 10 equal instructions ...
  relocations expected ['0x39766', '0x39756', '0x3984a', '0x39842', '0x3975d']
  relocations candidate ['0x39756', '0x39849', '0x39841', '0x39766', '0x3975d']
[direct-m320-plus-hv_other-plus-vh.c] MISMATCH: length 260 != target 261; bytes differ (first at +0x1d, 215 differing); relocation set differs (5 vs 5)  (opcode similarity 0.904, 100 vs 97 insns)
      ... 11 equal instructions ...
  !                                          | 12A9 mov ax, 0x1c
  !                                          | 12AC imul word ptr [bp + 6]
  !                                          | 12AF mov word ptr [bp - 0x1c], ax
  !                                          | 12B2 mov cx, ax
    12A9 mov ax, 0xa                         | 12B4 mov ax, 0xa
    12AC imul word ptr [bp + 8]              | 12B7 imul word ptr [bp + 8]
  !                                          | 12BA mov word ptr [bp - 0x1a], ax
    12AF mov es, word ptr [0x86dc]           | 12BD mov es, word ptr [0x86dc]
  ! 12B3 mov cx, word ptr es:[0x10d2]        | 12C1 mov dx, word ptr es:[0x10d2]
  ! 12B8 mov word ptr [bp - 0x1c], cx        | 12C6 mov word ptr [bp - 0x18], dx
  ! 12BB sub cx, ax                          | 12C9 sub dx, ax
  ! 12BD mov dx, ax                          | 12CB add cx, dx
  ! 12BF mov ax, 0x1c                        | 12CD mov word ptr [bp - 6], cx
  ! 12C2 mov bx, dx                          |
  ! 12C4 imul word ptr [bp + 6]              |
  ! 12C7 add cx, ax                          |
  ! 12C9 mov word ptr [bp - 0xa], cx         |
    12CC mov cx, word ptr es:[0x10d4]        | 12D0 mov cx, word ptr es:[0x10d4]
    12D1 mov word ptr [bp - 0x1e], cx        | 12D5 mov word ptr [bp - 0x1e], cx
  ! 12D4 mov dx, bx                          | 12D8 add ax, cx
  ! 12D6 add bx, cx                          | 12DA mov word ptr [bp - 4], ax
  ! 12D8 mov word ptr [bp - 8], bx           | 12DD mov si, word ptr [bp - 0x1c]
  ! 12DB sub ax, dx                          | 12E0 sub si, word ptr [bp - 0x1a]
  ! 12DD mov word ptr [bp - 6], ax           | 12E3 mov di, word ptr [bp - 0x1a]
  ! 12E0 mov di, dx                          |
    12E2 cmp word ptr [0x3db2], 0x140        | 12E6 cmp word ptr [0x3db2], 0x140
  ! 12E8 jne 0x133f                          | 12EC jne 0x133d
  ! 12EA sar ax, 1                           | 12EE sar si, 1
  ! 12EC add ax, word ptr [bp - 0x1c]        | 12F0 sar di, 1
  !                                          | 12F2 mov ax, word ptr [bp - 0x18]
    12EF add ax, 4                           | 12F5 add ax, 4
  ! 12F2 mov word ptr [bp - 6], ax           | 12F8 add si, ax
  ! 12F5 mov word ptr [bp - 0xa], ax         | 12FA mov ax, cx
  ! 12F8 mov ax, di                          |
  ! 12FA sar ax, 1                           |
  ! 12FC add ax, cx                          |
    12FE add ax, 0xa                         | 12FC add ax, 0xa
  ! 1301 mov di, ax                          | 12FF add di, ax
  ! 1303 mov word ptr [bp - 8], di           |
    1306 mov word ptr [bp - 2], 0            | 1301 mov word ptr [bp - 2], 0
  !                                          | 1306 mov word ptr [bp - 6], si
    130B mov word ptr [bp - 4], di           | 1309 mov word ptr [bp - 4], di
    130E cmp word ptr [bp - 2], 4            | 130C cmp word ptr [bp - 2], 4
  ! 1312 jge 0x1374                          | 1310 jge 0x1375
      ... 7 equal instructions ...
  ! 1324 add ax, word ptr [bp - 0xa]         | 1322 add ax, word ptr [bp - 6]
    1327 mov si, bx                          | 1325 mov si, bx
  ! 1329 mov word ptr [bp + si - 0x1a], ax   | 1327 mov word ptr [bp + si - 0x16], ax
      ... 5 equal instructions ...
  ! 1337 mov word ptr [bp + si - 0x18], ax   | 1335 mov word ptr [bp + si - 0x14], ax
    133A inc word ptr [bp - 2]               | 1338 inc word ptr [bp - 2]
    133D jmp 0x130e                          | 133B jmp 0x130c
  ! 133F mov ax, word ptr [bp - 0x1c]        | 133D add si, word ptr [bp - 0x18]
  !                                          | 1340 add di, word ptr [bp - 0x1e]
  !                                          | 1343 mov word ptr [bp - 2], 0
  !                                          | 1348 mov word ptr [bp - 6], si
  !                                          | 134B mov word ptr [bp - 4], di
  !                                          | 134E cmp word ptr [bp - 2], 4
  !                                          | 1352 jge 0x1375
  !                                          | 1354 mov bx, word ptr [bp - 2]
  !                                          | 1357 shl bx, 1
  !                                          | 1359 shl bx, 1
  !                                          | 135B mov ax, word ptr [bx + 0x2a42]
    1342 add ax, word ptr [bp - 6]           | 135F add ax, word ptr [bp - 6]
  ! 1345 mov word ptr [bp - 0xa], ax         |
  ! 1348 add di, word ptr [bp - 0x1e]        |
  ! 134B mov word ptr [bp - 8], di           |
  ! 134E sub bx, bx                          |
  ! 1350 mov word ptr [bp - 4], di           |
  ! 1353 cmp bx, 4                           |
  ! 1356 jge 0x1374                          |
    1358 mov si, bx                          | 1362 mov si, bx
  ! 135A shl si, 1                           | 1364 mov word ptr [bp + si - 0x16], ax
  ! 135C shl si, 1                           | 1367 mov ax, word ptr [bx + 0x2a44]
  ! 135E mov ax, word ptr [si + 0x2a44]      |
    1362 add ax, di                          | 136B add ax, di
  ! 1364 mov word ptr [bp + si - 0x18], ax   | 136D mov word ptr [bp + si - 0x14], ax
  ! 1367 mov ax, word ptr [si + 0x2a42]      | 1370 inc word ptr [bp - 2]
  ! 136B add ax, word ptr [bp - 0xa]         | 1373 jmp 0x134e
  ! 136E mov word ptr [bp + si - 0x1a], ax   |
  ! 1371 inc bx                              |
  ! 1372 jmp 0x1353                          |
    1374 mov ax, 0xffff                      | 1375 mov ax, 0xffff
    1377 push ax                             | 1378 push ax
    1378 push ax                             | 1379 push ax
  ! 1379 lea ax, [bp - 0x1a]                 | 137A lea ax, [bp - 0x16]
      ... 10 equal instructions ...
  relocations expected ['0x39766', '0x39756', '0x3984a', '0x39842', '0x3975d']
  relocations candidate ['0x39756', '0x39849', '0x39841', '0x39766', '0x3975d']
