
 Start  Stop   Length Name                   Class               Group
 00000H 0011CH 0011DH SELTEST_TEXT           CODE
 0011EH 0011EH 00000H SELVIEW_TEXT           CODE
 0011EH 01413H 012F6H _TEXT                  CODE
 01420H 01421H 00002H EMULATOR_TEXT          CODE
 01422H 01422H 00000H C_ETEXT                ENDCODE
 01430H 01430H 00000H EMULATOR_DATA          FAR_DATA
 01430H 01471H 00042H NULL                   BEGDATA             DGROUP
 01472H 01B2DH 006BCH _DATA                  DATA                DGROUP
 01B2EH 01B2FH 00002H XIQC                   DATA                DGROUP
 01B30H 01B3DH 0000EH DBDATA                 DATA                DGROUP
 01B3EH 01B4BH 0000EH CDATA                  DATA                DGROUP
 01B4CH 01B4CH 00000H XIFB                   DATA                DGROUP
 01B4CH 01B4CH 00000H XIF                    DATA                DGROUP
 01B4CH 01B4CH 00000H XIFE                   DATA                DGROUP
 01B4CH 01B4CH 00000H XIB                    DATA                DGROUP
 01B4CH 01B4CH 00000H XI                     DATA                DGROUP
 01B4CH 01B4CH 00000H XIE                    DATA                DGROUP
 01B4CH 01B4CH 00000H XPB                    DATA                DGROUP
 01B4CH 01B4FH 00004H XP                     DATA                DGROUP
 01B50H 01B50H 00000H XPE                    DATA                DGROUP
 01B50H 01B50H 00000H XCB                    DATA                DGROUP
 01B50H 01B50H 00000H XC                     DATA                DGROUP
 01B50H 01B50H 00000H XCE                    DATA                DGROUP
 01B50H 01B50H 00000H XCFB                   DATA                DGROUP
 01B50H 01B50H 00000H XCF                    DATA                DGROUP
 01B50H 01B50H 00000H XCFE                   DATA                DGROUP
 01B50H 01B50H 00000H CONST                  CONST               DGROUP
 01B50H 01B57H 00008H HDR                    MSG                 DGROUP
 01B58H 01C2DH 000D6H MSG                    MSG                 DGROUP
 01C2EH 01C2FH 00002H PAD                    MSG                 DGROUP
 01C30H 01C30H 00001H EPAD                   MSG                 DGROUP
 01C32H 01C32H 00000H _BSS                   BSS                 DGROUP
 01C32H 01C32H 00000H XOB                    BSS                 DGROUP
 01C32H 01C32H 00000H XO                     BSS                 DGROUP
 01C32H 01C32H 00000H XOE                    BSS                 DGROUP
 01C40H 01E40H 00201H c_common               BSS                 DGROUP
 01E50H 0264FH 00800H STACK                  STACK               DGROUP


Detailed Map Of Segments

 0000:0000 011D C=CODE         S=SELTEST_TEXT      G=(none)  M=SELTEST.C
 0011:000E 0000 C=CODE         S=SELVIEW_TEXT      G=(none)  M=SELVIEW.C
 0011:000E 00FF C=CODE         S=_TEXT             G=(none)  M=dos\crt0.asm
 0011:010E 0188 C=CODE         S=_TEXT             G=(none)  M=dos\crt0dat.asm
 0011:0296 0022 C=CODE         S=_TEXT             G=(none)  M=dos\crt0msg.asm
 0011:02B8 0006 C=CODE         S=_TEXT             G=(none)  M=crt0fp.asm
 0011:02BE 0024 C=CODE         S=_TEXT             G=(none)  M=chkstk.asm
 0011:02E2 0024 C=CODE         S=_TEXT             G=(none)  M=chksum.asm
 0011:0306 01AD C=CODE         S=_TEXT             G=(none)  M=dos\stdargv.asm
 0011:04B4 00A0 C=CODE         S=_TEXT             G=(none)  M=dos\stdenvp.asm
 0011:0554 0061 C=CODE         S=_TEXT             G=(none)  M=dos\nmsghdr.asm
 0011:05B6 0025 C=CODE         S=_TEXT             G=(none)  M=dos\stdalloc.asm
 0011:05DC 0055 C=CODE         S=_TEXT             G=(none)  M=dos\dosret.asm
 0011:0632 0044 C=CODE         S=_TEXT             G=(none)  M=printf.c
 0011:0676 0000 C=CODE         S=_TEXT             G=(none)  M=_cflush.asm
 0011:0676 0000 C=CODE         S=_TEXT             G=(none)  M=_file.c
 0011:0676 00EB C=CODE         S=_TEXT             G=(none)  M=_flsbuf.asm
 0011:0762 004B C=CODE         S=_TEXT             G=(none)  M=_getbuf.asm
 0011:07AE 00C9 C=CODE         S=_TEXT             G=(none)  M=_sftbuf.asm
 0011:0878 00D4 C=CODE         S=_TEXT             G=(none)  M=fflush.c
 0011:094C 04FA C=CODE         S=_TEXT             G=(none)  M=output.asm
 0011:0E46 007A C=CODE         S=_TEXT             G=(none)  M=dos\lseek.asm
 0011:0EC0 015F C=CODE         S=_TEXT             G=(none)  M=write.asm
 0011:1020 0014 C=CODE         S=_TEXT             G=(none)  M=stackava.asm
 0011:1034 0005 C=CODE         S=_TEXT             G=(none)  M=malloc.asm
 0011:103A 0090 C=CODE         S=_TEXT             G=(none)  M=fmalloc.asm
 0011:10CA 0000 C=CODE         S=_TEXT             G=(none)  M=fdata.asm
 0011:10CA 0034 C=CODE         S=_TEXT             G=(none)  M=initseg.asm
 0011:10FE 0036 C=CODE         S=_TEXT             G=(none)  M=linkseg.asm
 0011:1134 007C C=CODE         S=_TEXT             G=(none)  M=searchsg.asm
 0011:11B0 0100 C=CODE         S=_TEXT             G=(none)  M=growseg.asm
 0011:12B0 0044 C=CODE         S=_TEXT             G=(none)  M=newseg.asm
 0011:12F4 0000 C=CODE         S=_TEXT             G=(none)  M=cmiscdat.asm
 0011:12F4 0000 C=CODE         S=_TEXT             G=(none)  M=syserr.c
 0142:0000 0002 C=CODE         S=EMULATOR_TEXT     G=(none)  M=dos\crt0dat.asm
 0142:0002 0000 C=ENDCODE      S=C_ETEXT           G=(none)  M=dos\crt0.asm
 0143:0000 0000 C=FAR_DATA     S=EMULATOR_DATA     G=(none)  M=dos\crt0dat.asm
 0143:0000 0042 C=BEGDATA      S=NULL              G=DGROUP  M=chksum.asm
 0147:0002 01D6 C=DATA         S=_DATA             G=DGROUP  M=SELTEST.C
 0147:01D8 0000 C=DATA         S=_DATA             G=DGROUP  M=SELVIEW.C
 0147:01D8 001E C=DATA         S=_DATA             G=DGROUP  M=dos\crt0.asm
 0147:01F6 0056 C=DATA         S=_DATA             G=DGROUP  M=dos\crt0dat.asm
 0147:024C 0004 C=DATA         S=_DATA             G=DGROUP  M=dos\crt0msg.asm
 0147:0250 0000 C=DATA         S=_DATA             G=DGROUP  M=crt0fp.asm
 0147:0250 0006 C=DATA         S=_DATA             G=DGROUP  M=chkstk.asm
 0147:0256 0000 C=DATA         S=_DATA             G=DGROUP  M=chksum.asm
 0147:0256 0004 C=DATA         S=_DATA             G=DGROUP  M=dos\stdargv.asm
 0147:025A 0000 C=DATA         S=_DATA             G=DGROUP  M=dos\stdenvp.asm
 0147:025A 0000 C=DATA         S=_DATA             G=DGROUP  M=dos\nmsghdr.asm
 0147:025A 0000 C=DATA         S=_DATA             G=DGROUP  M=dos\stdalloc.asm
 0147:025A 0014 C=DATA         S=_DATA             G=DGROUP  M=dos\dosret.asm
 0147:026E 0000 C=DATA         S=_DATA             G=DGROUP  M=printf.c
 0147:026E 0002 C=DATA         S=_DATA             G=DGROUP  M=_cflush.asm
 0147:0270 01E4 C=DATA         S=_DATA             G=DGROUP  M=_file.c
 0147:0454 0000 C=DATA         S=_DATA             G=DGROUP  M=_flsbuf.asm
 0147:0454 0000 C=DATA         S=_DATA             G=DGROUP  M=_getbuf.asm
 0147:0454 000C C=DATA         S=_DATA             G=DGROUP  M=_sftbuf.asm
 0147:0460 0000 C=DATA         S=_DATA             G=DGROUP  M=fflush.c
 0147:0460 0061 C=DATA         S=_DATA             G=DGROUP  M=output.asm
 0147:04C2 0000 C=DATA         S=_DATA             G=DGROUP  M=dos\lseek.asm
 0147:04C2 0000 C=DATA         S=_DATA             G=DGROUP  M=write.asm
 0147:04C2 0000 C=DATA         S=_DATA             G=DGROUP  M=stackava.asm
 0147:04C2 0000 C=DATA         S=_DATA             G=DGROUP  M=malloc.asm
 0147:04C2 0000 C=DATA         S=_DATA             G=DGROUP  M=fmalloc.asm
 0147:04C2 000E C=DATA         S=_DATA             G=DGROUP  M=fdata.asm
 0147:04D0 0000 C=DATA         S=_DATA             G=DGROUP  M=initseg.asm
 0147:04D0 0000 C=DATA         S=_DATA             G=DGROUP  M=linkseg.asm
 0147:04D0 0000 C=DATA         S=_DATA             G=DGROUP  M=searchsg.asm
 0147:04D0 0002 C=DATA         S=_DATA             G=DGROUP  M=growseg.asm
 0147:04D2 0000 C=DATA         S=_DATA             G=DGROUP  M=newseg.asm
 0147:04D2 001E C=DATA         S=_DATA             G=DGROUP  M=cmiscdat.asm
 0147:04F0 01CE C=DATA         S=_DATA             G=DGROUP  M=syserr.c
 01B4:000C 0000 C=DATA         S=XIFB              G=DGROUP  M=dos\crt0dat.asm
 01B4:000C 0000 C=DATA         S=XIF               G=DGROUP  M=dos\crt0dat.asm
 01B4:000C 0000 C=DATA         S=XIFE              G=DGROUP  M=dos\crt0dat.asm
 01B4:000C 0000 C=DATA         S=XIB               G=DGROUP  M=dos\crt0dat.asm
 01B4:000C 0000 C=DATA         S=XI                G=DGROUP  M=dos\crt0dat.asm
 01B4:000C 0000 C=DATA         S=XIE               G=DGROUP  M=dos\crt0dat.asm
 01B4:000C 0000 C=DATA         S=XPB               G=DGROUP  M=dos\crt0dat.asm
 01B4:000C 0000 C=DATA         S=XPB               G=DGROUP  M=_cflush.asm
 01B4:000C 0000 C=DATA         S=XP                G=DGROUP  M=dos\crt0dat.asm
 01B4:000C 0004 C=DATA         S=XP                G=DGROUP  M=_cflush.asm
 01B5:0000 0000 C=DATA         S=XPE               G=DGROUP  M=dos\crt0dat.asm
 01B5:0000 0000 C=DATA         S=XPE               G=DGROUP  M=_cflush.asm
 01B5:0000 0000 C=DATA         S=XCB               G=DGROUP  M=dos\crt0dat.asm
 01B5:0000 0000 C=DATA         S=XC                G=DGROUP  M=dos\crt0dat.asm
 01B5:0000 0000 C=DATA         S=XCE               G=DGROUP  M=dos\crt0dat.asm
 01B5:0000 0000 C=DATA         S=XCFB              G=DGROUP  M=dos\crt0dat.asm
 01B5:0000 0000 C=DATA         S=XCF               G=DGROUP  M=dos\crt0dat.asm
 01B5:0000 0000 C=DATA         S=XCFE              G=DGROUP  M=dos\crt0dat.asm
 01B5:0000 0000 C=CONST        S=CONST             G=DGROUP  M=SELTEST.C
 01B5:0000 0000 C=CONST        S=CONST             G=DGROUP  M=SELVIEW.C
 01B5:0000 0000 C=CONST        S=CONST             G=DGROUP  M=printf.c
 01B5:0000 0000 C=CONST        S=CONST             G=DGROUP  M=_file.c
 01B5:0000 0000 C=CONST        S=CONST             G=DGROUP  M=fflush.c
 01B5:0000 0000 C=CONST        S=CONST             G=DGROUP  M=syserr.c
 01B5:0000 0000 C=MSG          S=HDR               G=DGROUP  M=dos\crt0msg.asm
 01B5:0000 0000 C=MSG          S=HDR               G=DGROUP  M=crt0fp.asm
 01B5:0000 0000 C=MSG          S=HDR               G=DGROUP  M=chksum.asm
 01B5:0000 0008 C=MSG          S=HDR               G=DGROUP  M=dos\nmsghdr.asm
 01B5:0008 0082 C=MSG          S=MSG               G=DGROUP  M=dos\crt0msg.asm
 01B5:008A 002F C=MSG          S=MSG               G=DGROUP  M=crt0fp.asm
 01B5:00B9 0025 C=MSG          S=MSG               G=DGROUP  M=chksum.asm
 01B5:00DE 0000 C=MSG          S=MSG               G=DGROUP  M=dos\nmsghdr.asm
 01C3:0002 0000 C=BSS          S=_BSS              G=DGROUP  M=SELTEST.C
 01C3:0002 0000 C=BSS          S=_BSS              G=DGROUP  M=SELVIEW.C
 01C3:0002 0000 C=BSS          S=_BSS              G=DGROUP  M=printf.c
 01C3:0002 0000 C=BSS          S=_BSS              G=DGROUP  M=_file.c
 01C3:0002 0000 C=BSS          S=_BSS              G=DGROUP  M=fflush.c
 01C3:0002 0000 C=BSS          S=_BSS              G=DGROUP  M=syserr.c
 01C3:0002 0000 C=BSS          S=XOB               G=DGROUP  M=dos\crt0dat.asm
 01C3:0002 0000 C=BSS          S=XO                G=DGROUP  M=dos\crt0dat.asm
 01C3:0002 0000 C=BSS          S=XOE               G=DGROUP  M=dos\crt0dat.asm
 01E5:0000 0800 C=STACK        S=STACK             G=DGROUP  M=dos\crt0.asm

 Section# Fname          Faddr  Maddr  Size   Father   Section Name          Type Special Attributes
    1H    PROBE.EXE      00200H 00000H 02650H    0H                             R

 Origin   Group
 0143:0   DGROUP

  Load size: 10K


  Address         Publics by Name                                                        BP? local? Defining Module

 0011:001E       $$MAIN                                                                    N      Y N/A
 0011:0910       fflush.c_NONPUB_flsall                                                    N      U fflush.c
 0143:0294       STKHQQ                                                                    N      U chkstk.asm
 0143:0802       _edata                                                                    N      Y N/A
 0143:0A20       _end                                                                      N      Y N/A
 0143:027B       _environ                                                                  N      U dos\crt0dat.asm
 0143:0252       _errno                                                                    N      U dos\crt0dat.asm
 0011:01E3       _exit                                                                     N      U dos\crt0dat.asm
 0011:0888       _fflush                                                                   N      U fflush.c
 0011:0908       _flushall                                                                 N      U fflush.c
 0000:0000       _f_1C62_06A6                                                              N      U SELTEST.C
 0143:0A10       _g_8CCB                                                                   N      U SELVIEW.C
 0011:0E56       _lseek                                                                    N      U dos\lseek.asm
 0000:0036       _main                                                                     N      U SELTEST.C
 0011:1044       _malloc                                                                   N      U malloc.asm
 0011:0642       _printf                                                                   N      U printf.c
 0011:1030       _stackavail                                                               N      U stackava.asm
 0143:0664       _sys_errlist                                                              N      U syserr.c
 0143:06FC       _sys_nerr                                                                 N      U syserr.c
 0011:0ED0       _write                                                                    N      U write.asm
 0143:0290       __aaltstkovr                                                              N      U chkstk.asm
 0143:0236       __acfinfo                                                                 N      U dos\crt0dat.asm
 0000:9876  Abs  __acrtmsg                                                                 N      U dos\crt0msg.asm
 0000:9876  Abs  __acrtused                                                                N      U dos\crt0.asm
 0000:D6D6  Abs  __aDBdoswp                                                                N      U dos\crt0.asm
 0143:028C       __adbgmsg                                                                 N      U dos\crt0msg.asm
 0143:021A       __aexit_rtn                                                               N      U dos\crt0.asm
 0011:02CE       __aFchkstk                                                                N      U chkstk.asm
 0143:0244       __aintdiv                                                                 N      U dos\crt0dat.asm
 0143:0510       __amblksiz                                                                N      U growseg.asm
 0011:00F9       __amsg_exit                                                               N      U dos\crt0.asm
 0143:0042       __anullsize                                                               N      U chksum.asm
 0143:0232       __aseghi                                                                  N      U dos\crt0.asm
 0143:0234       __aseglo                                                                  N      U dos\crt0.asm
 0143:021C       __asizds                                                                  N      U dos\crt0.asm
 0143:052E       __asizeC                                                                  N      U cmiscdat.asm
 0143:052F       __asizeD                                                                  N      U cmiscdat.asm
 0011:001E       __astart                                                                  N      U dos\crt0.asm
 0143:0218       __atopsp                                                                  N      U dos\crt0.asm
 0143:0810       __bufin                                                                   N      U _file.c
 0011:01F2       __cexit                                                                   N      U dos\crt0dat.asm
 0143:0512       __cfltcvt_tab                                                             N      U cmiscdat.asm
 0143:02AE       __cflush                                                                  N      U _cflush.asm
 0143:0284       __child                                                                   N      U dos\crt0dat.asm
 0011:02CE       __chkstk                                                                  N      U chkstk.asm
 0011:011E       __cinit                                                                   N      U dos\crt0dat.asm
 0011:00E9       __cintDIV                                                                 N      U dos\crt0.asm
 0011:0266       __ctermsub                                                                N      U dos\crt0dat.asm
 0011:01FC       __c_exit                                                                  N      U dos\crt0dat.asm
 0011:011B       __dataseg                                                                 N      U dos\crt0.asm
 0143:025D       __doserrno                                                                N      U dos\crt0dat.asm
 0011:05EC       __dosret0                                                                 N      U dos\dosret.asm
 0011:0601       __dosretax                                                                N      U dos\dosret.asm
 0011:05F4       __dosreturn                                                               N      U dos\dosret.asm
 0143:025A       __dosvermajor                                                             N      U dos\crt0dat.asm
 0143:025B       __dosverminor                                                             N      U dos\crt0dat.asm
 0143:0802       __edata                                                                   N      Y N/A
 0142:0000       __EmDataSeg                                                               N      U dos\crt0dat.asm
 0143:0A20       __end                                                                     N      Y N/A
 0011:01EA       __exit                                                                    N      U dos\crt0dat.asm
 0143:0248       __fac                                                                     N      U dos\crt0dat.asm
 0011:104A       __ffree                                                                   N      U fmalloc.asm
 0011:02A6       __FF_MSGBANNER                                                            N      U dos\crt0msg.asm
 0143:0502       __fheap                                                                   N      U fdata.asm
 0011:12A0       __findlast                                                                N      U growseg.asm
 0011:0686       __flsbuf                                                                  N      U _flsbuf.asm
 0011:105D       __fmalloc                                                                 N      U fmalloc.asm
 0143:0710       __fpinit                                                                  N      U dos\crt0dat.asm
 0011:02C8       __fptrap                                                                  N      U crt0fp.asm
 0011:083F       __ftbuf                                                                   N      U _sftbuf.asm
 0011:0772       __getbuf                                                                  N      U _getbuf.asm
 0011:11C0       __growseg                                                                 N      U growseg.asm
 0011:124F       __incseg                                                                  N      U growseg.asm
 0011:10DA       __initseg                                                                 N      U initseg.asm
 0143:0287       __intno                                                                   N      U dos\crt0dat.asm
 0143:02B0       __iob                                                                     N      U _file.c
 0143:03A0       __iob2                                                                    N      U _file.c
 0143:0490       __lastiob                                                                 N      U _file.c
 0011:110E       __linkseg                                                                 N      U linkseg.asm
 0011:060E       __maperror                                                                N      U dos\dosret.asm
 0011:05C6       __myalloc                                                                 N      U dos\stdalloc.asm
 0011:12C0       __newseg                                                                  N      U newseg.asm
 0143:025F       __nfile                                                                   N      U dos\crt0dat.asm
 0143:021E       __nheap_desc                                                              N      U dos\crt0.asm
 0011:0564       __NMSG_TEXT                                                               N      U dos\nmsghdr.asm
 0011:058F       __NMSG_WRITE                                                              N      U dos\nmsghdr.asm
 0011:02F2       __nullcheck                                                               N      U chksum.asm
 0143:025D       __oserr                                                                   N      U dos\crt0dat.asm
 0143:0261       __osfile                                                                  N      U dos\crt0dat.asm
 0143:025A       __osmajor                                                                 N      U dos\crt0dat.asm
 0143:025B       __osminor                                                                 N      U dos\crt0dat.asm
 0143:025C       __osmode                                                                  N      U dos\crt0dat.asm
 0143:025A       __osversion                                                               N      U dos\crt0dat.asm
 0011:096C       __output                                                                  N      U output.asm
 0143:0286       __ovlflag                                                                 N      U dos\crt0dat.asm
 0143:0288       __ovlvec                                                                  N      U dos\crt0dat.asm
 0143:027F       __pgmptr                                                                  N      U dos\crt0dat.asm
 0143:0258       __psp                                                                     N      U dos\crt0dat.asm
 0143:0256       __pspadr                                                                  N      U dos\crt0dat.asm
 0011:1144       __searchseg                                                               N      U searchsg.asm
 0011:0316       __setargv                                                                 N      U dos\stdargv.asm
 0011:04C4       __setenvp                                                                 N      U dos\stdenvp.asm
 0143:052C       __sigintoff                                                               N      U cmiscdat.asm
 0143:052A       __sigintseg                                                               N      U cmiscdat.asm
 0011:07BE       __stbuf                                                                   N      U _sftbuf.asm
 0143:0254       __umaskval                                                                N      U dos\crt0dat.asm
 0143:0706       ___aDBexit                                                                N      U dos\crt0.asm
 0143:070C       ___aDBptrchk                                                              N      U dos\crt0.asm
 0143:0704       ___aDBrterr                                                               N      U dos\crt0.asm
 0143:0702       ___aDBswpchk                                                              N      U dos\crt0.asm
 0143:0700       ___aDBswpflg                                                              N      U dos\crt0.asm
 0143:0275       ___argc                                                                   N      U dos\crt0dat.asm
 0143:0277       ___argv                                                                   N      U dos\crt0dat.asm
 0143:06FE       ___qczrinit                                                               N      U dos\crt0dat.asm

  Address         Publics by Value                                                       BP? local? Defining Module

 0000:0000       _f_1C62_06A6                                                              N      U SELTEST.C
 0000:9876  Abs  __acrtmsg                                                                 N      U dos\crt0msg.asm
 0000:9876  Abs  __acrtused                                                                N      U dos\crt0.asm
 0000:D6D6  Abs  __aDBdoswp                                                                N      U dos\crt0.asm
 0000:0036       _main                                                                     N      U SELTEST.C
 0011:001E       $$MAIN                                                                    N      Y N/A
 0011:001E       __astart                                                                  N      U dos\crt0.asm
 0011:00E9       __cintDIV                                                                 N      U dos\crt0.asm
 0011:00F9       __amsg_exit                                                               N      U dos\crt0.asm
 0011:011B       __dataseg                                                                 N      U dos\crt0.asm
 0011:011E       __cinit                                                                   N      U dos\crt0dat.asm
 0011:01E3       _exit                                                                     N      U dos\crt0dat.asm
 0011:01EA       __exit                                                                    N      U dos\crt0dat.asm
 0011:01F2       __cexit                                                                   N      U dos\crt0dat.asm
 0011:01FC       __c_exit                                                                  N      U dos\crt0dat.asm
 0011:0266       __ctermsub                                                                N      U dos\crt0dat.asm
 0011:02A6       __FF_MSGBANNER                                                            N      U dos\crt0msg.asm
 0011:02C8       __fptrap                                                                  N      U crt0fp.asm
 0011:02CE       __aFchkstk                                                                N      U chkstk.asm
 0011:02CE       __chkstk                                                                  N      U chkstk.asm
 0011:02F2       __nullcheck                                                               N      U chksum.asm
 0011:0316       __setargv                                                                 N      U dos\stdargv.asm
 0011:04C4       __setenvp                                                                 N      U dos\stdenvp.asm
 0011:0564       __NMSG_TEXT                                                               N      U dos\nmsghdr.asm
 0011:058F       __NMSG_WRITE                                                              N      U dos\nmsghdr.asm
 0011:05C6       __myalloc                                                                 N      U dos\stdalloc.asm
 0011:05EC       __dosret0                                                                 N      U dos\dosret.asm
 0011:05F4       __dosreturn                                                               N      U dos\dosret.asm
 0011:0601       __dosretax                                                                N      U dos\dosret.asm
 0011:060E       __maperror                                                                N      U dos\dosret.asm
 0011:0642       _printf                                                                   N      U printf.c
 0011:0686       __flsbuf                                                                  N      U _flsbuf.asm
 0011:0772       __getbuf                                                                  N      U _getbuf.asm
 0011:07BE       __stbuf                                                                   N      U _sftbuf.asm
 0011:083F       __ftbuf                                                                   N      U _sftbuf.asm
 0011:0888       _fflush                                                                   N      U fflush.c
 0011:0908       _flushall                                                                 N      U fflush.c
 0011:0910       fflush.c_NONPUB_flsall                                                    N      U fflush.c
 0011:096C       __output                                                                  N      U output.asm
 0011:0E56       _lseek                                                                    N      U dos\lseek.asm
 0011:0ED0       _write                                                                    N      U write.asm
 0011:1030       _stackavail                                                               N      U stackava.asm
 0011:1044       _malloc                                                                   N      U malloc.asm
 0011:104A       __ffree                                                                   N      U fmalloc.asm
 0011:105D       __fmalloc                                                                 N      U fmalloc.asm
 0011:10DA       __initseg                                                                 N      U initseg.asm
 0011:110E       __linkseg                                                                 N      U linkseg.asm
 0011:1144       __searchseg                                                               N      U searchsg.asm
 0011:11C0       __growseg                                                                 N      U growseg.asm
 0011:124F       __incseg                                                                  N      U growseg.asm
 0011:12A0       __findlast                                                                N      U growseg.asm
 0011:12C0       __newseg                                                                  N      U newseg.asm
 0142:0000       __EmDataSeg                                                               N      U dos\crt0dat.asm
 0143:0042       __anullsize                                                               N      U chksum.asm
 0143:0218       __atopsp                                                                  N      U dos\crt0.asm
 0143:021A       __aexit_rtn                                                               N      U dos\crt0.asm
 0143:021C       __asizds                                                                  N      U dos\crt0.asm
 0143:021E       __nheap_desc                                                              N      U dos\crt0.asm
 0143:0232       __aseghi                                                                  N      U dos\crt0.asm
 0143:0234       __aseglo                                                                  N      U dos\crt0.asm
 0143:0236       __acfinfo                                                                 N      U dos\crt0dat.asm
 0143:0244       __aintdiv                                                                 N      U dos\crt0dat.asm
 0143:0248       __fac                                                                     N      U dos\crt0dat.asm
 0143:0252       _errno                                                                    N      U dos\crt0dat.asm
 0143:0254       __umaskval                                                                N      U dos\crt0dat.asm
 0143:0256       __pspadr                                                                  N      U dos\crt0dat.asm
 0143:0258       __psp                                                                     N      U dos\crt0dat.asm
 0143:025A       __dosvermajor                                                             N      U dos\crt0dat.asm
 0143:025A       __osmajor                                                                 N      U dos\crt0dat.asm
 0143:025A       __osversion                                                               N      U dos\crt0dat.asm
 0143:025B       __dosverminor                                                             N      U dos\crt0dat.asm
 0143:025B       __osminor                                                                 N      U dos\crt0dat.asm
 0143:025C       __osmode                                                                  N      U dos\crt0dat.asm
 0143:025D       __doserrno                                                                N      U dos\crt0dat.asm
 0143:025D       __oserr                                                                   N      U dos\crt0dat.asm
 0143:025F       __nfile                                                                   N      U dos\crt0dat.asm
 0143:0261       __osfile                                                                  N      U dos\crt0dat.asm
 0143:0275       ___argc                                                                   N      U dos\crt0dat.asm
 0143:0277       ___argv                                                                   N      U dos\crt0dat.asm
 0143:027B       _environ                                                                  N      U dos\crt0dat.asm
 0143:027F       __pgmptr                                                                  N      U dos\crt0dat.asm
 0143:0284       __child                                                                   N      U dos\crt0dat.asm
 0143:0286       __ovlflag                                                                 N      U dos\crt0dat.asm
 0143:0287       __intno                                                                   N      U dos\crt0dat.asm
 0143:0288       __ovlvec                                                                  N      U dos\crt0dat.asm
 0143:028C       __adbgmsg                                                                 N      U dos\crt0msg.asm
 0143:0290       __aaltstkovr                                                              N      U chkstk.asm
 0143:0294       STKHQQ                                                                    N      U chkstk.asm
 0143:02AE       __cflush                                                                  N      U _cflush.asm
 0143:02B0       __iob                                                                     N      U _file.c
 0143:03A0       __iob2                                                                    N      U _file.c
 0143:0490       __lastiob                                                                 N      U _file.c
 0143:0502       __fheap                                                                   N      U fdata.asm
 0143:0510       __amblksiz                                                                N      U growseg.asm
 0143:0512       __cfltcvt_tab                                                             N      U cmiscdat.asm
 0143:052A       __sigintseg                                                               N      U cmiscdat.asm
 0143:052C       __sigintoff                                                               N      U cmiscdat.asm
 0143:052E       __asizeC                                                                  N      U cmiscdat.asm
 0143:052F       __asizeD                                                                  N      U cmiscdat.asm
 0143:0664       _sys_errlist                                                              N      U syserr.c
 0143:06FC       _sys_nerr                                                                 N      U syserr.c
 0143:06FE       ___qczrinit                                                               N      U dos\crt0dat.asm
 0143:0700       ___aDBswpflg                                                              N      U dos\crt0.asm
 0143:0702       ___aDBswpchk                                                              N      U dos\crt0.asm
 0143:0704       ___aDBrterr                                                               N      U dos\crt0.asm
 0143:0706       ___aDBexit                                                                N      U dos\crt0.asm
 0143:070C       ___aDBptrchk                                                              N      U dos\crt0.asm
 0143:0710       __fpinit                                                                  N      U dos\crt0dat.asm
 0143:0802       _edata                                                                    N      Y N/A
 0143:0802       __edata                                                                   N      Y N/A
 0143:0810       __bufin                                                                   N      U _file.c
 0143:0A10       _g_8CCB                                                                   N      U SELVIEW.C
 0143:0A20       _end                                                                      N      Y N/A
 0143:0A20       __end                                                                     N      Y N/A
