
 Start  Stop   Length Name                   Class               Group
 00000H 00005H 00006H REFFN_TEXT             CODE
 00006H 0087FH 0087AH _TEXT                  CODE
 00880H 00881H 00002H EMULATOR_TEXT          CODE
 00882H 00885H 00004H CDMEM_TEXT             CODE
 00886H 00886H 00000H C_ETEXT                ENDCODE
 00890H 00890H 00000H EMULATOR_DATA          FAR_DATA
 00890H 008D1H 00042H NULL                   BEGDATA             DGROUP
 008D2H 0095FH 0008EH _DATA                  DATA                DGROUP
 00960H 00961H 00002H XIQC                   DATA                DGROUP
 00962H 0096FH 0000EH DBDATA                 DATA                DGROUP
 00970H 0097DH 0000EH CDATA                  DATA                DGROUP
 0097EH 0097EH 00000H XIFB                   DATA                DGROUP
 0097EH 0097EH 00000H XIF                    DATA                DGROUP
 0097EH 0097EH 00000H XIFE                   DATA                DGROUP
 0097EH 0097EH 00000H XIB                    DATA                DGROUP
 0097EH 0097EH 00000H XI                     DATA                DGROUP
 0097EH 0097EH 00000H XIE                    DATA                DGROUP
 0097EH 0097EH 00000H XPB                    DATA                DGROUP
 0097EH 0097EH 00000H XP                     DATA                DGROUP
 0097EH 0097EH 00000H XPE                    DATA                DGROUP
 0097EH 0097EH 00000H XCB                    DATA                DGROUP
 0097EH 0097EH 00000H XC                     DATA                DGROUP
 0097EH 0097EH 00000H XCE                    DATA                DGROUP
 0097EH 0097EH 00000H XCFB                   DATA                DGROUP
 0097EH 0097EH 00000H XCF                    DATA                DGROUP
 0097EH 0097EH 00000H XCFE                   DATA                DGROUP
 0097EH 0097EH 00000H CONST                  CONST               DGROUP
 0097EH 00985H 00008H HDR                    MSG                 DGROUP
 00986H 00A5BH 000D6H MSG                    MSG                 DGROUP
 00A5CH 00A5DH 00002H PAD                    MSG                 DGROUP
 00A5EH 00A5EH 00001H EPAD                   MSG                 DGROUP
 00A60H 00A60H 00000H _BSS                   BSS                 DGROUP
 00A60H 00A60H 00000H XOB                    BSS                 DGROUP
 00A60H 00A60H 00000H XO                     BSS                 DGROUP
 00A60H 00A60H 00000H XOE                    BSS                 DGROUP
 00A60H 0125FH 00800H STACK                  STACK               DGROUP


Detailed Map Of Segments

 0000:0000 0006 C=CODE         S=REFFN_TEXT        G=(none)  M=REFFN.C
 0000:0006 00FF C=CODE         S=_TEXT             G=(none)  M=dos\crt0.asm
 0000:0106 0188 C=CODE         S=_TEXT             G=(none)  M=dos\crt0dat.asm
 0000:028E 0022 C=CODE         S=_TEXT             G=(none)  M=dos\crt0msg.asm
 0000:02B0 0006 C=CODE         S=_TEXT             G=(none)  M=crt0fp.asm
 0000:02B6 0024 C=CODE         S=_TEXT             G=(none)  M=chksum.asm
 0000:02DA 01AD C=CODE         S=_TEXT             G=(none)  M=dos\stdargv.asm
 0000:0488 00A0 C=CODE         S=_TEXT             G=(none)  M=dos\stdenvp.asm
 0000:0528 0061 C=CODE         S=_TEXT             G=(none)  M=dos\nmsghdr.asm
 0000:058A 0025 C=CODE         S=_TEXT             G=(none)  M=dos\stdalloc.asm
 0000:05B0 0005 C=CODE         S=_TEXT             G=(none)  M=malloc.asm
 0000:05B6 0090 C=CODE         S=_TEXT             G=(none)  M=fmalloc.asm
 0000:0646 0000 C=CODE         S=_TEXT             G=(none)  M=fdata.asm
 0000:0646 0034 C=CODE         S=_TEXT             G=(none)  M=initseg.asm
 0000:067A 0036 C=CODE         S=_TEXT             G=(none)  M=linkseg.asm
 0000:06B0 007C C=CODE         S=_TEXT             G=(none)  M=searchsg.asm
 0000:072C 0100 C=CODE         S=_TEXT             G=(none)  M=growseg.asm
 0000:082C 0044 C=CODE         S=_TEXT             G=(none)  M=newseg.asm
 0088:0000 0002 C=CODE         S=EMULATOR_TEXT     G=(none)  M=dos\crt0dat.asm
 0088:0002 0004 C=CODE         S=CDMEM_TEXT        G=(none)  M=CDMEM.C
 0088:0006 0000 C=ENDCODE      S=C_ETEXT           G=(none)  M=dos\crt0.asm
 0089:0000 0000 C=FAR_DATA     S=EMULATOR_DATA     G=(none)  M=dos\crt0dat.asm
 0089:0000 0042 C=BEGDATA      S=NULL              G=DGROUP  M=chksum.asm
 008D:0002 0000 C=DATA         S=_DATA             G=DGROUP  M=REFFN.C
 008D:0002 001E C=DATA         S=_DATA             G=DGROUP  M=dos\crt0.asm
 008D:0020 0056 C=DATA         S=_DATA             G=DGROUP  M=dos\crt0dat.asm
 008D:0076 0004 C=DATA         S=_DATA             G=DGROUP  M=dos\crt0msg.asm
 008D:007A 0000 C=DATA         S=_DATA             G=DGROUP  M=crt0fp.asm
 008D:007A 0000 C=DATA         S=_DATA             G=DGROUP  M=chksum.asm
 008D:007A 0004 C=DATA         S=_DATA             G=DGROUP  M=dos\stdargv.asm
 008D:007E 0000 C=DATA         S=_DATA             G=DGROUP  M=dos\stdenvp.asm
 008D:007E 0000 C=DATA         S=_DATA             G=DGROUP  M=dos\nmsghdr.asm
 008D:007E 0000 C=DATA         S=_DATA             G=DGROUP  M=dos\stdalloc.asm
 008D:007E 0000 C=DATA         S=_DATA             G=DGROUP  M=malloc.asm
 008D:007E 0000 C=DATA         S=_DATA             G=DGROUP  M=fmalloc.asm
 008D:007E 000E C=DATA         S=_DATA             G=DGROUP  M=fdata.asm
 008D:008C 0000 C=DATA         S=_DATA             G=DGROUP  M=initseg.asm
 008D:008C 0000 C=DATA         S=_DATA             G=DGROUP  M=linkseg.asm
 008D:008C 0000 C=DATA         S=_DATA             G=DGROUP  M=searchsg.asm
 008D:008C 0002 C=DATA         S=_DATA             G=DGROUP  M=growseg.asm
 008D:008E 0000 C=DATA         S=_DATA             G=DGROUP  M=newseg.asm
 008D:008E 0002 C=DATA         S=_DATA             G=DGROUP  M=CDMEM.C
 0097:000E 0000 C=DATA         S=XIFB              G=DGROUP  M=dos\crt0dat.asm
 0097:000E 0000 C=DATA         S=XIF               G=DGROUP  M=dos\crt0dat.asm
 0097:000E 0000 C=DATA         S=XIFE              G=DGROUP  M=dos\crt0dat.asm
 0097:000E 0000 C=DATA         S=XIB               G=DGROUP  M=dos\crt0dat.asm
 0097:000E 0000 C=DATA         S=XI                G=DGROUP  M=dos\crt0dat.asm
 0097:000E 0000 C=DATA         S=XIE               G=DGROUP  M=dos\crt0dat.asm
 0097:000E 0000 C=DATA         S=XPB               G=DGROUP  M=dos\crt0dat.asm
 0097:000E 0000 C=DATA         S=XP                G=DGROUP  M=dos\crt0dat.asm
 0097:000E 0000 C=DATA         S=XPE               G=DGROUP  M=dos\crt0dat.asm
 0097:000E 0000 C=DATA         S=XCB               G=DGROUP  M=dos\crt0dat.asm
 0097:000E 0000 C=DATA         S=XC                G=DGROUP  M=dos\crt0dat.asm
 0097:000E 0000 C=DATA         S=XCE               G=DGROUP  M=dos\crt0dat.asm
 0097:000E 0000 C=DATA         S=XCFB              G=DGROUP  M=dos\crt0dat.asm
 0097:000E 0000 C=DATA         S=XCF               G=DGROUP  M=dos\crt0dat.asm
 0097:000E 0000 C=DATA         S=XCFE              G=DGROUP  M=dos\crt0dat.asm
 0097:000E 0000 C=CONST        S=CONST             G=DGROUP  M=REFFN.C
 0097:000E 0000 C=CONST        S=CONST             G=DGROUP  M=CDMEM.C
 0097:000E 0000 C=MSG          S=HDR               G=DGROUP  M=dos\crt0msg.asm
 0097:000E 0000 C=MSG          S=HDR               G=DGROUP  M=crt0fp.asm
 0097:000E 0000 C=MSG          S=HDR               G=DGROUP  M=chksum.asm
 0097:000E 0008 C=MSG          S=HDR               G=DGROUP  M=dos\nmsghdr.asm
 0098:0006 0082 C=MSG          S=MSG               G=DGROUP  M=dos\crt0msg.asm
 0098:0088 002F C=MSG          S=MSG               G=DGROUP  M=crt0fp.asm
 0098:00B7 0025 C=MSG          S=MSG               G=DGROUP  M=chksum.asm
 0098:00DC 0000 C=MSG          S=MSG               G=DGROUP  M=dos\nmsghdr.asm
 00A6:0000 0000 C=BSS          S=_BSS              G=DGROUP  M=REFFN.C
 00A6:0000 0000 C=BSS          S=_BSS              G=DGROUP  M=CDMEM.C
 00A6:0000 0000 C=BSS          S=XOB               G=DGROUP  M=dos\crt0dat.asm
 00A6:0000 0000 C=BSS          S=XO                G=DGROUP  M=dos\crt0dat.asm
 00A6:0000 0000 C=BSS          S=XOE               G=DGROUP  M=dos\crt0dat.asm
 00A6:0000 0800 C=STACK        S=STACK             G=DGROUP  M=dos\crt0.asm

 Section# Fname          Faddr  Maddr  Size   Father   Section Name          Type Special Attributes
    1H    TEST.EXE       00200H 00000H 01260H    0H                             R

 Origin   Group
 0089:0   DGROUP

  Load size: 5K


  Address         Publics by Name                                                        BP? local? Defining Module

 0000:0016       $$MAIN                                                                    N      Y N/A
 0089:01D0       _edata                                                                    N      Y N/A
 0089:01D0       _end                                                                      N      Y N/A
 0089:00A5       _environ                                                                  N      U dos\crt0dat.asm
 0089:007C       _errno                                                                    N      U dos\crt0dat.asm
 0000:01DB       _exit                                                                     N      U dos\crt0dat.asm
 0000:0000       _main                                                                     N      U REFFN.C
 0000:05C0       _malloc                                                                   N      U malloc.asm
 0089:00CE       _probe_cd_data                                                            N      U CDMEM.C
 0088:0002       _probe_cd_fn                                                              N      U CDMEM.C
 0089:0060       __acfinfo                                                                 N      U dos\crt0dat.asm
 0000:9876  Abs  __acrtmsg                                                                 N      U dos\crt0msg.asm
 0000:9876  Abs  __acrtused                                                                N      U dos\crt0.asm
 0000:D6D6  Abs  __aDBdoswp                                                                N      U dos\crt0.asm
 0089:00B6       __adbgmsg                                                                 N      U dos\crt0msg.asm
 0089:0044       __aexit_rtn                                                               N      U dos\crt0.asm
 0089:006E       __aintdiv                                                                 N      U dos\crt0dat.asm
 0089:00CC       __amblksiz                                                                N      U growseg.asm
 0000:00F1       __amsg_exit                                                               N      U dos\crt0.asm
 0089:0042       __anullsize                                                               N      U chksum.asm
 0089:005C       __aseghi                                                                  N      U dos\crt0.asm
 0089:005E       __aseglo                                                                  N      U dos\crt0.asm
 0089:0046       __asizds                                                                  N      U dos\crt0.asm
 0000:0016       __astart                                                                  N      U dos\crt0.asm
 0089:0042       __atopsp                                                                  N      U dos\crt0.asm
 0000:01EA       __cexit                                                                   N      U dos\crt0dat.asm
 0089:00AE       __child                                                                   N      U dos\crt0dat.asm
 0000:0116       __cinit                                                                   N      U dos\crt0dat.asm
 0000:00E1       __cintDIV                                                                 N      U dos\crt0.asm
 0000:025E       __ctermsub                                                                N      U dos\crt0dat.asm
 0000:01F4       __c_exit                                                                  N      U dos\crt0dat.asm
 0000:0113       __dataseg                                                                 N      U dos\crt0.asm
 0089:0087       __doserrno                                                                N      U dos\crt0dat.asm
 0089:0084       __dosvermajor                                                             N      U dos\crt0dat.asm
 0089:0085       __dosverminor                                                             N      U dos\crt0dat.asm
 0089:01D0       __edata                                                                   N      Y N/A
 0088:0000       __EmDataSeg                                                               N      U dos\crt0dat.asm
 0089:01D0       __end                                                                     N      Y N/A
 0000:01E2       __exit                                                                    N      U dos\crt0dat.asm
 0089:0072       __fac                                                                     N      U dos\crt0dat.asm
 0000:05C6       __ffree                                                                   N      U fmalloc.asm
 0000:029E       __FF_MSGBANNER                                                            N      U dos\crt0msg.asm
 0089:00BE       __fheap                                                                   N      U fdata.asm
 0000:081C       __findlast                                                                N      U growseg.asm
 0000:05D9       __fmalloc                                                                 N      U fmalloc.asm
 0089:00E2       __fpinit                                                                  N      U dos\crt0dat.asm
 0000:02C0       __fptrap                                                                  N      U crt0fp.asm
 0000:073C       __growseg                                                                 N      U growseg.asm
 0000:07CB       __incseg                                                                  N      U growseg.asm
 0000:0656       __initseg                                                                 N      U initseg.asm
 0089:00B1       __intno                                                                   N      U dos\crt0dat.asm
 0000:068A       __linkseg                                                                 N      U linkseg.asm
 0000:059A       __myalloc                                                                 N      U dos\stdalloc.asm
 0000:083C       __newseg                                                                  N      U newseg.asm
 0089:0089       __nfile                                                                   N      U dos\crt0dat.asm
 0089:0048       __nheap_desc                                                              N      U dos\crt0.asm
 0000:0538       __NMSG_TEXT                                                               N      U dos\nmsghdr.asm
 0000:0563       __NMSG_WRITE                                                              N      U dos\nmsghdr.asm
 0000:02C6       __nullcheck                                                               N      U chksum.asm
 0089:0087       __oserr                                                                   N      U dos\crt0dat.asm
 0089:008B       __osfile                                                                  N      U dos\crt0dat.asm
 0089:0084       __osmajor                                                                 N      U dos\crt0dat.asm
 0089:0085       __osminor                                                                 N      U dos\crt0dat.asm
 0089:0086       __osmode                                                                  N      U dos\crt0dat.asm
 0089:0084       __osversion                                                               N      U dos\crt0dat.asm
 0089:00B0       __ovlflag                                                                 N      U dos\crt0dat.asm
 0089:00B2       __ovlvec                                                                  N      U dos\crt0dat.asm
 0089:00A9       __pgmptr                                                                  N      U dos\crt0dat.asm
 0089:0082       __psp                                                                     N      U dos\crt0dat.asm
 0089:0080       __pspadr                                                                  N      U dos\crt0dat.asm
 0000:06C0       __searchseg                                                               N      U searchsg.asm
 0000:02EA       __setargv                                                                 N      U dos\stdargv.asm
 0000:0498       __setenvp                                                                 N      U dos\stdenvp.asm
 0089:007E       __umaskval                                                                N      U dos\crt0dat.asm
 0089:00D8       ___aDBexit                                                                N      U dos\crt0.asm
 0089:00DE       ___aDBptrchk                                                              N      U dos\crt0.asm
 0089:00D6       ___aDBrterr                                                               N      U dos\crt0.asm
 0089:00D4       ___aDBswpchk                                                              N      U dos\crt0.asm
 0089:00D2       ___aDBswpflg                                                              N      U dos\crt0.asm
 0089:009F       ___argc                                                                   N      U dos\crt0dat.asm
 0089:00A1       ___argv                                                                   N      U dos\crt0dat.asm
 0089:00D0       ___qczrinit                                                               N      U dos\crt0dat.asm

  Address         Publics by Value                                                       BP? local? Defining Module

 0000:0000       _main                                                                     N      U REFFN.C
 0000:9876  Abs  __acrtmsg                                                                 N      U dos\crt0msg.asm
 0000:9876  Abs  __acrtused                                                                N      U dos\crt0.asm
 0000:D6D6  Abs  __aDBdoswp                                                                N      U dos\crt0.asm
 0000:0016       $$MAIN                                                                    N      Y N/A
 0000:0016       __astart                                                                  N      U dos\crt0.asm
 0000:00E1       __cintDIV                                                                 N      U dos\crt0.asm
 0000:00F1       __amsg_exit                                                               N      U dos\crt0.asm
 0000:0113       __dataseg                                                                 N      U dos\crt0.asm
 0000:0116       __cinit                                                                   N      U dos\crt0dat.asm
 0000:01DB       _exit                                                                     N      U dos\crt0dat.asm
 0000:01E2       __exit                                                                    N      U dos\crt0dat.asm
 0000:01EA       __cexit                                                                   N      U dos\crt0dat.asm
 0000:01F4       __c_exit                                                                  N      U dos\crt0dat.asm
 0000:025E       __ctermsub                                                                N      U dos\crt0dat.asm
 0000:029E       __FF_MSGBANNER                                                            N      U dos\crt0msg.asm
 0000:02C0       __fptrap                                                                  N      U crt0fp.asm
 0000:02C6       __nullcheck                                                               N      U chksum.asm
 0000:02EA       __setargv                                                                 N      U dos\stdargv.asm
 0000:0498       __setenvp                                                                 N      U dos\stdenvp.asm
 0000:0538       __NMSG_TEXT                                                               N      U dos\nmsghdr.asm
 0000:0563       __NMSG_WRITE                                                              N      U dos\nmsghdr.asm
 0000:059A       __myalloc                                                                 N      U dos\stdalloc.asm
 0000:05C0       _malloc                                                                   N      U malloc.asm
 0000:05C6       __ffree                                                                   N      U fmalloc.asm
 0000:05D9       __fmalloc                                                                 N      U fmalloc.asm
 0000:0656       __initseg                                                                 N      U initseg.asm
 0000:068A       __linkseg                                                                 N      U linkseg.asm
 0000:06C0       __searchseg                                                               N      U searchsg.asm
 0000:073C       __growseg                                                                 N      U growseg.asm
 0000:07CB       __incseg                                                                  N      U growseg.asm
 0000:081C       __findlast                                                                N      U growseg.asm
 0000:083C       __newseg                                                                  N      U newseg.asm
 0088:0000       __EmDataSeg                                                               N      U dos\crt0dat.asm
 0088:0002       _probe_cd_fn                                                              N      U CDMEM.C
 0089:0042       __anullsize                                                               N      U chksum.asm
 0089:0042       __atopsp                                                                  N      U dos\crt0.asm
 0089:0044       __aexit_rtn                                                               N      U dos\crt0.asm
 0089:0046       __asizds                                                                  N      U dos\crt0.asm
 0089:0048       __nheap_desc                                                              N      U dos\crt0.asm
 0089:005C       __aseghi                                                                  N      U dos\crt0.asm
 0089:005E       __aseglo                                                                  N      U dos\crt0.asm
 0089:0060       __acfinfo                                                                 N      U dos\crt0dat.asm
 0089:006E       __aintdiv                                                                 N      U dos\crt0dat.asm
 0089:0072       __fac                                                                     N      U dos\crt0dat.asm
 0089:007C       _errno                                                                    N      U dos\crt0dat.asm
 0089:007E       __umaskval                                                                N      U dos\crt0dat.asm
 0089:0080       __pspadr                                                                  N      U dos\crt0dat.asm
 0089:0082       __psp                                                                     N      U dos\crt0dat.asm
 0089:0084       __dosvermajor                                                             N      U dos\crt0dat.asm
 0089:0084       __osmajor                                                                 N      U dos\crt0dat.asm
 0089:0084       __osversion                                                               N      U dos\crt0dat.asm
 0089:0085       __dosverminor                                                             N      U dos\crt0dat.asm
 0089:0085       __osminor                                                                 N      U dos\crt0dat.asm
 0089:0086       __osmode                                                                  N      U dos\crt0dat.asm
 0089:0087       __doserrno                                                                N      U dos\crt0dat.asm
 0089:0087       __oserr                                                                   N      U dos\crt0dat.asm
 0089:0089       __nfile                                                                   N      U dos\crt0dat.asm
 0089:008B       __osfile                                                                  N      U dos\crt0dat.asm
 0089:009F       ___argc                                                                   N      U dos\crt0dat.asm
 0089:00A1       ___argv                                                                   N      U dos\crt0dat.asm
 0089:00A5       _environ                                                                  N      U dos\crt0dat.asm
 0089:00A9       __pgmptr                                                                  N      U dos\crt0dat.asm
 0089:00AE       __child                                                                   N      U dos\crt0dat.asm
 0089:00B0       __ovlflag                                                                 N      U dos\crt0dat.asm
 0089:00B1       __intno                                                                   N      U dos\crt0dat.asm
 0089:00B2       __ovlvec                                                                  N      U dos\crt0dat.asm
 0089:00B6       __adbgmsg                                                                 N      U dos\crt0msg.asm
 0089:00BE       __fheap                                                                   N      U fdata.asm
 0089:00CC       __amblksiz                                                                N      U growseg.asm
 0089:00CE       _probe_cd_data                                                            N      U CDMEM.C
 0089:00D0       ___qczrinit                                                               N      U dos\crt0dat.asm
 0089:00D2       ___aDBswpflg                                                              N      U dos\crt0.asm
 0089:00D4       ___aDBswpchk                                                              N      U dos\crt0.asm
 0089:00D6       ___aDBrterr                                                               N      U dos\crt0.asm
 0089:00D8       ___aDBexit                                                                N      U dos\crt0.asm
 0089:00DE       ___aDBptrchk                                                              N      U dos\crt0.asm
 0089:00E2       __fpinit                                                                  N      U dos\crt0dat.asm
 0089:01D0       _edata                                                                    N      Y N/A
 0089:01D0       _end                                                                      N      Y N/A
 0089:01D0       __edata                                                                   N      Y N/A
 0089:01D0       __end                                                                     N      Y N/A
