f_0250_1018 648 / 646 BRANCH_TARGET_OR_LAYOUT,CALL_FRAME_OR_SEGMENT_REGISTER,CONTROL_FLOW_SHAPE,EPILOGUE_OR_RETURN_LOWERING,EXTRA_INSTRUCTIONS,LOCAL_CODEGEN_UNCLASSIFIED,MISSING_INSTRUCTIONS,REGISTER_ALLOCATION peer losses 0
f_0250_129E 265 / 264 BRANCH_TARGET_OR_LAYOUT,CONTROL_FLOW_SHAPE,EPILOGUE_OR_RETURN_LOWERING,MISSING_INSTRUCTIONS,REGISTER_ALLOCATION peer losses 0
DrawBalloons 1053 / 1060 BRANCH_TARGET_OR_LAYOUT,CALL_FRAME_OR_SEGMENT_REGISTER,EXTRA_INSTRUCTIONS,IMMEDIATE_VALUE,LOCAL_CODEGEN_UNCLASSIFIED,MISSING_INSTRUCTIONS,REGISTER_ALLOCATION,STACK_SLOT_ALLOCATION,WIDTH_OR_EXTENSION peer losses 0
SpiderScan 389 / 392 LOCAL_CODEGEN_UNCLASSIFIED,MISSING_INSTRUCTIONS peer losses 0
LessonDone 739 / 723 CALL_FRAME_OR_SEGMENT_REGISTER,CONTROL_FLOW_SHAPE,EXTRA_INSTRUCTIONS,LOCAL_CODEGEN_UNCLASSIFIED peer losses 0
f_171C_09CC 146 / 144 BRANCH_TARGET_OR_LAYOUT,CALL_FRAME_OR_SEGMENT_REGISTER,CONTROL_FLOW_SHAPE,EPILOGUE_OR_RETURN_LOWERING,EXTRA_INSTRUCTIONS,LOCAL_CODEGEN_UNCLASSIFIED,MISSING_INSTRUCTIONS,REGISTER_ALLOCATION peer losses 0
f_171C_0ADC 260 / 262 BRANCH_TARGET_OR_LAYOUT,CALL_FRAME_OR_SEGMENT_REGISTER,EXTRA_INSTRUCTIONS,IMMEDIATE_VALUE,LOCAL_CODEGEN_UNCLASSIFIED,MISSING_INSTRUCTIONS,REGISTER_ALLOCATION peer losses 0
f_171C_0CF4 520 / 490 BRANCH_TARGET_OR_LAYOUT,CALL_FRAME_OR_SEGMENT_REGISTER,CONTROL_FLOW_SHAPE,EPILOGUE_OR_RETURN_LOWERING,EXTRA_INSTRUCTIONS,IMMEDIATE_VALUE,LOCAL_CODEGEN_UNCLASSIFIED,MISSING_INSTRUCTIONS,REGISTER_ALLOCATION,STACK_SLOT_ALLOCATION,TEMPORARY_OR_SPILL,WIDTH_OR_EXTENSION peer losses 0
f_171C_0FBC 568 / 566 BRANCH_TARGET_OR_LAYOUT,CALL_FRAME_OR_SEGMENT_REGISTER,CONTROL_FLOW_SHAPE,EPILOGUE_OR_RETURN_LOWERING,EXTRA_INSTRUCTIONS,IMMEDIATE_VALUE,LOCAL_CODEGEN_UNCLASSIFIED,MISSING_INSTRUCTIONS,REGISTER_ALLOCATION,STACK_SLOT_ALLOCATION,WIDTH_OR_EXTENSION peer losses 0
FindIndex 267 / 267 BRANCH_TARGET_OR_LAYOUT,CONTROL_FLOW_SHAPE,EXTRA_INSTRUCTIONS,LOCAL_CODEGEN_UNCLASSIFIED,MISSING_INSTRUCTIONS peer losses 0
ch_LookUpId 359 / 354 BRANCH_TARGET_OR_LAYOUT,CALL_FRAME_OR_SEGMENT_REGISTER,CONTROL_FLOW_SHAPE,EPILOGUE_OR_RETURN_LOWERING,EXTRA_INSTRUCTIONS,IMMEDIATE_VALUE,LOCAL_CODEGEN_UNCLASSIFIED,MISSING_INSTRUCTIONS,REGISTER_ALLOCATION,STACK_SLOT_ALLOCATION peer losses 0
f_1C62_0415 652 / 649 BRANCH_TARGET_OR_LAYOUT,CONTROL_FLOW_SHAPE,EPILOGUE_OR_RETURN_LOWERING,EXTRA_INSTRUCTIONS,LOCAL_CODEGEN_UNCLASSIFIED,MISSING_INSTRUCTIONS,STACK_SLOT_ALLOCATION peer losses 0
f_1E57_038E 985 / 997 BRANCH_TARGET_OR_LAYOUT,CALL_FRAME_OR_SEGMENT_REGISTER,CONTROL_FLOW_SHAPE,IMMEDIATE_VALUE,LOCAL_CODEGEN_UNCLASSIFIED,MISSING_INSTRUCTIONS,STACK_SLOT_ALLOCATION peer losses 0
f_20E8_0903 280 / 286 BRANCH_TARGET_OR_LAYOUT,MISSING_INSTRUCTIONS,REGISTER_ALLOCATION peer losses 0
win_UnlockWin 390 / 386 BRANCH_TARGET_OR_LAYOUT,CALL_FRAME_OR_SEGMENT_REGISTER,CONTROL_FLOW_SHAPE,EPILOGUE_OR_RETURN_LOWERING,EXTRA_INSTRUCTIONS,IMMEDIATE_VALUE,LOCAL_CODEGEN_UNCLASSIFIED,MISSING_INSTRUCTIONS,STACK_SLOT_ALLOCATION peer losses 0
f_23E6_0000 156 / 159 BRANCH_TARGET_OR_LAYOUT,MISSING_INSTRUCTIONS peer losses 0
f_2505_0453 124 / 132 BRANCH_TARGET_OR_LAYOUT,EXTRA_INSTRUCTIONS,IMMEDIATE_VALUE,LOCAL_CODEGEN_UNCLASSIFIED,MISSING_INSTRUCTIONS,REGISTER_ALLOCATION,STACK_SLOT_ALLOCATION peer losses 0
win_DrawBitMap 675 / 663 BRANCH_TARGET_OR_LAYOUT,CALL_FRAME_OR_SEGMENT_REGISTER,CONTROL_FLOW_SHAPE,EPILOGUE_OR_RETURN_LOWERING,EXTRA_INSTRUCTIONS,IMMEDIATE_VALUE,LOCAL_CODEGEN_UNCLASSIFIED,MISSING_INSTRUCTIONS,REGISTER_ALLOCATION,STACK_SLOT_ALLOCATION,WIDTH_OR_EXTENSION peer losses 0
f_2815_0165 246 / 232 BRANCH_TARGET_OR_LAYOUT,CALL_FRAME_OR_SEGMENT_REGISTER,CONTROL_FLOW_SHAPE,EPILOGUE_OR_RETURN_LOWERING,EXTRA_INSTRUCTIONS,LOCAL_CODEGEN_UNCLASSIFIED,MISSING_INSTRUCTIONS,REGISTER_ALLOCATION,WIDTH_OR_EXTENSION peer losses 0
f_284A_0138 25 / 25 EXTRA_INSTRUCTIONS,LOCAL_CODEGEN_UNCLASSIFIED,REGISTER_ALLOCATION peer losses 0
f_29D6_000A 116 / 120 EXTRA_INSTRUCTIONS,IMMEDIATE_VALUE,LOCAL_CODEGEN_UNCLASSIFIED,MISSING_INSTRUCTIONS,STACK_SLOT_ALLOCATION peer losses 0
o10_35F5_0384 1746 / 1759 BRANCH_TARGET_OR_LAYOUT,CALL_FRAME_OR_SEGMENT_REGISTER,CONTROL_FLOW_SHAPE,EXTRA_INSTRUCTIONS,IMMEDIATE_VALUE,LOCAL_CODEGEN_UNCLASSIFIED,MISSING_INSTRUCTIONS,REGISTER_ALLOCATION,STACK_SLOT_ALLOCATION,TEMPORARY_OR_SPILL peer losses 0
DrawMapCursor 210 / 205 BRANCH_TARGET_OR_LAYOUT,CALL_FRAME_OR_SEGMENT_REGISTER,CONTROL_FLOW_SHAPE,EPILOGUE_OR_RETURN_LOWERING,EXTRA_INSTRUCTIONS,LOCAL_CODEGEN_UNCLASSIFIED,MISSING_INSTRUCTIONS,REGISTER_ALLOCATION peer losses 0
InvertPatch 260 / 261 BRANCH_TARGET_OR_LAYOUT,CALL_FRAME_OR_SEGMENT_REGISTER,EXTRA_INSTRUCTIONS,LOCAL_CODEGEN_UNCLASSIFIED,MISSING_INSTRUCTIONS,REGISTER_ALLOCATION,STACK_SLOT_ALLOCATION peer losses 0
o15_384C_0239 326 / 326 STACK_SLOT_ALLOCATION peer losses 0
win_PrintStyleTextInRect 1052 / 1039 BRANCH_TARGET_OR_LAYOUT,CALL_FRAME_OR_SEGMENT_REGISTER,CONTROL_FLOW_SHAPE,EPILOGUE_OR_RETURN_LOWERING,EXTRA_INSTRUCTIONS,LOCAL_CODEGEN_UNCLASSIFIED,MISSING_INSTRUCTIONS,STACK_SLOT_ALLOCATION,WIDTH_OR_EXTENSION peer losses 0
DisplayCard 1457 / 1457 CONTROL_FLOW_SHAPE,EXTRA_INSTRUCTIONS,IMMEDIATE_VALUE,LOCAL_CODEGEN_UNCLASSIFIED,MISSING_INSTRUCTIONS,STACK_SLOT_ALLOCATION peer losses 0
drawHistGraph 714 / 732 BRANCH_TARGET_OR_LAYOUT,CALL_FRAME_OR_SEGMENT_REGISTER,CONTROL_FLOW_SHAPE,EXTRA_INSTRUCTIONS,IMMEDIATE_VALUE,LOCAL_CODEGEN_UNCLASSIFIED,MISSING_INSTRUCTIONS,REGISTER_ALLOCATION,STACK_SLOT_ALLOCATION peer losses 0
o25_3BA4_1035 281 / 281 REGISTER_ALLOCATION peer losses 0
o25_3BA4_1686 520 / 516 BRANCH_TARGET_OR_LAYOUT,CALL_FRAME_OR_SEGMENT_REGISTER,CONTROL_FLOW_SHAPE,EPILOGUE_OR_RETURN_LOWERING,EXTRA_INSTRUCTIONS,IMMEDIATE_VALUE,LOCAL_CODEGEN_UNCLASSIFIED,MISSING_INSTRUCTIONS,REGISTER_ALLOCATION,STACK_SLOT_ALLOCATION peer losses 0
