count0-table0-result0 True False ['length 124 != target 132', 'bytes differ (first at +0x5, 80 differing)', 'relocation set differs (3 vs 3)'] peer_losses [] data_losses []
count0-table0-result1 True False ['length 124 != target 132', 'bytes differ (first at +0x5, 80 differing)', 'relocation set differs (3 vs 3)'] peer_losses [] data_losses []
count0-table1-result0 True False ['length 124 != target 132', 'bytes differ (first at +0x5, 80 differing)', 'relocation set differs (3 vs 3)'] peer_losses [] data_losses []
count0-table1-result1 True False ['length 124 != target 132', 'bytes differ (first at +0x5, 80 differing)', 'relocation set differs (3 vs 3)'] peer_losses [] data_losses []
count0-table2-result0 True False ['length 124 != target 132', 'bytes differ (first at +0x5, 80 differing)', 'relocation set differs (3 vs 3)'] peer_losses [] data_losses []
count0-table2-result1 True False ['length 124 != target 132', 'bytes differ (first at +0x5, 80 differing)', 'relocation set differs (3 vs 3)'] peer_losses [] data_losses []
count1-table0-result0 True False ['length 124 != target 132', 'bytes differ (first at +0x5, 80 differing)', 'relocation set differs (3 vs 3)'] peer_losses [] data_losses []
count1-table0-result1 True False ['length 124 != target 132', 'bytes differ (first at +0x5, 80 differing)', 'relocation set differs (3 vs 3)'] peer_losses [] data_losses []
count1-table1-result0 True False ['length 124 != target 132', 'bytes differ (first at +0x5, 80 differing)', 'relocation set differs (3 vs 3)'] peer_losses [] data_losses []
count1-table1-result1 True False ['length 124 != target 132', 'bytes differ (first at +0x5, 80 differing)', 'relocation set differs (3 vs 3)'] peer_losses [] data_losses []
count1-table2-result0 True False ['length 124 != target 132', 'bytes differ (first at +0x5, 80 differing)', 'relocation set differs (3 vs 3)'] peer_losses [] data_losses []
count1-table2-result1 True False ['length 124 != target 132', 'bytes differ (first at +0x5, 80 differing)', 'relocation set differs (3 vs 3)'] peer_losses [] data_losses []
table_local-before_w-before_guard-result0 True False ['length 133 != target 132', 'bytes differ (first at +0x5, 83 differing)', 'relocation set differs (3 vs 3)'] peer_losses ['win_Recalc'] data_losses []
table_local-before_w-before_guard-result1 True False ['length 133 != target 132', 'bytes differ (first at +0x5, 83 differing)', 'relocation set differs (3 vs 3)'] peer_losses ['win_Recalc'] data_losses []
table_local-before_w-inside_guard-result0 True False ['length 124 != target 132', 'bytes differ (first at +0x5, 80 differing)', 'relocation set differs (3 vs 3)'] peer_losses ['win_Recalc'] data_losses []
table_local-before_w-inside_guard-result1 True False ['length 124 != target 132', 'bytes differ (first at +0x5, 80 differing)', 'relocation set differs (3 vs 3)'] peer_losses ['win_Recalc'] data_losses []
table_local-after_r-before_guard-result0 True False ['length 133 != target 132', 'bytes differ (first at +0x5, 83 differing)', 'relocation set differs (3 vs 3)'] peer_losses ['win_Recalc'] data_losses []
table_local-after_r-before_guard-result1 True False ['length 133 != target 132', 'bytes differ (first at +0x5, 83 differing)', 'relocation set differs (3 vs 3)'] peer_losses ['win_Recalc'] data_losses []
table_local-after_r-inside_guard-result0 True False ['length 124 != target 132', 'bytes differ (first at +0x5, 80 differing)', 'relocation set differs (3 vs 3)'] peer_losses ['win_Recalc'] data_losses []
table_local-after_r-inside_guard-result1 True False ['length 124 != target 132', 'bytes differ (first at +0x5, 80 differing)', 'relocation set differs (3 vs 3)'] peer_losses ['win_Recalc'] data_losses []
