[m2505.c] MISMATCH: length 124 != target 132; bytes differ (first at +0x5, 80 differing); relocation set differs (3 vs 3)  (opcode similarity 0.943, 52 vs 54 insns)
    0453 push bp                             | 0453 push bp
    0454 mov bp, sp                          | 0454 mov bp, sp
  ! 0456 sub sp, 0xe                         | 0456 sub sp, 0x10
      ... 13 equal instructions ...
  ! 0477 jl 0x4c6                            | 0477 jl 0x4ce
    0479 mov ax, si                          | 0479 mov ax, si
    047B lcall 0x23ae, 0x377                 | 047B lcall 0x23ae, 0x377
  !                                          | 0480 mov di, word ptr [bp - 0x14]
  !                                          | 0483 and di, 0xff
    0480 push si                             | 0487 push si
    0481 push cs                             | 0488 push cs
  ! 0482 call 6                              | 0489 call 6
    0485 pop bx                              | 048C pop bx
    0486 mov es, dx                          | 048D mov es, dx
    0488 mov bx, ax                          | 048F mov bx, ax
  ! 048A mov di, ax                          | 0491 mov word ptr [bp - 0xc], bx
  ! 048C mov al, byte ptr [bp - 0x12]        | 0494 cmp word ptr es:[bx + 0xc], di
  ! 048F sub ah, ah                          | 0498 jle 0x4c7
  ! 0491 cmp word ptr es:[bx + 0xc], ax      | 049A mov bx, di
  ! 0495 jle 0x4bf                           |
  ! 0497 mov bx, ax                          |
    0499 shl bx, 1                           | 049C shl bx, 1
    049B shl bx, 1                           | 049E shl bx, 1
  ! 049D mov ax, word ptr es:[bx + di + 0x2c] | 04A0 mov di, word ptr [bp - 0xc]
  ! 04A1 mov dx, word ptr es:[bx + di + 0x2e] | 04A3 add di, 0x2c
  ! 04A5 mov word ptr [bp - 0xe], ax         | 04A6 mov ax, word ptr es:[bx + di]
  ! 04A8 mov word ptr [bp - 0xc], dx         | 04A9 mov dx, word ptr es:[bx + di + 2]
  !                                          | 04AD mov word ptr [bp - 0x10], ax
  !                                          | 04B0 mov word ptr [bp - 0xe], dx
    04AB mov ax, si                          | 04B3 mov ax, si
    04AD lcall 0x23ae, 0x1db                 | 04B5 lcall 0x23ae, 0x1db
  ! 04B2 mov bx, word ptr [bp - 0x10]        | 04BA mov bx, word ptr [bp - 0x12]
    04B5 shl bx, 1                           | 04BD shl bx, 1
  ! 04B7 les di, ptr [bp - 0xe]              | 04BF les di, ptr [bp - 0x10]
      ... 10 equal instructions ...
  relocations expected ['0x2551c', '0x25508', '0x254ce']
  relocations candidate ['0x25514', '0x25500', '0x254ce']
