[base_addr_mode_ref.c] MISMATCH: length 280 != target 286; bytes differ (first at +0x5, 158 differing); relocation set differs (6 vs 6)  (opcode similarity 0.986, 103 vs 106 insns)
[base_addr_mode.c] MISMATCH: length 280 != target 286; bytes differ (first at +0x5, 158 differing); relocation set differs (6 vs 6)  (opcode similarity 0.986, 103 vs 106 insns)
[base_addr_origin_mode_ref.c] MISMATCH: length 280 != target 286; bytes differ (first at +0x5, 158 differing); relocation set differs (6 vs 6)  (opcode similarity 0.986, 103 vs 106 insns)
[base_addr_origin_mode.c] MISMATCH: length 280 != target 286; bytes differ (first at +0x5, 158 differing); relocation set differs (6 vs 6)  (opcode similarity 0.986, 103 vs 106 insns)
[base_addr_origin_ref.c] MISMATCH: length 280 != target 286; bytes differ (first at +0x5, 158 differing); relocation set differs (6 vs 6)  (opcode similarity 0.986, 103 vs 106 insns)
[base_addr_origin.c] MISMATCH: length 280 != target 286; bytes differ (first at +0x5, 158 differing); relocation set differs (6 vs 6)  (opcode similarity 0.986, 103 vs 106 insns)
[base_addr_ref.c] MISMATCH: length 280 != target 286; bytes differ (first at +0x5, 158 differing); relocation set differs (6 vs 6)  (opcode similarity 0.986, 103 vs 106 insns)
[index_ptradd_mode_o_rect.c] MISMATCH: length 280 != target 286; bytes differ (first at +0x77, 145 differing); relocation set differs (6 vs 6)  (opcode similarity 0.986, 103 vs 106 insns)
[index_ptradd_mode_o.c] MISMATCH: length 280 != target 286; bytes differ (first at +0x77, 145 differing); relocation set differs (6 vs 6)  (opcode similarity 0.986, 103 vs 106 insns)
[index_ptradd_mode_rect.c] MISMATCH: length 280 != target 286; bytes differ (first at +0x77, 145 differing); relocation set differs (6 vs 6)  (opcode similarity 0.986, 103 vs 106 insns)
[index_ptradd_mode_ref_o_rect.c] MISMATCH: length 280 != target 286; bytes differ (first at +0x77, 145 differing); relocation set differs (6 vs 6)  (opcode similarity 0.986, 103 vs 106 insns)
[index_ptradd_mode_ref_o.c] MISMATCH: length 280 != target 286; bytes differ (first at +0x77, 145 differing); relocation set differs (6 vs 6)  (opcode similarity 0.986, 103 vs 106 insns)
[index_ptradd_mode_ref_rect.c] MISMATCH: length 280 != target 286; bytes differ (first at +0x77, 145 differing); relocation set differs (6 vs 6)  (opcode similarity 0.986, 103 vs 106 insns)
[index_ptradd_mode_ref.c] MISMATCH: length 280 != target 286; bytes differ (first at +0x77, 145 differing); relocation set differs (6 vs 6)  (opcode similarity 0.986, 103 vs 106 insns)
[index_ptradd_mode.c] MISMATCH: length 280 != target 286; bytes differ (first at +0x77, 145 differing); relocation set differs (6 vs 6)  (opcode similarity 0.986, 103 vs 106 insns)
[index_ptradd_o_rect.c] MISMATCH: length 280 != target 286; bytes differ (first at +0x77, 145 differing); relocation set differs (6 vs 6)  (opcode similarity 0.986, 103 vs 106 insns)
[index_ptradd_o.c] MISMATCH: length 280 != target 286; bytes differ (first at +0x77, 145 differing); relocation set differs (6 vs 6)  (opcode similarity 0.986, 103 vs 106 insns)
[index_ptradd_origin_mode_o_rect.c] MISMATCH: length 280 != target 286; bytes differ (first at +0x77, 145 differing); relocation set differs (6 vs 6)  (opcode similarity 0.986, 103 vs 106 insns)
[index_ptradd_origin_mode_o.c] MISMATCH: length 280 != target 286; bytes differ (first at +0x77, 145 differing); relocation set differs (6 vs 6)  (opcode similarity 0.986, 103 vs 106 insns)
[index_ptradd_origin_mode_rect.c] MISMATCH: length 280 != target 286; bytes differ (first at +0x77, 145 differing); relocation set differs (6 vs 6)  (opcode similarity 0.986, 103 vs 106 insns)
[index_ptradd_origin_mode_ref_o_rect.c] MISMATCH: length 280 != target 286; bytes differ (first at +0x77, 145 differing); relocation set differs (6 vs 6)  (opcode similarity 0.986, 103 vs 106 insns)
[index_ptradd_origin_mode_ref_o.c] MISMATCH: length 280 != target 286; bytes differ (first at +0x77, 145 differing); relocation set differs (6 vs 6)  (opcode similarity 0.986, 103 vs 106 insns)
[index_ptradd_origin_mode_ref_rect.c] MISMATCH: length 280 != target 286; bytes differ (first at +0x77, 145 differing); relocation set differs (6 vs 6)  (opcode similarity 0.986, 103 vs 106 insns)
[index_ptradd_origin_mode_ref.c] MISMATCH: length 280 != target 286; bytes differ (first at +0x77, 145 differing); relocation set differs (6 vs 6)  (opcode similarity 0.986, 103 vs 106 insns)
[index_ptradd_origin_mode.c] MISMATCH: length 280 != target 286; bytes differ (first at +0x77, 145 differing); relocation set differs (6 vs 6)  (opcode similarity 0.986, 103 vs 106 insns)
[index_ptradd_origin_o_rect.c] MISMATCH: length 280 != target 286; bytes differ (first at +0x77, 145 differing); relocation set differs (6 vs 6)  (opcode similarity 0.986, 103 vs 106 insns)
[index_ptradd_origin_o.c] MISMATCH: length 280 != target 286; bytes differ (first at +0x77, 145 differing); relocation set differs (6 vs 6)  (opcode similarity 0.986, 103 vs 106 insns)
[index_ptradd_origin_rect.c] MISMATCH: length 280 != target 286; bytes differ (first at +0x77, 145 differing); relocation set differs (6 vs 6)  (opcode similarity 0.986, 103 vs 106 insns)
[index_ptradd_origin_ref_o_rect.c] MISMATCH: length 280 != target 286; bytes differ (first at +0x77, 145 differing); relocation set differs (6 vs 6)  (opcode similarity 0.986, 103 vs 106 insns)
[index_ptradd_origin_ref_o.c] MISMATCH: length 280 != target 286; bytes differ (first at +0x77, 145 differing); relocation set differs (6 vs 6)  (opcode similarity 0.986, 103 vs 106 insns)
[index_ptradd_origin_ref_rect.c] MISMATCH: length 280 != target 286; bytes differ (first at +0x77, 145 differing); relocation set differs (6 vs 6)  (opcode similarity 0.986, 103 vs 106 insns)
[index_ptradd_origin_ref.c] MISMATCH: length 280 != target 286; bytes differ (first at +0x77, 145 differing); relocation set differs (6 vs 6)  (opcode similarity 0.986, 103 vs 106 insns)
[index_ptradd_origin.c] MISMATCH: length 280 != target 286; bytes differ (first at +0x77, 145 differing); relocation set differs (6 vs 6)  (opcode similarity 0.986, 103 vs 106 insns)
[index_ptradd_rect.c] MISMATCH: length 280 != target 286; bytes differ (first at +0x77, 145 differing); relocation set differs (6 vs 6)  (opcode similarity 0.986, 103 vs 106 insns)
[index_ptradd_ref_o_rect.c] MISMATCH: length 280 != target 286; bytes differ (first at +0x77, 145 differing); relocation set differs (6 vs 6)  (opcode similarity 0.986, 103 vs 106 insns)
[index_ptradd_ref_o.c] MISMATCH: length 280 != target 286; bytes differ (first at +0x77, 145 differing); relocation set differs (6 vs 6)  (opcode similarity 0.986, 103 vs 106 insns)
[index_ptradd_ref_rect.c] MISMATCH: length 280 != target 286; bytes differ (first at +0x77, 145 differing); relocation set differs (6 vs 6)  (opcode similarity 0.986, 103 vs 106 insns)
[index_ptradd_ref.c] MISMATCH: length 280 != target 286; bytes differ (first at +0x77, 145 differing); relocation set differs (6 vs 6)  (opcode similarity 0.986, 103 vs 106 insns)
[rhs_o_index_first.c] MISMATCH: length 280 != target 286; bytes differ (first at +0x77, 145 differing); relocation set differs (6 vs 6)  (opcode similarity 0.986, 103 vs 106 insns)
[rhs_rect_index_first.c] MISMATCH: length 280 != target 286; bytes differ (first at +0x77, 145 differing); relocation set differs (6 vs 6)  (opcode similarity 0.986, 103 vs 106 insns)
