[1/40] base_addr_origin (exit 1)
  f_20E8_0000: EXACT (reloc order EXACT)
  win_LoadAllWindows: EXACT (reloc order GROUPED)
  win_Swap: EXACT (reloc order GROUPED)
  win_Close: EXACT (reloc order GROUPED)
  f_20E8_0725: EXACT (reloc order GROUPED)
  f_20E8_0776: EXACT (reloc order GROUPED)
  win_SetWinDrawHook: EXACT (reloc order EXACT)
  f_20E8_088B: EXACT (reloc order EXACT)
  f_20E8_089F: EXACT (reloc order EXACT)
  f_20E8_08B3: EXACT (reloc order EXACT)
  f_20E8_08C7: EXACT (reloc order EXACT)
  f_20E8_08DB: EXACT (reloc order EXACT)
  f_20E8_08EF: EXACT (reloc order EXACT)
  f_20E8_0A21: EXACT (reloc order GROUPED)
  win_LoadWindow: EXACT (reloc order GROUPED)
  win_Open: EXACT (reloc order GROUPED)
  f_20E8_0903: FAIL length 280 != target 286; bytes differ (first at +0x5, 158 differing); relocation set differs (6 vs 6)
  data _DATA: EXACT (132 bytes, relocation order EXACT)
  data CONST: EXACT (14 bytes, relocation order GROUPED)
REFUSED: not every claim is exact (existing claims must not regress)

[2/40] base_addr_mode (exit 1)
  f_20E8_0000: EXACT (reloc order EXACT)
  win_LoadAllWindows: EXACT (reloc order GROUPED)
  win_Swap: EXACT (reloc order GROUPED)
  win_Close: EXACT (reloc order GROUPED)
  f_20E8_0725: EXACT (reloc order GROUPED)
  f_20E8_0776: EXACT (reloc order GROUPED)
  win_SetWinDrawHook: EXACT (reloc order EXACT)
  f_20E8_088B: EXACT (reloc order EXACT)
  f_20E8_089F: EXACT (reloc order EXACT)
  f_20E8_08B3: EXACT (reloc order EXACT)
  f_20E8_08C7: EXACT (reloc order EXACT)
  f_20E8_08DB: EXACT (reloc order EXACT)
  f_20E8_08EF: EXACT (reloc order EXACT)
  f_20E8_0A21: EXACT (reloc order GROUPED)
  win_LoadWindow: EXACT (reloc order GROUPED)
  win_Open: EXACT (reloc order GROUPED)
  f_20E8_0903: FAIL length 280 != target 286; bytes differ (first at +0x5, 158 differing); relocation set differs (6 vs 6)
  data _DATA: EXACT (132 bytes, relocation order EXACT)
  data CONST: EXACT (14 bytes, relocation order GROUPED)
REFUSED: not every claim is exact (existing claims must not regress)

[3/40] base_addr_origin_mode (exit 1)
  f_20E8_0000: EXACT (reloc order EXACT)
  win_LoadAllWindows: EXACT (reloc order GROUPED)
  win_Swap: EXACT (reloc order GROUPED)
  win_Close: EXACT (reloc order GROUPED)
  f_20E8_0725: EXACT (reloc order GROUPED)
  f_20E8_0776: EXACT (reloc order GROUPED)
  win_SetWinDrawHook: EXACT (reloc order EXACT)
  f_20E8_088B: EXACT (reloc order EXACT)
  f_20E8_089F: EXACT (reloc order EXACT)
  f_20E8_08B3: EXACT (reloc order EXACT)
  f_20E8_08C7: EXACT (reloc order EXACT)
  f_20E8_08DB: EXACT (reloc order EXACT)
  f_20E8_08EF: EXACT (reloc order EXACT)
  f_20E8_0A21: EXACT (reloc order GROUPED)
  win_LoadWindow: EXACT (reloc order GROUPED)
  win_Open: EXACT (reloc order GROUPED)
  f_20E8_0903: FAIL length 280 != target 286; bytes differ (first at +0x5, 158 differing); relocation set differs (6 vs 6)
  data _DATA: EXACT (132 bytes, relocation order EXACT)
  data CONST: EXACT (14 bytes, relocation order GROUPED)
REFUSED: not every claim is exact (existing claims must not regress)

[4/40] base_addr_ref (exit 1)
  f_20E8_0000: EXACT (reloc order EXACT)
  win_LoadAllWindows: EXACT (reloc order GROUPED)
  win_Swap: EXACT (reloc order GROUPED)
  win_Close: EXACT (reloc order GROUPED)
  f_20E8_0725: EXACT (reloc order GROUPED)
  f_20E8_0776: EXACT (reloc order GROUPED)
  win_SetWinDrawHook: EXACT (reloc order EXACT)
  f_20E8_088B: EXACT (reloc order EXACT)
  f_20E8_089F: EXACT (reloc order EXACT)
  f_20E8_08B3: EXACT (reloc order EXACT)
  f_20E8_08C7: EXACT (reloc order EXACT)
  f_20E8_08DB: EXACT (reloc order EXACT)
  f_20E8_08EF: EXACT (reloc order EXACT)
  f_20E8_0A21: EXACT (reloc order GROUPED)
  win_LoadWindow: EXACT (reloc order GROUPED)
  win_Open: EXACT (reloc order GROUPED)
  f_20E8_0903: FAIL length 280 != target 286; bytes differ (first at +0x5, 158 differing); relocation set differs (6 vs 6)
  data _DATA: EXACT (132 bytes, relocation order EXACT)
  data CONST: EXACT (14 bytes, relocation order GROUPED)
REFUSED: not every claim is exact (existing claims must not regress)

[5/40] base_addr_origin_ref (exit 1)
  f_20E8_0000: EXACT (reloc order EXACT)
  win_LoadAllWindows: EXACT (reloc order GROUPED)
  win_Swap: EXACT (reloc order GROUPED)
  win_Close: EXACT (reloc order GROUPED)
  f_20E8_0725: EXACT (reloc order GROUPED)
  f_20E8_0776: EXACT (reloc order GROUPED)
  win_SetWinDrawHook: EXACT (reloc order EXACT)
  f_20E8_088B: EXACT (reloc order EXACT)
  f_20E8_089F: EXACT (reloc order EXACT)
  f_20E8_08B3: EXACT (reloc order EXACT)
  f_20E8_08C7: EXACT (reloc order EXACT)
  f_20E8_08DB: EXACT (reloc order EXACT)
  f_20E8_08EF: EXACT (reloc order EXACT)
  f_20E8_0A21: EXACT (reloc order GROUPED)
  win_LoadWindow: EXACT (reloc order GROUPED)
  win_Open: EXACT (reloc order GROUPED)
  f_20E8_0903: FAIL length 280 != target 286; bytes differ (first at +0x5, 158 differing); relocation set differs (6 vs 6)
  data _DATA: EXACT (132 bytes, relocation order EXACT)
  data CONST: EXACT (14 bytes, relocation order GROUPED)
REFUSED: not every claim is exact (existing claims must not regress)

[6/40] base_addr_mode_ref (exit 1)
  f_20E8_0000: EXACT (reloc order EXACT)
  win_LoadAllWindows: EXACT (reloc order GROUPED)
  win_Swap: EXACT (reloc order GROUPED)
  win_Close: EXACT (reloc order GROUPED)
  f_20E8_0725: EXACT (reloc order GROUPED)
  f_20E8_0776: EXACT (reloc order GROUPED)
  win_SetWinDrawHook: EXACT (reloc order EXACT)
  f_20E8_088B: EXACT (reloc order EXACT)
  f_20E8_089F: EXACT (reloc order EXACT)
  f_20E8_08B3: EXACT (reloc order EXACT)
  f_20E8_08C7: EXACT (reloc order EXACT)
  f_20E8_08DB: EXACT (reloc order EXACT)
  f_20E8_08EF: EXACT (reloc order EXACT)
  f_20E8_0A21: EXACT (reloc order GROUPED)
  win_LoadWindow: EXACT (reloc order GROUPED)
  win_Open: EXACT (reloc order GROUPED)
  f_20E8_0903: FAIL length 280 != target 286; bytes differ (first at +0x5, 158 differing); relocation set differs (6 vs 6)
  data _DATA: EXACT (132 bytes, relocation order EXACT)
  data CONST: EXACT (14 bytes, relocation order GROUPED)
REFUSED: not every claim is exact (existing claims must not regress)

[7/40] base_addr_origin_mode_ref (exit 1)
  f_20E8_0000: EXACT (reloc order EXACT)
  win_LoadAllWindows: EXACT (reloc order GROUPED)
  win_Swap: EXACT (reloc order GROUPED)
  win_Close: EXACT (reloc order GROUPED)
  f_20E8_0725: EXACT (reloc order GROUPED)
  f_20E8_0776: EXACT (reloc order GROUPED)
  win_SetWinDrawHook: EXACT (reloc order EXACT)
  f_20E8_088B: EXACT (reloc order EXACT)
  f_20E8_089F: EXACT (reloc order EXACT)
  f_20E8_08B3: EXACT (reloc order EXACT)
  f_20E8_08C7: EXACT (reloc order EXACT)
  f_20E8_08DB: EXACT (reloc order EXACT)
  f_20E8_08EF: EXACT (reloc order EXACT)
  f_20E8_0A21: EXACT (reloc order GROUPED)
  win_LoadWindow: EXACT (reloc order GROUPED)
  win_Open: EXACT (reloc order GROUPED)
  f_20E8_0903: FAIL length 280 != target 286; bytes differ (first at +0x5, 158 differing); relocation set differs (6 vs 6)
  data _DATA: EXACT (132 bytes, relocation order EXACT)
  data CONST: EXACT (14 bytes, relocation order GROUPED)
REFUSED: not every claim is exact (existing claims must not regress)

[8/40] index_ptradd_origin (exit 1)
  f_20E8_0000: EXACT (reloc order EXACT)
  win_LoadAllWindows: EXACT (reloc order GROUPED)
  win_Swap: EXACT (reloc order GROUPED)
  win_Close: EXACT (reloc order GROUPED)
  f_20E8_0725: EXACT (reloc order GROUPED)
  f_20E8_0776: EXACT (reloc order GROUPED)
  win_SetWinDrawHook: EXACT (reloc order EXACT)
  f_20E8_088B: EXACT (reloc order EXACT)
  f_20E8_089F: EXACT (reloc order EXACT)
  f_20E8_08B3: EXACT (reloc order EXACT)
  f_20E8_08C7: EXACT (reloc order EXACT)
  f_20E8_08DB: EXACT (reloc order EXACT)
  f_20E8_08EF: EXACT (reloc order EXACT)
  f_20E8_0A21: EXACT (reloc order GROUPED)
  win_LoadWindow: EXACT (reloc order GROUPED)
  win_Open: EXACT (reloc order GROUPED)
  f_20E8_0903: FAIL length 280 != target 286; bytes differ (first at +0x77, 145 differing); relocation set differs (6 vs 6)
  data _DATA: EXACT (132 bytes, relocation order EXACT)
  data CONST: EXACT (14 bytes, relocation order GROUPED)
REFUSED: not every claim is exact (existing claims must not regress)

[9/40] index_ptradd_mode (exit 1)
  f_20E8_0000: EXACT (reloc order EXACT)
  win_LoadAllWindows: EXACT (reloc order GROUPED)
  win_Swap: EXACT (reloc order GROUPED)
  win_Close: EXACT (reloc order GROUPED)
  f_20E8_0725: EXACT (reloc order GROUPED)
  f_20E8_0776: EXACT (reloc order GROUPED)
  win_SetWinDrawHook: EXACT (reloc order EXACT)
  f_20E8_088B: EXACT (reloc order EXACT)
  f_20E8_089F: EXACT (reloc order EXACT)
  f_20E8_08B3: EXACT (reloc order EXACT)
  f_20E8_08C7: EXACT (reloc order EXACT)
  f_20E8_08DB: EXACT (reloc order EXACT)
  f_20E8_08EF: EXACT (reloc order EXACT)
  f_20E8_0A21: EXACT (reloc order GROUPED)
  win_LoadWindow: EXACT (reloc order GROUPED)
  win_Open: EXACT (reloc order GROUPED)
  f_20E8_0903: FAIL length 280 != target 286; bytes differ (first at +0x77, 145 differing); relocation set differs (6 vs 6)
  data _DATA: EXACT (132 bytes, relocation order EXACT)
  data CONST: EXACT (14 bytes, relocation order GROUPED)
REFUSED: not every claim is exact (existing claims must not regress)

[10/40] index_ptradd_origin_mode (exit 1)
  f_20E8_0000: EXACT (reloc order EXACT)
  win_LoadAllWindows: EXACT (reloc order GROUPED)
  win_Swap: EXACT (reloc order GROUPED)
  win_Close: EXACT (reloc order GROUPED)
  f_20E8_0725: EXACT (reloc order GROUPED)
  f_20E8_0776: EXACT (reloc order GROUPED)
  win_SetWinDrawHook: EXACT (reloc order EXACT)
  f_20E8_088B: EXACT (reloc order EXACT)
  f_20E8_089F: EXACT (reloc order EXACT)
  f_20E8_08B3: EXACT (reloc order EXACT)
  f_20E8_08C7: EXACT (reloc order EXACT)
  f_20E8_08DB: EXACT (reloc order EXACT)
  f_20E8_08EF: EXACT (reloc order EXACT)
  f_20E8_0A21: EXACT (reloc order GROUPED)
  win_LoadWindow: EXACT (reloc order GROUPED)
  win_Open: EXACT (reloc order GROUPED)
  f_20E8_0903: FAIL length 280 != target 286; bytes differ (first at +0x77, 145 differing); relocation set differs (6 vs 6)
  data _DATA: EXACT (132 bytes, relocation order EXACT)
  data CONST: EXACT (14 bytes, relocation order GROUPED)
REFUSED: not every claim is exact (existing claims must not regress)

[11/40] index_ptradd_ref (exit 1)
  f_20E8_0000: EXACT (reloc order EXACT)
  win_LoadAllWindows: EXACT (reloc order GROUPED)
  win_Swap: EXACT (reloc order GROUPED)
  win_Close: EXACT (reloc order GROUPED)
  f_20E8_0725: EXACT (reloc order GROUPED)
  f_20E8_0776: EXACT (reloc order GROUPED)
  win_SetWinDrawHook: EXACT (reloc order EXACT)
  f_20E8_088B: EXACT (reloc order EXACT)
  f_20E8_089F: EXACT (reloc order EXACT)
  f_20E8_08B3: EXACT (reloc order EXACT)
  f_20E8_08C7: EXACT (reloc order EXACT)
  f_20E8_08DB: EXACT (reloc order EXACT)
  f_20E8_08EF: EXACT (reloc order EXACT)
  f_20E8_0A21: EXACT (reloc order GROUPED)
  win_LoadWindow: EXACT (reloc order GROUPED)
  win_Open: EXACT (reloc order GROUPED)
  f_20E8_0903: FAIL length 280 != target 286; bytes differ (first at +0x77, 145 differing); relocation set differs (6 vs 6)
  data _DATA: EXACT (132 bytes, relocation order EXACT)
  data CONST: EXACT (14 bytes, relocation order GROUPED)
REFUSED: not every claim is exact (existing claims must not regress)

[12/40] index_ptradd_origin_ref (exit 1)
  f_20E8_0000: EXACT (reloc order EXACT)
  win_LoadAllWindows: EXACT (reloc order GROUPED)
  win_Swap: EXACT (reloc order GROUPED)
  win_Close: EXACT (reloc order GROUPED)
  f_20E8_0725: EXACT (reloc order GROUPED)
  f_20E8_0776: EXACT (reloc order GROUPED)
  win_SetWinDrawHook: EXACT (reloc order EXACT)
  f_20E8_088B: EXACT (reloc order EXACT)
  f_20E8_089F: EXACT (reloc order EXACT)
  f_20E8_08B3: EXACT (reloc order EXACT)
  f_20E8_08C7: EXACT (reloc order EXACT)
  f_20E8_08DB: EXACT (reloc order EXACT)
  f_20E8_08EF: EXACT (reloc order EXACT)
  f_20E8_0A21: EXACT (reloc order GROUPED)
  win_LoadWindow: EXACT (reloc order GROUPED)
  win_Open: EXACT (reloc order GROUPED)
  f_20E8_0903: FAIL length 280 != target 286; bytes differ (first at +0x77, 145 differing); relocation set differs (6 vs 6)
  data _DATA: EXACT (132 bytes, relocation order EXACT)
  data CONST: EXACT (14 bytes, relocation order GROUPED)
REFUSED: not every claim is exact (existing claims must not regress)

[13/40] index_ptradd_mode_ref (exit 1)
  f_20E8_0000: EXACT (reloc order EXACT)
  win_LoadAllWindows: EXACT (reloc order GROUPED)
  win_Swap: EXACT (reloc order GROUPED)
  win_Close: EXACT (reloc order GROUPED)
  f_20E8_0725: EXACT (reloc order GROUPED)
  f_20E8_0776: EXACT (reloc order GROUPED)
  win_SetWinDrawHook: EXACT (reloc order EXACT)
  f_20E8_088B: EXACT (reloc order EXACT)
  f_20E8_089F: EXACT (reloc order EXACT)
  f_20E8_08B3: EXACT (reloc order EXACT)
  f_20E8_08C7: EXACT (reloc order EXACT)
  f_20E8_08DB: EXACT (reloc order EXACT)
  f_20E8_08EF: EXACT (reloc order EXACT)
  f_20E8_0A21: EXACT (reloc order GROUPED)
  win_LoadWindow: EXACT (reloc order GROUPED)
  win_Open: EXACT (reloc order GROUPED)
  f_20E8_0903: FAIL length 280 != target 286; bytes differ (first at +0x77, 145 differing); relocation set differs (6 vs 6)
  data _DATA: EXACT (132 bytes, relocation order EXACT)
  data CONST: EXACT (14 bytes, relocation order GROUPED)
REFUSED: not every claim is exact (existing claims must not regress)

[14/40] index_ptradd_origin_mode_ref (exit 1)
  f_20E8_0000: EXACT (reloc order EXACT)
  win_LoadAllWindows: EXACT (reloc order GROUPED)
  win_Swap: EXACT (reloc order GROUPED)
  win_Close: EXACT (reloc order GROUPED)
  f_20E8_0725: EXACT (reloc order GROUPED)
  f_20E8_0776: EXACT (reloc order GROUPED)
  win_SetWinDrawHook: EXACT (reloc order EXACT)
  f_20E8_088B: EXACT (reloc order EXACT)
  f_20E8_089F: EXACT (reloc order EXACT)
  f_20E8_08B3: EXACT (reloc order EXACT)
  f_20E8_08C7: EXACT (reloc order EXACT)
  f_20E8_08DB: EXACT (reloc order EXACT)
  f_20E8_08EF: EXACT (reloc order EXACT)
  f_20E8_0A21: EXACT (reloc order GROUPED)
  win_LoadWindow: EXACT (reloc order GROUPED)
  win_Open: EXACT (reloc order GROUPED)
  f_20E8_0903: FAIL length 280 != target 286; bytes differ (first at +0x77, 145 differing); relocation set differs (6 vs 6)
  data _DATA: EXACT (132 bytes, relocation order EXACT)
  data CONST: EXACT (14 bytes, relocation order GROUPED)
REFUSED: not every claim is exact (existing claims must not regress)

[15/40] index_ptradd_o (exit 1)
  f_20E8_0000: EXACT (reloc order EXACT)
  win_LoadAllWindows: EXACT (reloc order GROUPED)
  win_Swap: EXACT (reloc order GROUPED)
  win_Close: EXACT (reloc order GROUPED)
  f_20E8_0725: EXACT (reloc order GROUPED)
  f_20E8_0776: EXACT (reloc order GROUPED)
  win_SetWinDrawHook: EXACT (reloc order EXACT)
  f_20E8_088B: EXACT (reloc order EXACT)
  f_20E8_089F: EXACT (reloc order EXACT)
  f_20E8_08B3: EXACT (reloc order EXACT)
  f_20E8_08C7: EXACT (reloc order EXACT)
  f_20E8_08DB: EXACT (reloc order EXACT)
  f_20E8_08EF: EXACT (reloc order EXACT)
  f_20E8_0A21: EXACT (reloc order GROUPED)
  win_LoadWindow: EXACT (reloc order GROUPED)
  win_Open: EXACT (reloc order GROUPED)
  f_20E8_0903: FAIL length 280 != target 286; bytes differ (first at +0x77, 145 differing); relocation set differs (6 vs 6)
  data _DATA: EXACT (132 bytes, relocation order EXACT)
  data CONST: EXACT (14 bytes, relocation order GROUPED)
REFUSED: not every claim is exact (existing claims must not regress)

[16/40] index_ptradd_origin_o (exit 1)
  f_20E8_0000: EXACT (reloc order EXACT)
  win_LoadAllWindows: EXACT (reloc order GROUPED)
  win_Swap: EXACT (reloc order GROUPED)
  win_Close: EXACT (reloc order GROUPED)
  f_20E8_0725: EXACT (reloc order GROUPED)
  f_20E8_0776: EXACT (reloc order GROUPED)
  win_SetWinDrawHook: EXACT (reloc order EXACT)
  f_20E8_088B: EXACT (reloc order EXACT)
  f_20E8_089F: EXACT (reloc order EXACT)
  f_20E8_08B3: EXACT (reloc order EXACT)
  f_20E8_08C7: EXACT (reloc order EXACT)
  f_20E8_08DB: EXACT (reloc order EXACT)
  f_20E8_08EF: EXACT (reloc order EXACT)
  f_20E8_0A21: EXACT (reloc order GROUPED)
  win_LoadWindow: EXACT (reloc order GROUPED)
  win_Open: EXACT (reloc order GROUPED)
  f_20E8_0903: FAIL length 280 != target 286; bytes differ (first at +0x77, 145 differing); relocation set differs (6 vs 6)
  data _DATA: EXACT (132 bytes, relocation order EXACT)
  data CONST: EXACT (14 bytes, relocation order GROUPED)
REFUSED: not every claim is exact (existing claims must not regress)

[17/40] index_ptradd_mode_o (exit 1)
  f_20E8_0000: EXACT (reloc order EXACT)
  win_LoadAllWindows: EXACT (reloc order GROUPED)
  win_Swap: EXACT (reloc order GROUPED)
  win_Close: EXACT (reloc order GROUPED)
  f_20E8_0725: EXACT (reloc order GROUPED)
  f_20E8_0776: EXACT (reloc order GROUPED)
  win_SetWinDrawHook: EXACT (reloc order EXACT)
  f_20E8_088B: EXACT (reloc order EXACT)
  f_20E8_089F: EXACT (reloc order EXACT)
  f_20E8_08B3: EXACT (reloc order EXACT)
  f_20E8_08C7: EXACT (reloc order EXACT)
  f_20E8_08DB: EXACT (reloc order EXACT)
  f_20E8_08EF: EXACT (reloc order EXACT)
  f_20E8_0A21: EXACT (reloc order GROUPED)
  win_LoadWindow: EXACT (reloc order GROUPED)
  win_Open: EXACT (reloc order GROUPED)
  f_20E8_0903: FAIL length 280 != target 286; bytes differ (first at +0x77, 145 differing); relocation set differs (6 vs 6)
  data _DATA: EXACT (132 bytes, relocation order EXACT)
  data CONST: EXACT (14 bytes, relocation order GROUPED)
REFUSED: not every claim is exact (existing claims must not regress)

[18/40] index_ptradd_origin_mode_o (exit 1)
  f_20E8_0000: EXACT (reloc order EXACT)
  win_LoadAllWindows: EXACT (reloc order GROUPED)
  win_Swap: EXACT (reloc order GROUPED)
  win_Close: EXACT (reloc order GROUPED)
  f_20E8_0725: EXACT (reloc order GROUPED)
  f_20E8_0776: EXACT (reloc order GROUPED)
  win_SetWinDrawHook: EXACT (reloc order EXACT)
  f_20E8_088B: EXACT (reloc order EXACT)
  f_20E8_089F: EXACT (reloc order EXACT)
  f_20E8_08B3: EXACT (reloc order EXACT)
  f_20E8_08C7: EXACT (reloc order EXACT)
  f_20E8_08DB: EXACT (reloc order EXACT)
  f_20E8_08EF: EXACT (reloc order EXACT)
  f_20E8_0A21: EXACT (reloc order GROUPED)
  win_LoadWindow: EXACT (reloc order GROUPED)
  win_Open: EXACT (reloc order GROUPED)
  f_20E8_0903: FAIL length 280 != target 286; bytes differ (first at +0x77, 145 differing); relocation set differs (6 vs 6)
  data _DATA: EXACT (132 bytes, relocation order EXACT)
  data CONST: EXACT (14 bytes, relocation order GROUPED)
REFUSED: not every claim is exact (existing claims must not regress)

[19/40] index_ptradd_ref_o (exit 1)
  f_20E8_0000: EXACT (reloc order EXACT)
  win_LoadAllWindows: EXACT (reloc order GROUPED)
  win_Swap: EXACT (reloc order GROUPED)
  win_Close: EXACT (reloc order GROUPED)
  f_20E8_0725: EXACT (reloc order GROUPED)
  f_20E8_0776: EXACT (reloc order GROUPED)
  win_SetWinDrawHook: EXACT (reloc order EXACT)
  f_20E8_088B: EXACT (reloc order EXACT)
  f_20E8_089F: EXACT (reloc order EXACT)
  f_20E8_08B3: EXACT (reloc order EXACT)
  f_20E8_08C7: EXACT (reloc order EXACT)
  f_20E8_08DB: EXACT (reloc order EXACT)
  f_20E8_08EF: EXACT (reloc order EXACT)
  f_20E8_0A21: EXACT (reloc order GROUPED)
  win_LoadWindow: EXACT (reloc order GROUPED)
  win_Open: EXACT (reloc order GROUPED)
  f_20E8_0903: FAIL length 280 != target 286; bytes differ (first at +0x77, 145 differing); relocation set differs (6 vs 6)
  data _DATA: EXACT (132 bytes, relocation order EXACT)
  data CONST: EXACT (14 bytes, relocation order GROUPED)
REFUSED: not every claim is exact (existing claims must not regress)

[20/40] index_ptradd_origin_ref_o (exit 1)
  f_20E8_0000: EXACT (reloc order EXACT)
  win_LoadAllWindows: EXACT (reloc order GROUPED)
  win_Swap: EXACT (reloc order GROUPED)
  win_Close: EXACT (reloc order GROUPED)
  f_20E8_0725: EXACT (reloc order GROUPED)
  f_20E8_0776: EXACT (reloc order GROUPED)
  win_SetWinDrawHook: EXACT (reloc order EXACT)
  f_20E8_088B: EXACT (reloc order EXACT)
  f_20E8_089F: EXACT (reloc order EXACT)
  f_20E8_08B3: EXACT (reloc order EXACT)
  f_20E8_08C7: EXACT (reloc order EXACT)
  f_20E8_08DB: EXACT (reloc order EXACT)
  f_20E8_08EF: EXACT (reloc order EXACT)
  f_20E8_0A21: EXACT (reloc order GROUPED)
  win_LoadWindow: EXACT (reloc order GROUPED)
  win_Open: EXACT (reloc order GROUPED)
  f_20E8_0903: FAIL length 280 != target 286; bytes differ (first at +0x77, 145 differing); relocation set differs (6 vs 6)
  data _DATA: EXACT (132 bytes, relocation order EXACT)
  data CONST: EXACT (14 bytes, relocation order GROUPED)
REFUSED: not every claim is exact (existing claims must not regress)

[21/40] index_ptradd_mode_ref_o (exit 1)
  f_20E8_0000: EXACT (reloc order EXACT)
  win_LoadAllWindows: EXACT (reloc order GROUPED)
  win_Swap: EXACT (reloc order GROUPED)
  win_Close: EXACT (reloc order GROUPED)
  f_20E8_0725: EXACT (reloc order GROUPED)
  f_20E8_0776: EXACT (reloc order GROUPED)
  win_SetWinDrawHook: EXACT (reloc order EXACT)
  f_20E8_088B: EXACT (reloc order EXACT)
  f_20E8_089F: EXACT (reloc order EXACT)
  f_20E8_08B3: EXACT (reloc order EXACT)
  f_20E8_08C7: EXACT (reloc order EXACT)
  f_20E8_08DB: EXACT (reloc order EXACT)
  f_20E8_08EF: EXACT (reloc order EXACT)
  f_20E8_0A21: EXACT (reloc order GROUPED)
  win_LoadWindow: EXACT (reloc order GROUPED)
  win_Open: EXACT (reloc order GROUPED)
  f_20E8_0903: FAIL length 280 != target 286; bytes differ (first at +0x77, 145 differing); relocation set differs (6 vs 6)
  data _DATA: EXACT (132 bytes, relocation order EXACT)
  data CONST: EXACT (14 bytes, relocation order GROUPED)
REFUSED: not every claim is exact (existing claims must not regress)

[22/40] index_ptradd_origin_mode_ref_o (exit 1)
  f_20E8_0000: EXACT (reloc order EXACT)
  win_LoadAllWindows: EXACT (reloc order GROUPED)
  win_Swap: EXACT (reloc order GROUPED)
  win_Close: EXACT (reloc order GROUPED)
  f_20E8_0725: EXACT (reloc order GROUPED)
  f_20E8_0776: EXACT (reloc order GROUPED)
  win_SetWinDrawHook: EXACT (reloc order EXACT)
  f_20E8_088B: EXACT (reloc order EXACT)
  f_20E8_089F: EXACT (reloc order EXACT)
  f_20E8_08B3: EXACT (reloc order EXACT)
  f_20E8_08C7: EXACT (reloc order EXACT)
  f_20E8_08DB: EXACT (reloc order EXACT)
  f_20E8_08EF: EXACT (reloc order EXACT)
  f_20E8_0A21: EXACT (reloc order GROUPED)
  win_LoadWindow: EXACT (reloc order GROUPED)
  win_Open: EXACT (reloc order GROUPED)
  f_20E8_0903: FAIL length 280 != target 286; bytes differ (first at +0x77, 145 differing); relocation set differs (6 vs 6)
  data _DATA: EXACT (132 bytes, relocation order EXACT)
  data CONST: EXACT (14 bytes, relocation order GROUPED)
REFUSED: not every claim is exact (existing claims must not regress)

[23/40] index_ptradd_rect (exit 1)
  f_20E8_0000: EXACT (reloc order EXACT)
  win_LoadAllWindows: EXACT (reloc order GROUPED)
  win_Swap: EXACT (reloc order GROUPED)
  win_Close: EXACT (reloc order GROUPED)
  f_20E8_0725: EXACT (reloc order GROUPED)
  f_20E8_0776: EXACT (reloc order GROUPED)
  win_SetWinDrawHook: EXACT (reloc order EXACT)
  f_20E8_088B: EXACT (reloc order EXACT)
  f_20E8_089F: EXACT (reloc order EXACT)
  f_20E8_08B3: EXACT (reloc order EXACT)
  f_20E8_08C7: EXACT (reloc order EXACT)
  f_20E8_08DB: EXACT (reloc order EXACT)
  f_20E8_08EF: EXACT (reloc order EXACT)
  f_20E8_0A21: EXACT (reloc order GROUPED)
  win_LoadWindow: EXACT (reloc order GROUPED)
  win_Open: EXACT (reloc order GROUPED)
  f_20E8_0903: FAIL length 280 != target 286; bytes differ (first at +0x77, 145 differing); relocation set differs (6 vs 6)
  data _DATA: EXACT (132 bytes, relocation order EXACT)
  data CONST: EXACT (14 bytes, relocation order GROUPED)
REFUSED: not every claim is exact (existing claims must not regress)

[24/40] index_ptradd_origin_rect (exit 1)
  f_20E8_0000: EXACT (reloc order EXACT)
  win_LoadAllWindows: EXACT (reloc order GROUPED)
  win_Swap: EXACT (reloc order GROUPED)
  win_Close: EXACT (reloc order GROUPED)
  f_20E8_0725: EXACT (reloc order GROUPED)
  f_20E8_0776: EXACT (reloc order GROUPED)
  win_SetWinDrawHook: EXACT (reloc order EXACT)
  f_20E8_088B: EXACT (reloc order EXACT)
  f_20E8_089F: EXACT (reloc order EXACT)
  f_20E8_08B3: EXACT (reloc order EXACT)
  f_20E8_08C7: EXACT (reloc order EXACT)
  f_20E8_08DB: EXACT (reloc order EXACT)
  f_20E8_08EF: EXACT (reloc order EXACT)
  f_20E8_0A21: EXACT (reloc order GROUPED)
  win_LoadWindow: EXACT (reloc order GROUPED)
  win_Open: EXACT (reloc order GROUPED)
  f_20E8_0903: FAIL length 280 != target 286; bytes differ (first at +0x77, 145 differing); relocation set differs (6 vs 6)
  data _DATA: EXACT (132 bytes, relocation order EXACT)
  data CONST: EXACT (14 bytes, relocation order GROUPED)
REFUSED: not every claim is exact (existing claims must not regress)

[25/40] index_ptradd_mode_rect (exit 1)
  f_20E8_0000: EXACT (reloc order EXACT)
  win_LoadAllWindows: EXACT (reloc order GROUPED)
  win_Swap: EXACT (reloc order GROUPED)
  win_Close: EXACT (reloc order GROUPED)
  f_20E8_0725: EXACT (reloc order GROUPED)
  f_20E8_0776: EXACT (reloc order GROUPED)
  win_SetWinDrawHook: EXACT (reloc order EXACT)
  f_20E8_088B: EXACT (reloc order EXACT)
  f_20E8_089F: EXACT (reloc order EXACT)
  f_20E8_08B3: EXACT (reloc order EXACT)
  f_20E8_08C7: EXACT (reloc order EXACT)
  f_20E8_08DB: EXACT (reloc order EXACT)
  f_20E8_08EF: EXACT (reloc order EXACT)
  f_20E8_0A21: EXACT (reloc order GROUPED)
  win_LoadWindow: EXACT (reloc order GROUPED)
  win_Open: EXACT (reloc order GROUPED)
  f_20E8_0903: FAIL length 280 != target 286; bytes differ (first at +0x77, 145 differing); relocation set differs (6 vs 6)
  data _DATA: EXACT (132 bytes, relocation order EXACT)
  data CONST: EXACT (14 bytes, relocation order GROUPED)
REFUSED: not every claim is exact (existing claims must not regress)

[26/40] index_ptradd_origin_mode_rect (exit 1)
  f_20E8_0000: EXACT (reloc order EXACT)
  win_LoadAllWindows: EXACT (reloc order GROUPED)
  win_Swap: EXACT (reloc order GROUPED)
  win_Close: EXACT (reloc order GROUPED)
  f_20E8_0725: EXACT (reloc order GROUPED)
  f_20E8_0776: EXACT (reloc order GROUPED)
  win_SetWinDrawHook: EXACT (reloc order EXACT)
  f_20E8_088B: EXACT (reloc order EXACT)
  f_20E8_089F: EXACT (reloc order EXACT)
  f_20E8_08B3: EXACT (reloc order EXACT)
  f_20E8_08C7: EXACT (reloc order EXACT)
  f_20E8_08DB: EXACT (reloc order EXACT)
  f_20E8_08EF: EXACT (reloc order EXACT)
  f_20E8_0A21: EXACT (reloc order GROUPED)
  win_LoadWindow: EXACT (reloc order GROUPED)
  win_Open: EXACT (reloc order GROUPED)
  f_20E8_0903: FAIL length 280 != target 286; bytes differ (first at +0x77, 145 differing); relocation set differs (6 vs 6)
  data _DATA: EXACT (132 bytes, relocation order EXACT)
  data CONST: EXACT (14 bytes, relocation order GROUPED)
REFUSED: not every claim is exact (existing claims must not regress)

[27/40] index_ptradd_ref_rect (exit 1)
  f_20E8_0000: EXACT (reloc order EXACT)
  win_LoadAllWindows: EXACT (reloc order GROUPED)
  win_Swap: EXACT (reloc order GROUPED)
  win_Close: EXACT (reloc order GROUPED)
  f_20E8_0725: EXACT (reloc order GROUPED)
  f_20E8_0776: EXACT (reloc order GROUPED)
  win_SetWinDrawHook: EXACT (reloc order EXACT)
  f_20E8_088B: EXACT (reloc order EXACT)
  f_20E8_089F: EXACT (reloc order EXACT)
  f_20E8_08B3: EXACT (reloc order EXACT)
  f_20E8_08C7: EXACT (reloc order EXACT)
  f_20E8_08DB: EXACT (reloc order EXACT)
  f_20E8_08EF: EXACT (reloc order EXACT)
  f_20E8_0A21: EXACT (reloc order GROUPED)
  win_LoadWindow: EXACT (reloc order GROUPED)
  win_Open: EXACT (reloc order GROUPED)
  f_20E8_0903: FAIL length 280 != target 286; bytes differ (first at +0x77, 145 differing); relocation set differs (6 vs 6)
  data _DATA: EXACT (132 bytes, relocation order EXACT)
  data CONST: EXACT (14 bytes, relocation order GROUPED)
REFUSED: not every claim is exact (existing claims must not regress)

[28/40] index_ptradd_origin_ref_rect (exit 1)
  f_20E8_0000: EXACT (reloc order EXACT)
  win_LoadAllWindows: EXACT (reloc order GROUPED)
  win_Swap: EXACT (reloc order GROUPED)
  win_Close: EXACT (reloc order GROUPED)
  f_20E8_0725: EXACT (reloc order GROUPED)
  f_20E8_0776: EXACT (reloc order GROUPED)
  win_SetWinDrawHook: EXACT (reloc order EXACT)
  f_20E8_088B: EXACT (reloc order EXACT)
  f_20E8_089F: EXACT (reloc order EXACT)
  f_20E8_08B3: EXACT (reloc order EXACT)
  f_20E8_08C7: EXACT (reloc order EXACT)
  f_20E8_08DB: EXACT (reloc order EXACT)
  f_20E8_08EF: EXACT (reloc order EXACT)
  f_20E8_0A21: EXACT (reloc order GROUPED)
  win_LoadWindow: EXACT (reloc order GROUPED)
  win_Open: EXACT (reloc order GROUPED)
  f_20E8_0903: FAIL length 280 != target 286; bytes differ (first at +0x77, 145 differing); relocation set differs (6 vs 6)
  data _DATA: EXACT (132 bytes, relocation order EXACT)
  data CONST: EXACT (14 bytes, relocation order GROUPED)
REFUSED: not every claim is exact (existing claims must not regress)

[29/40] index_ptradd_mode_ref_rect (exit 1)
  f_20E8_0000: EXACT (reloc order EXACT)
  win_LoadAllWindows: EXACT (reloc order GROUPED)
  win_Swap: EXACT (reloc order GROUPED)
  win_Close: EXACT (reloc order GROUPED)
  f_20E8_0725: EXACT (reloc order GROUPED)
  f_20E8_0776: EXACT (reloc order GROUPED)
  win_SetWinDrawHook: EXACT (reloc order EXACT)
  f_20E8_088B: EXACT (reloc order EXACT)
  f_20E8_089F: EXACT (reloc order EXACT)
  f_20E8_08B3: EXACT (reloc order EXACT)
  f_20E8_08C7: EXACT (reloc order EXACT)
  f_20E8_08DB: EXACT (reloc order EXACT)
  f_20E8_08EF: EXACT (reloc order EXACT)
  f_20E8_0A21: EXACT (reloc order GROUPED)
  win_LoadWindow: EXACT (reloc order GROUPED)
  win_Open: EXACT (reloc order GROUPED)
  f_20E8_0903: FAIL length 280 != target 286; bytes differ (first at +0x77, 145 differing); relocation set differs (6 vs 6)
  data _DATA: EXACT (132 bytes, relocation order EXACT)
  data CONST: EXACT (14 bytes, relocation order GROUPED)
REFUSED: not every claim is exact (existing claims must not regress)

[30/40] index_ptradd_origin_mode_ref_rect (exit 1)
  f_20E8_0000: EXACT (reloc order EXACT)
  win_LoadAllWindows: EXACT (reloc order GROUPED)
  win_Swap: EXACT (reloc order GROUPED)
  win_Close: EXACT (reloc order GROUPED)
  f_20E8_0725: EXACT (reloc order GROUPED)
  f_20E8_0776: EXACT (reloc order GROUPED)
  win_SetWinDrawHook: EXACT (reloc order EXACT)
  f_20E8_088B: EXACT (reloc order EXACT)
  f_20E8_089F: EXACT (reloc order EXACT)
  f_20E8_08B3: EXACT (reloc order EXACT)
  f_20E8_08C7: EXACT (reloc order EXACT)
  f_20E8_08DB: EXACT (reloc order EXACT)
  f_20E8_08EF: EXACT (reloc order EXACT)
  f_20E8_0A21: EXACT (reloc order GROUPED)
  win_LoadWindow: EXACT (reloc order GROUPED)
  win_Open: EXACT (reloc order GROUPED)
  f_20E8_0903: FAIL length 280 != target 286; bytes differ (first at +0x77, 145 differing); relocation set differs (6 vs 6)
  data _DATA: EXACT (132 bytes, relocation order EXACT)
  data CONST: EXACT (14 bytes, relocation order GROUPED)
REFUSED: not every claim is exact (existing claims must not regress)

[31/40] index_ptradd_o_rect (exit 1)
  f_20E8_0000: EXACT (reloc order EXACT)
  win_LoadAllWindows: EXACT (reloc order GROUPED)
  win_Swap: EXACT (reloc order GROUPED)
  win_Close: EXACT (reloc order GROUPED)
  f_20E8_0725: EXACT (reloc order GROUPED)
  f_20E8_0776: EXACT (reloc order GROUPED)
  win_SetWinDrawHook: EXACT (reloc order EXACT)
  f_20E8_088B: EXACT (reloc order EXACT)
  f_20E8_089F: EXACT (reloc order EXACT)
  f_20E8_08B3: EXACT (reloc order EXACT)
  f_20E8_08C7: EXACT (reloc order EXACT)
  f_20E8_08DB: EXACT (reloc order EXACT)
  f_20E8_08EF: EXACT (reloc order EXACT)
  f_20E8_0A21: EXACT (reloc order GROUPED)
  win_LoadWindow: EXACT (reloc order GROUPED)
  win_Open: EXACT (reloc order GROUPED)
  f_20E8_0903: FAIL length 280 != target 286; bytes differ (first at +0x77, 145 differing); relocation set differs (6 vs 6)
  data _DATA: EXACT (132 bytes, relocation order EXACT)
  data CONST: EXACT (14 bytes, relocation order GROUPED)
REFUSED: not every claim is exact (existing claims must not regress)

[32/40] index_ptradd_origin_o_rect (exit 1)
  f_20E8_0000: EXACT (reloc order EXACT)
  win_LoadAllWindows: EXACT (reloc order GROUPED)
  win_Swap: EXACT (reloc order GROUPED)
  win_Close: EXACT (reloc order GROUPED)
  f_20E8_0725: EXACT (reloc order GROUPED)
  f_20E8_0776: EXACT (reloc order GROUPED)
  win_SetWinDrawHook: EXACT (reloc order EXACT)
  f_20E8_088B: EXACT (reloc order EXACT)
  f_20E8_089F: EXACT (reloc order EXACT)
  f_20E8_08B3: EXACT (reloc order EXACT)
  f_20E8_08C7: EXACT (reloc order EXACT)
  f_20E8_08DB: EXACT (reloc order EXACT)
  f_20E8_08EF: EXACT (reloc order EXACT)
  f_20E8_0A21: EXACT (reloc order GROUPED)
  win_LoadWindow: EXACT (reloc order GROUPED)
  win_Open: EXACT (reloc order GROUPED)
  f_20E8_0903: FAIL length 280 != target 286; bytes differ (first at +0x77, 145 differing); relocation set differs (6 vs 6)
  data _DATA: EXACT (132 bytes, relocation order EXACT)
  data CONST: EXACT (14 bytes, relocation order GROUPED)
REFUSED: not every claim is exact (existing claims must not regress)

[33/40] index_ptradd_mode_o_rect (exit 1)
  f_20E8_0000: EXACT (reloc order EXACT)
  win_LoadAllWindows: EXACT (reloc order GROUPED)
  win_Swap: EXACT (reloc order GROUPED)
  win_Close: EXACT (reloc order GROUPED)
  f_20E8_0725: EXACT (reloc order GROUPED)
  f_20E8_0776: EXACT (reloc order GROUPED)
  win_SetWinDrawHook: EXACT (reloc order EXACT)
  f_20E8_088B: EXACT (reloc order EXACT)
  f_20E8_089F: EXACT (reloc order EXACT)
  f_20E8_08B3: EXACT (reloc order EXACT)
  f_20E8_08C7: EXACT (reloc order EXACT)
  f_20E8_08DB: EXACT (reloc order EXACT)
  f_20E8_08EF: EXACT (reloc order EXACT)
  f_20E8_0A21: EXACT (reloc order GROUPED)
  win_LoadWindow: EXACT (reloc order GROUPED)
  win_Open: EXACT (reloc order GROUPED)
  f_20E8_0903: FAIL length 280 != target 286; bytes differ (first at +0x77, 145 differing); relocation set differs (6 vs 6)
  data _DATA: EXACT (132 bytes, relocation order EXACT)
  data CONST: EXACT (14 bytes, relocation order GROUPED)
REFUSED: not every claim is exact (existing claims must not regress)

[34/40] index_ptradd_origin_mode_o_rect (exit 1)
  f_20E8_0000: EXACT (reloc order EXACT)
  win_LoadAllWindows: EXACT (reloc order GROUPED)
  win_Swap: EXACT (reloc order GROUPED)
  win_Close: EXACT (reloc order GROUPED)
  f_20E8_0725: EXACT (reloc order GROUPED)
  f_20E8_0776: EXACT (reloc order GROUPED)
  win_SetWinDrawHook: EXACT (reloc order EXACT)
  f_20E8_088B: EXACT (reloc order EXACT)
  f_20E8_089F: EXACT (reloc order EXACT)
  f_20E8_08B3: EXACT (reloc order EXACT)
  f_20E8_08C7: EXACT (reloc order EXACT)
  f_20E8_08DB: EXACT (reloc order EXACT)
  f_20E8_08EF: EXACT (reloc order EXACT)
  f_20E8_0A21: EXACT (reloc order GROUPED)
  win_LoadWindow: EXACT (reloc order GROUPED)
  win_Open: EXACT (reloc order GROUPED)
  f_20E8_0903: FAIL length 280 != target 286; bytes differ (first at +0x77, 145 differing); relocation set differs (6 vs 6)
  data _DATA: EXACT (132 bytes, relocation order EXACT)
  data CONST: EXACT (14 bytes, relocation order GROUPED)
REFUSED: not every claim is exact (existing claims must not regress)

[35/40] index_ptradd_ref_o_rect (exit 1)
  f_20E8_0000: EXACT (reloc order EXACT)
  win_LoadAllWindows: EXACT (reloc order GROUPED)
  win_Swap: EXACT (reloc order GROUPED)
  win_Close: EXACT (reloc order GROUPED)
  f_20E8_0725: EXACT (reloc order GROUPED)
  f_20E8_0776: EXACT (reloc order GROUPED)
  win_SetWinDrawHook: EXACT (reloc order EXACT)
  f_20E8_088B: EXACT (reloc order EXACT)
  f_20E8_089F: EXACT (reloc order EXACT)
  f_20E8_08B3: EXACT (reloc order EXACT)
  f_20E8_08C7: EXACT (reloc order EXACT)
  f_20E8_08DB: EXACT (reloc order EXACT)
  f_20E8_08EF: EXACT (reloc order EXACT)
  f_20E8_0A21: EXACT (reloc order GROUPED)
  win_LoadWindow: EXACT (reloc order GROUPED)
  win_Open: EXACT (reloc order GROUPED)
  f_20E8_0903: FAIL length 280 != target 286; bytes differ (first at +0x77, 145 differing); relocation set differs (6 vs 6)
  data _DATA: EXACT (132 bytes, relocation order EXACT)
  data CONST: EXACT (14 bytes, relocation order GROUPED)
REFUSED: not every claim is exact (existing claims must not regress)

[36/40] index_ptradd_origin_ref_o_rect (exit 1)
  f_20E8_0000: EXACT (reloc order EXACT)
  win_LoadAllWindows: EXACT (reloc order GROUPED)
  win_Swap: EXACT (reloc order GROUPED)
  win_Close: EXACT (reloc order GROUPED)
  f_20E8_0725: EXACT (reloc order GROUPED)
  f_20E8_0776: EXACT (reloc order GROUPED)
  win_SetWinDrawHook: EXACT (reloc order EXACT)
  f_20E8_088B: EXACT (reloc order EXACT)
  f_20E8_089F: EXACT (reloc order EXACT)
  f_20E8_08B3: EXACT (reloc order EXACT)
  f_20E8_08C7: EXACT (reloc order EXACT)
  f_20E8_08DB: EXACT (reloc order EXACT)
  f_20E8_08EF: EXACT (reloc order EXACT)
  f_20E8_0A21: EXACT (reloc order GROUPED)
  win_LoadWindow: EXACT (reloc order GROUPED)
  win_Open: EXACT (reloc order GROUPED)
  f_20E8_0903: FAIL length 280 != target 286; bytes differ (first at +0x77, 145 differing); relocation set differs (6 vs 6)
  data _DATA: EXACT (132 bytes, relocation order EXACT)
  data CONST: EXACT (14 bytes, relocation order GROUPED)
REFUSED: not every claim is exact (existing claims must not regress)

[37/40] index_ptradd_mode_ref_o_rect (exit 1)
  f_20E8_0000: EXACT (reloc order EXACT)
  win_LoadAllWindows: EXACT (reloc order GROUPED)
  win_Swap: EXACT (reloc order GROUPED)
  win_Close: EXACT (reloc order GROUPED)
  f_20E8_0725: EXACT (reloc order GROUPED)
  f_20E8_0776: EXACT (reloc order GROUPED)
  win_SetWinDrawHook: EXACT (reloc order EXACT)
  f_20E8_088B: EXACT (reloc order EXACT)
  f_20E8_089F: EXACT (reloc order EXACT)
  f_20E8_08B3: EXACT (reloc order EXACT)
  f_20E8_08C7: EXACT (reloc order EXACT)
  f_20E8_08DB: EXACT (reloc order EXACT)
  f_20E8_08EF: EXACT (reloc order EXACT)
  f_20E8_0A21: EXACT (reloc order GROUPED)
  win_LoadWindow: EXACT (reloc order GROUPED)
  win_Open: EXACT (reloc order GROUPED)
  f_20E8_0903: FAIL length 280 != target 286; bytes differ (first at +0x77, 145 differing); relocation set differs (6 vs 6)
  data _DATA: EXACT (132 bytes, relocation order EXACT)
  data CONST: EXACT (14 bytes, relocation order GROUPED)
REFUSED: not every claim is exact (existing claims must not regress)

[38/40] index_ptradd_origin_mode_ref_o_rect (exit 1)
  f_20E8_0000: EXACT (reloc order EXACT)
  win_LoadAllWindows: EXACT (reloc order GROUPED)
  win_Swap: EXACT (reloc order GROUPED)
  win_Close: EXACT (reloc order GROUPED)
  f_20E8_0725: EXACT (reloc order GROUPED)
  f_20E8_0776: EXACT (reloc order GROUPED)
  win_SetWinDrawHook: EXACT (reloc order EXACT)
  f_20E8_088B: EXACT (reloc order EXACT)
  f_20E8_089F: EXACT (reloc order EXACT)
  f_20E8_08B3: EXACT (reloc order EXACT)
  f_20E8_08C7: EXACT (reloc order EXACT)
  f_20E8_08DB: EXACT (reloc order EXACT)
  f_20E8_08EF: EXACT (reloc order EXACT)
  f_20E8_0A21: EXACT (reloc order GROUPED)
  win_LoadWindow: EXACT (reloc order GROUPED)
  win_Open: EXACT (reloc order GROUPED)
  f_20E8_0903: FAIL length 280 != target 286; bytes differ (first at +0x77, 145 differing); relocation set differs (6 vs 6)
  data _DATA: EXACT (132 bytes, relocation order EXACT)
  data CONST: EXACT (14 bytes, relocation order GROUPED)
REFUSED: not every claim is exact (existing claims must not regress)

[39/40] rhs_rect_index_first (exit 1)
  f_20E8_0000: EXACT (reloc order EXACT)
  win_LoadAllWindows: EXACT (reloc order GROUPED)
  win_Swap: EXACT (reloc order GROUPED)
  win_Close: EXACT (reloc order GROUPED)
  f_20E8_0725: EXACT (reloc order GROUPED)
  f_20E8_0776: EXACT (reloc order GROUPED)
  win_SetWinDrawHook: EXACT (reloc order EXACT)
  f_20E8_088B: EXACT (reloc order EXACT)
  f_20E8_089F: EXACT (reloc order EXACT)
  f_20E8_08B3: EXACT (reloc order EXACT)
  f_20E8_08C7: EXACT (reloc order EXACT)
  f_20E8_08DB: EXACT (reloc order EXACT)
  f_20E8_08EF: EXACT (reloc order EXACT)
  f_20E8_0A21: EXACT (reloc order GROUPED)
  win_LoadWindow: EXACT (reloc order GROUPED)
  win_Open: EXACT (reloc order GROUPED)
  f_20E8_0903: FAIL length 280 != target 286; bytes differ (first at +0x77, 145 differing); relocation set differs (6 vs 6)
  data _DATA: EXACT (132 bytes, relocation order EXACT)
  data CONST: EXACT (14 bytes, relocation order GROUPED)
REFUSED: not every claim is exact (existing claims must not regress)

[40/40] rhs_o_index_first (exit 1)
  f_20E8_0000: EXACT (reloc order EXACT)
  win_LoadAllWindows: EXACT (reloc order GROUPED)
  win_Swap: EXACT (reloc order GROUPED)
  win_Close: EXACT (reloc order GROUPED)
  f_20E8_0725: EXACT (reloc order GROUPED)
  f_20E8_0776: EXACT (reloc order GROUPED)
  win_SetWinDrawHook: EXACT (reloc order EXACT)
  f_20E8_088B: EXACT (reloc order EXACT)
  f_20E8_089F: EXACT (reloc order EXACT)
  f_20E8_08B3: EXACT (reloc order EXACT)
  f_20E8_08C7: EXACT (reloc order EXACT)
  f_20E8_08DB: EXACT (reloc order EXACT)
  f_20E8_08EF: EXACT (reloc order EXACT)
  f_20E8_0A21: EXACT (reloc order GROUPED)
  win_LoadWindow: EXACT (reloc order GROUPED)
  win_Open: EXACT (reloc order GROUPED)
  f_20E8_0903: FAIL length 280 != target 286; bytes differ (first at +0x77, 145 differing); relocation set differs (6 vs 6)
  data _DATA: EXACT (132 bytes, relocation order EXACT)
  data CONST: EXACT (14 bytes, relocation order GROUPED)
REFUSED: not every claim is exact (existing claims must not regress)
