v0 [1, 22, 240, 14] False
v1 [1, 34, 239, 15] False
v2 [1, 22, 240, 14] False
v3 [1, 34, 239, 15] False
v4 [1, 22, 240, 14] False
v5 [1, 34, 239, 15] False
v6 [1, 22, 240, 14] False
v7 [1, 34, 239, 15] False
v8 [1, 22, 240, 14] False
v9 [1, 34, 239, 15] False
v10 [1, 22, 240, 14] False
v11 [1, 34, 239, 15] False
v12 [1, 22, 240, 14] False
v13 [1, 34, 239, 15] False
v14 [1, 22, 240, 14] False
v15 [1, 34, 239, 15] False
v16 [1, 16, 225, 3] False
v17 [1, 31, 226, 5] False
v18 [1, 16, 225, 3] False
v19 [1, 31, 226, 5] False
v20 [1, 16, 225, 3] False
v21 [1, 31, 226, 5] False
v22 [1, 16, 225, 3] False
v23 [1, 31, 226, 5] False
v24 [1, 16, 225, 3] False
v25 [1, 31, 226, 5] False
v26 [1, 16, 225, 3] False
v27 [1, 31, 226, 5] False
v28 [1, 16, 225, 3] False
v29 [1, 31, 226, 5] False
v30 [1, 16, 225, 3] False
v31 [1, 31, 226, 5] False
v32 [1, 11, 213, 6] False
v33 [1, 24, 213, 6] False
v34 [1, 11, 213, 6] False
v35 [1, 24, 213, 6] False
v36 [1, 11, 213, 6] False
v37 [1, 24, 213, 6] False
v38 [1, 11, 213, 6] False
v39 [1, 24, 213, 6] False
v40 [1, 19, 226, 4] False
v41 [1, 29, 214, 6] False
v42 [1, 19, 226, 4] False
v43 [1, 29, 214, 6] False
v44 [1, 19, 226, 4] False
v45 [1, 29, 214, 6] False
v46 [1, 19, 226, 4] False
v47 [1, 29, 214, 6] False
EXACT GATES []
