v0 [1, 69, 327, 3] False
v1 [1, 69, 310, 4] False
v2 [1, 34, 292, 5] False
v3 [1, 40, 312, 6] False
v4 [1, 69, 327, 3] False
v5 [1, 69, 310, 4] False
v6 [1, 34, 292, 5] False
v7 [1, 40, 312, 6] False
v8 [1, 69, 327, 3] False
v9 [1, 69, 310, 4] False
v10 [1, 34, 292, 5] False
v11 [1, 40, 312, 6] False
v12 [1, 69, 327, 3] False
v13 [1, 69, 310, 4] False
v14 [1, 34, 292, 5] False
v15 [1, 40, 312, 6] False
v16 [1, 69, 327, 3] False
v17 [1, 69, 310, 4] False
v18 [1, 34, 292, 5] False
v19 [1, 40, 312, 6] False
v20 [1, 69, 327, 3] False
v21 [1, 69, 310, 4] False
v22 [1, 34, 292, 5] False
v23 [1, 40, 312, 6] False
v24 [1, 61, 516, 19] False
v25 [1, 62, 505, 9] False
v26 [1, 38, 516, 19] False
v27 [1, 43, 506, 9] False
v28 [1, 61, 516, 19] False
v29 [1, 62, 505, 9] False
v30 [1, 38, 516, 19] False
v31 [1, 43, 506, 9] False
v32 [1, 61, 516, 19] False
v33 [1, 62, 505, 9] False
v34 [1, 38, 516, 19] False
v35 [1, 43, 506, 9] False
