v0 [1, 59, 502, 4] False
v1 [1, 59, 502, 4] False
v2 [1, 59, 502, 4] False
v3 [1, 59, 502, 4] False
v4 [1, 59, 502, 4] False
v5 [1, 60, 502, 6] False
v6 [1, 57, 491, 1] False
v7 [1, 59, 502, 4] False
v8 [1, 59, 502, 4] False
v9 [1, 59, 502, 4] False
v10 [1, 62, 492, 8] False
v11 [1, 64, 485, 9] False
v12 [1, 64, 485, 9] False
v13 [1, 64, 485, 9] False
v14 [1, 64, 485, 9] False
v15 [1, 64, 485, 9] False
v16 [1, 65, 504, 11] False
v17 [1, 62, 500, 7] False
v18 [1, 64, 485, 9] False
v19 [1, 64, 485, 9] False
v20 [1, 64, 485, 9] False
v21 [1, 63, 506, 13] False
v22 [1, 59, 502, 4] False
v23 [1, 59, 502, 4] False
v24 [1, 59, 502, 4] False
v25 [1, 59, 502, 4] False
v26 [1, 59, 502, 4] False
v27 [1, 60, 502, 6] False
v28 [1, 57, 491, 1] False
v29 [1, 59, 502, 4] False
v30 [1, 59, 502, 4] False
v31 [1, 59, 502, 4] False
v32 [1, 62, 492, 8] False
v33 [1, 59, 502, 4] False
v34 [1, 59, 502, 4] False
v35 [1, 59, 502, 4] False
v36 [1, 59, 502, 4] False
v37 [1, 59, 502, 4] False
v38 [1, 60, 502, 6] False
v39 [1, 57, 491, 1] False
v40 [1, 59, 502, 4] False
v41 [1, 59, 502, 4] False
v42 [1, 59, 502, 4] False
v43 [1, 62, 492, 8] False
