fold0 [1, 2, 2, 0] False
fold1 [1, 2, 2, 0] False
fold2 [1, 2, 2, 0] False
fold3 [1, 2, 2, 0] False
fold4 [1, 5, 80, 9] False
fold5 [1, 3, 75, 3] False
fold6 [1, 5, 80, 9] False
fold7 [1, 3, 75, 3] False
fold8 [1, 5, 81, 9] False
fold9 [1, 3, 75, 3] False
fold10 [1, 5, 81, 9] False
fold11 [1, 3, 75, 3] False
fold12 [1, 5, 81, 9] False
fold13 [1, 3, 75, 3] False
fold14 [1, 5, 81, 9] False
fold15 [1, 3, 75, 3] False
fold16 [1, 2, 2, 0] False
fold17 [1, 2, 2, 0] False
fold18 [1, 2, 2, 0] False
fold19 [1, 2, 2, 0] False
arg20 [1, 2, 2, 0] False
arg21 [1, 2, 2, 0] False
arg22 [1, 2, 2, 0] False
arg23 [1, 2, 2, 0] False
arg24 [1, 2, 2, 0] False
arg25 [1, 2, 2, 0] False
arg26 [1, 2, 2, 0] False
