variants 96
[
 {
  "name": "v8",
  "compile_ok": true,
  "claims": {
   "ProcYardEvent": true,
   "DrawYardCursor": true,
   "EraseYardCursor": true,
   "o13_384C_01E5": true,
   "o13_384C_027C": true,
   "win_DrawYardWindow": true,
   "o13_384C_03F8": true,
   "DrawYard": true,
   "UpdateYard": true,
   "DrawSimKid": true,
   "DrawDog": true,
   "DrawSimBird": true,
   "DrawSimCat": true,
   "DrawForSale": true,
   "DrawMower": true,
   "Draw_SimYard": true,
   "DrawAnimYardMessage": true,
   "DrawRain": true,
   "DrawSwarm": true,
   "TooFar": true,
   "DrawSimColonies": true,
   "DrawColonyBars": false,
   "YardArea": true
  },
  "data": {
   "CONST": true,
   "_DATA": true
  },
  "order": {
   "ProcYardEvent": "GROUPED",
   "DrawYardCursor": "EXACT",
   "EraseYardCursor": "EXACT",
   "o13_384C_01E5": "GROUPED",
   "o13_384C_027C": "GROUPED",
   "win_DrawYardWindow": "GROUPED",
   "o13_384C_03F8": "GROUPED",
   "DrawYard": "GROUPED",
   "UpdateYard": "EXACT",
   "DrawSimKid": "GROUPED",
   "DrawDog": "GROUPED",
   "DrawSimBird": "GROUPED",
   "DrawSimCat": "GROUPED",
   "DrawForSale": "GROUPED",
   "DrawMower": "GROUPED",
   "Draw_SimYard": "GROUPED",
   "DrawAnimYardMessage": "GROUPED",
   "DrawRain": "GROUPED",
   "DrawSwarm": "GROUPED",
   "TooFar": "EXACT",
   "DrawSimColonies": "EXACT",
   "DrawColonyBars": "EXACT",
   "YardArea": "GROUPED"
  },
  "module_reasons": [],
  "reasons": [
   "length 492 != target 490",
   "bytes differ (first at +0x15, 318 differing)",
   "relocation set differs (5 vs 5)"
  ],
  "exact": false,
  "all_exact": false,
  "score": [
   1,
   17,
   320,
   2
  ],
  "fhash": "45b20711e69fc903",
  "length": 492
 },
 {
  "name": "v20",
  "compile_ok": true,
  "claims": {
   "ProcYardEvent": true,
   "DrawYardCursor": true,
   "EraseYardCursor": true,
   "o13_384C_01E5": true,
   "o13_384C_027C": true,
   "win_DrawYardWindow": true,
   "o13_384C_03F8": true,
   "DrawYard": true,
   "UpdateYard": true,
   "DrawSimKid": true,
   "DrawDog": true,
   "DrawSimBird": true,
   "DrawSimCat": true,
   "DrawForSale": true,
   "DrawMower": true,
   "Draw_SimYard": true,
   "DrawAnimYardMessage": true,
   "DrawRain": true,
   "DrawSwarm": true,
   "TooFar": true,
   "DrawSimColonies": true,
   "DrawColonyBars": false,
   "YardArea": true
  },
  "data": {
   "CONST": true,
   "_DATA": true
  },
  "order": {
   "ProcYardEvent": "GROUPED",
   "DrawYardCursor": "EXACT",
   "EraseYardCursor": "EXACT",
   "o13_384C_01E5": "GROUPED",
   "o13_384C_027C": "GROUPED",
   "win_DrawYardWindow": "GROUPED",
   "o13_384C_03F8": "GROUPED",
   "DrawYard": "GROUPED",
   "UpdateYard": "EXACT",
   "DrawSimKid": "GROUPED",
   "DrawDog": "GROUPED",
   "DrawSimBird": "GROUPED",
   "DrawSimCat": "GROUPED",
   "DrawForSale": "GROUPED",
   "DrawMower": "GROUPED",
   "Draw_SimYard": "GROUPED",
   "DrawAnimYardMessage": "GROUPED",
   "DrawRain": "GROUPED",
   "DrawSwarm": "GROUPED",
   "TooFar": "EXACT",
   "DrawSimColonies": "EXACT",
   "DrawColonyBars": "EXACT",
   "Y
