v0 ['plain', 'local', 'plain'] [1, 35, 289, 5] False
v1 ['plain', 'local', 'second_pointer'] [1, 35, 289, 5] False
v2 ['plain', 'local', 'while'] [1, 35, 289, 5] False
v3 ['plain', 'repeated', 'plain'] [1, 42, 309, 14] False
v4 ['plain', 'repeated', 'second_pointer'] [1, 42, 309, 14] False
v5 ['plain', 'repeated', 'while'] [1, 42, 309, 14] False
v6 ['plain', 'copy', 'plain'] [1, 35, 289, 5] False
v7 ['plain', 'copy', 'second_pointer'] [1, 35, 289, 5] False
v8 ['plain', 'copy', 'while'] [1, 35, 289, 5] False
v9 ['plain', 'staged', 'plain'] [1, 43, 326, 26] False
v10 ['plain', 'staged', 'second_pointer'] [1, 43, 326, 26] False
v11 ['plain', 'staged', 'while'] [1, 43, 326, 26] False
v12 ['separate', 'local', 'plain'] [1, 36, 293, 7] False
v13 ['separate', 'local', 'second_pointer'] [1, 36, 293, 7] False
v14 ['separate', 'local', 'while'] [1, 36, 293, 7] False
v15 ['separate', 'repeated', 'plain'] [1, 43, 309, 16] False
v16 ['separate', 'repeated', 'second_pointer'] [1, 43, 309, 16] False
v17 ['separate', 'repeated', 'while'] [1, 43, 309, 16] False
v18 ['separate', 'copy', 'plain'] [1, 36, 293, 7] False
v19 ['separate', 'copy', 'second_pointer'] [1, 36, 293, 7] False
v20 ['separate', 'copy', 'while'] [1, 36, 293, 7] False
v21 ['separate', 'staged', 'plain'] [1, 44, 328, 28] False
v22 ['separate', 'staged', 'second_pointer'] [1, 44, 328, 28] False
v23 ['separate', 'staged', 'while'] [1, 44, 328, 28] False
v24 ['condition', 'local', 'plain'] [1, 35, 289, 5] False
v25 ['condition', 'local', 'second_pointer'] [1, 35, 289, 5] False
v26 ['condition', 'local', 'while'] [1, 35, 289, 5] False
v27 ['condition', 'repeated', 'plain'] [1, 42, 309, 14] False
v28 ['condition', 'repeated', 'second_pointer'] [1, 42, 309, 14] False
v29 ['condition', 'repeated', 'while'] [1, 42, 309, 14] False
v30 ['condition', 'copy', 'plain'] [1, 35, 289, 5] False
v31 ['condition', 'copy', 'second_pointer'] [1, 35, 289, 5] False
v32 ['condition', 'copy', 'while'] [1, 35, 289, 5] False
v33 ['condition', 'staged', 'plain'] [1, 43, 326, 26] False
v34 ['condition', 'staged', 'second_pointer'] [1, 43, 326, 26] False
v35 ['condition', 'staged', 'while'] [1, 43, 326, 26] False
v36 ['ulong', 'local', 'plain'] [1, 36, 315, 5] False
v37 ['ulong', 'local', 'second_pointer'] [1, 36, 315, 5] False
v38 ['ulong', 'local', 'while'] [1, 36, 315, 5] False
v39 ['ulong', 'repeated', 'plain'] [1, 44, 284, 14] False
v40 ['ulong', 'repeated', 'second_pointer'] [1, 44, 284, 14] False
v41 ['ulong', 'repeated', 'while'] [1, 44, 284, 14] False
v42 ['ulong', 'copy', 'plain'] [1, 36, 315, 5] False
v43 ['ulong', 'copy', 'second_pointer'] [1, 36, 315, 5] False
v44 ['ulong', 'copy', 'while'] [1, 36, 315, 5] False
v45 ['ulong', 'staged', 'plain'] [1, 44, 341, 26] False
v46 ['ulong', 'staged', 'second_pointer'] [1, 44, 341, 26] False
v47 ['ulong', 'staged', 'while'] [1, 44, 341, 26] False
EXACT GATES []
