v0 [1, 2, 2, 0] False
v1 [1, 2, 2, 0] False
v2 [1, 2, 2, 0] False
v3 [1, 2, 2, 0] False
v4 [1, 2, 2, 0] False
v5 [1, 2, 2, 0] False
v6 [1, 23, 95, 2] False
v7 [1, 23, 95, 2] False
v8 [1, 23, 95, 2] False
v9 [1, 23, 95, 2] False
v10 [0, 0, 0, 0] True
v11 [0, 0, 0, 0] True
v12 [1, 23, 95, 2] False
v13 [1, 23, 95, 2] False
v14 [1, 23, 95, 2] False
v15 [1, 23, 95, 2] False
v16 [0, 0, 0, 0] True
v17 [0, 0, 0, 0] True
v18 [1, 116, 269, 4] False
v19 [1, 116, 269, 4] False
v20 [1, 116, 269, 4] False
v21 [1, 116, 269, 4] False
v22 [1, 116, 269, 4] False
v23 [1, 116, 269, 4] False
v24 [1, 2, 2, 0] False
v25 [1, 2, 2, 0] False
v26 [1, 2, 2, 0] False
v27 [1, 2, 2, 0] False
v28 [1, 2, 2, 0] False
v29 [1, 2, 2, 0] False
v30 [1, 2, 2, 0] False
v31 [1, 2, 2, 0] False
v32 [1, 2, 2, 0] False
v33 [1, 2, 2, 0] False
v34 [1, 2, 2, 0] False
v35 [1, 2, 2, 0] False
