v0 [1, 61, 221, 1] False
v1 [1, 56, 214, 2] False
v2 [1, 59, 218, 5] False
v3 [1, 55, 209, 6] False
v4 [1, 62, 221, 5] False
v5 [1, 58, 223, 9] False
v6 [1, 67, 219, 1] False
v7 [1, 63, 214, 2] False
v8 [1, 61, 221, 1] False
v9 [1, 56, 214, 2] False
v10 [1, 59, 218, 5] False
v11 [1, 55, 209, 6] False
v12 [1, 62, 221, 5] False
v13 [1, 58, 223, 9] False
v14 [1, 67, 219, 1] False
v15 [1, 63, 214, 2] False
v16 [1, 61, 221, 1] False
v17 [1, 56, 214, 2] False
v18 [1, 59, 218, 5] False
v19 [1, 55, 209, 6] False
v20 [1, 62, 221, 5] False
v21 [1, 58, 223, 9] False
v22 [1, 67, 219, 1] False
v23 [1, 63, 214, 2] False
v24 [1, 61, 221, 1] False
v25 [1, 56, 214, 2] False
v26 [1, 59, 218, 5] False
v27 [1, 55, 209, 6] False
v28 [1, 62, 221, 5] False
v29 [1, 58, 223, 9] False
v30 [1, 67, 219, 1] False
v31 [1, 63, 214, 2] False
v32 [1, 61, 221, 1] False
v33 [1, 56, 214, 2] False
v34 [1, 59, 218, 5] False
v35 [1, 55, 209, 6] False
v36 [1, 62, 221, 5] False
v37 [1, 58, 223, 9] False
v38 [1, 67, 219, 1] False
v39 [1, 63, 214, 2] False
v40 [1, 61, 221, 1] False
v41 [1, 56, 214, 2] False
v42 [1, 59, 218, 5] False
v43 [1, 55, 209, 6] False
v44 [1, 62, 221, 5] False
v45 [1, 58, 223, 9] False
v46 [1, 67, 219, 1] False
v47 [1, 63, 214, 2] False
EXACT GATES []
