v0 [1, 61, 221, 1] False
v1 [1, 64, 226, 4] False
v2 [1, 38, 235, 11] False
v3 [1, 61, 221, 1] False
v4 [1, 64, 226, 4] False
v5 [1, 38, 235, 11] False
v6 [1, 82, 227, 9] False
v7 [1, 60, 226, 20] False
v8 [1, 43, 243, 19] False
v9 [1, 60, 226, 20] False
v10 [1, 60, 226, 20] False
v11 [1, 61, 221, 1] False
v12 [1, 64, 226, 4] False
v13 [1, 38, 235, 11] False
v14 [1, 61, 221, 1] False
v15 [1, 64, 226, 4] False
v16 [1, 38, 235, 11] False
v17 [1, 82, 227, 9] False
v18 [1, 60, 226, 20] False
v19 [1, 43, 243, 19] False
v20 [1, 60, 226, 20] False
v21 [1, 60, 226, 20] False
v22 [1, 61, 221, 1] False
v23 [1, 64, 226, 4] False
v24 [1, 38, 235, 11] False
v25 [1, 61, 221, 1] False
v26 [1, 64, 226, 4] False
v27 [1, 38, 235, 11] False
v28 [1, 82, 227, 9] False
v29 [1, 60, 226, 20] False
v30 [1, 43, 243, 19] False
v31 [1, 60, 226, 20] False
v32 [1, 60, 226, 20] False
v33 [1, 61, 221, 1] False
v34 [1, 64, 226, 4] False
v35 [1, 38, 235, 11] False
v36 [1, 61, 221, 1] False
v37 [1, 64, 226, 4] False
v38 [1, 38, 235, 11] False
v39 [1, 82, 227, 9] False
v40 [1, 60, 226, 20] False
v41 [1, 43, 243, 19] False
v42 [1, 60, 226, 20] False
v43 [1, 60, 226, 20] False
v44 [1, 61, 221, 1] False
v45 [1, 64, 226, 4] False
v46 [1, 38, 235, 11] False
v47 [1, 61, 221, 1] False
v48 [1, 64, 226, 4] False
v49 [1, 38, 235, 11] False
v50 [1, 82, 227, 9] False
v51 [1, 60, 226, 20] False
v52 [1, 43, 243, 19] False
v53 [1, 60, 226, 20] False
v54 [1, 60, 226, 20] False
EXACT GATES []
