v0 [0, 'break'] [1, 232, 571, 16] False
v1 [0, 'return'] [1, 232, 571, 16] False
v2 [1, 'break'] [1, 232, 571, 16] False
v3 [1, 'return'] [1, 247, 597, 41] False
v4 [2, 'break'] [1, 232, 571, 16] False
v5 [2, 'return'] [1, 232, 571, 16] False
v6 [3, 'break'] [1, 232, 571, 16] False
v7 [3, 'return'] [1, 247, 597, 41] False
v8 [4, 'break'] [1, 232, 571, 16] False
v9 [4, 'return'] [1, 244, 592, 34] False
v10 [5, 'break'] [1, 232, 571, 16] False
v11 [5, 'return'] [1, 252, 622, 59] False
v12 [6, 'break'] [1, 232, 571, 16] False
v13 [6, 'return'] [1, 244, 592, 34] False
v14 [7, 'break'] [1, 232, 571, 16] False
v15 [7, 'return'] [1, 252, 622, 59] False
v16 [8, 'break'] [1, 232, 571, 16] False
v17 [8, 'return'] [1, 239, 598, 34] False
v18 [9, 'break'] [1, 232, 571, 16] False
v19 [9, 'return'] [1, 238, 615, 48] False
v20 [10, 'break'] [1, 232, 571, 16] False
v21 [10, 'return'] [1, 239, 598, 34] False
v22 [11, 'break'] [1, 232, 571, 16] False
v23 [11, 'return'] [1, 238, 615, 48] False
v24 [12, 'break'] [1, 232, 571, 16] False
v25 [12, 'return'] [1, 249, 615, 55] False
v26 [13, 'break'] [1, 232, 571, 16] False
v27 [13, 'return'] [1, 250, 639, 69] False
v28 [14, 'break'] [1, 232, 571, 16] False
v29 [14, 'return'] [1, 249, 615, 55] False
v30 [15, 'break'] [1, 232, 571, 16] False
v31 [15, 'return'] [1, 250, 639, 69] False
v32 [16, 'break'] [1, 232, 571, 16] False
v33 [16, 'return'] [1, 233, 576, 30] False
v34 [17, 'break'] [1, 232, 571, 16] False
v35 [17, 'return'] [1, 32, 607, 55] False
v36 [18, 'break'] [1, 232, 571, 16] False
v37 [18, 'return'] [1, 233, 576, 30] False
v38 [19, 'break'] [1, 232, 571, 16] False
v39 [19, 'return'] [1, 32, 607, 55] False
v40 [20, 'break'] [1, 232, 571, 16] False
v41 [20, 'return'] [1, 245, 608, 44] False
v42 [21, 'break'] [1, 232, 571, 16] False
v43 [21, 'return'] [1, 245, 628, 69] False
v44 [22, 'break'] [1, 232, 571, 16] False
v45 [22, 'return'] [1, 245, 608, 44] False
v46 [23, 'break'] [1, 232, 571, 16] False
v47 [23, 'return'] [1, 245, 628, 69] False
v48 [24, 'break'] [1, 232, 571, 16] False
v49 [24, 'return'] [1, 246, 591, 48] False
v50 [25, 'break'] [1, 232, 571, 16] False
v51 [25, 'return'] [1, 243, 620, 62] False
v52 [26, 'break'] [1, 232, 571, 16] False
v53 [26, 'return'] [1, 246, 591, 48] False
v54 [27, 'break'] [1, 232, 571, 16] False
v55 [27, 'return'] [1, 243, 620, 62] False
v56 [28, 'break'] [1, 232, 571, 16] False
v57 [28, 'return'] [1, 248, 625, 62] False
v58 [29, 'break'] [1, 232, 571, 16] False
v59 [29, 'return'] [1, 247, 644, 76] False
v60 [30, 'break'] [1, 232, 571, 16] False
v61 [30, 'return'] [1, 248, 625, 62] False
v62 [31, 'break'] [1, 232, 571, 16] False
v63 [31, 'return'] [1, 247, 644, 76] False
v64 [32, 'break'] [1, 232, 571, 16] False
v65 [32, 'return'] [1, 245, 600, 35] False
v66 [33, 'break'] [1, 232, 571, 16] False
v67 [33, 'return'] [1, 247, 615, 60] False
v68 [34, 'break'] [1, 232, 571, 16] False
v69 [34, 'return'] [1, 245, 600, 35] False
v70 [35, 'break'] [1, 232, 571, 16] False
v71 [35, 'return'] [1, 247, 615, 60] False
v72 [36, 'break'] [1, 232, 571, 16] False
v73 [36, 'return'] [1, 242, 606, 37] False
v74 [37, 'break'] [1, 232, 571, 16] False
v75 [37, 'return'] [1, 254, 598, 62] False
v76 [38, 'break'] [1, 232, 571, 16] False
v77 [38, 'return'] [1, 242, 606, 37] False
v78 [39, 'break'] [1, 232, 571, 16] False
v79 [39, 'return'] [1, 254, 598, 62] False
v80 [40, 'break'] [1, 232, 571, 16] False
v81 [40, 'return'] [1, 33, 616, 56] False
v82 [41, 'break'] [1, 232, 571, 16] False
v83 [41, 'return'] [1, 251, 642, 70] False
v84 [42, 'break'] [1, 232, 571, 16] False
v85 [42, 'return'] [1, 33, 616, 56] False
v86 [43, 'break'] [1, 232, 571, 16] False
v87 [43, 'return'] [1, 251, 642, 70] False
v88 [44, 'break'] [1, 232, 571, 16] False
v89 [44, 'return'] [1, 247, 632, 58] False
v90 [45, 'break'] [1, 232, 571, 16] False
v91 [45, 'return'] [1, 252, 657, 72] False
v92 [46, 'break'] [1, 232, 571, 16] False
v93 [46, 'return'] [1, 247, 632, 58] False
v94 [47, 'break'] [1, 232, 571, 16] False
v95 [47, 'return'] [1, 252, 657, 72] False
v96 [48, 'break'] [1, 232, 571, 16] False
v97 [48, 'return'] [1, 245, 610, 45] False
v98 [49, 'break'] [1, 232, 571, 16] False
v99 [49, 'return'] [1, 246, 631, 70] False
v100 [50, 'break'] [1, 232, 571, 16] False
v101 [50, 'return'] [1, 245, 610, 45] False
v102 [51, 'break'] [1, 232, 571, 16] False
v103 [51, 'return'] [1, 246, 631, 70] False
v104 [52, 'break'] [1, 232, 571, 16] False
v105 [52, 'return'] [1, 243, 604, 44] False
v106 [53, 'break'] [1, 232, 571, 16] False
v107 [53, 'return'] [1, 27, 635, 69] False
v108 [54, 'break'] [1, 232, 571, 16] False
v109 [54, 'return'] [1, 243, 604, 44] False
v110 [55, 'break'] [1, 232, 571, 16] False
v111 [55, 'return'] [1, 27, 635, 69] False
v112 [56, 'break'] [1, 232, 571, 16] False
v113 [56, 'return'] [1, 249, 628, 63] False
v114 [57, 'break'] [1, 232, 571, 16] False
v115 [57, 'return'] [1, 248, 647, 77] False
v116 [58, 'break'] [1, 232, 571, 16] False
v117 [58, 'return'] [1, 249, 628, 63] False
v118 [59, 'break'] [1, 232, 571, 16] False
v119 [59, 'return'] [1, 248, 647, 77] False
v120 [60, 'break'] [1, 232, 571, 16] False
v121 [60, 'return'] [1, 251, 643, 65] False
v122 [61, 'break'] [1, 232, 571, 16] False
v123 [61, 'return'] [1, 36, 657, 79] False
v124 [62, 'break'] [1, 232, 571, 16] False
v125 [62, 'return'] [1, 251, 643, 65] False
v126 [63, 'break'] [1, 232, 571, 16] False
v127 [63, 'return'] [1, 36, 657, 79] False
v128 ['all', 'break'] [1, 232, 571, 16] False
v129 ['all', 'return'] [1, 223, 711, 19] False
EXACT GATES []
