v0 ['first', False, 'plain'] [1, 231, 560, 11] False
v1 ['first', False, 'break'] [1, 230, 560, 13] False
v2 ['first', False, 'else'] [1, 231, 560, 11] False
v3 ['first', False, 'else_break'] [1, 230, 560, 13] False
v4 ['first', True, 'plain'] [1, 233, 568, 10] False
v5 ['first', True, 'break'] [1, 234, 568, 7] False
v6 ['first', True, 'else'] [1, 233, 568, 10] False
v7 ['first', True, 'else_break'] [1, 234, 568, 7] False
v8 ['last', False, 'plain'] [1, 231, 560, 11] False
v9 ['last', False, 'break'] [1, 230, 560, 13] False
v10 ['last', False, 'else'] [1, 231, 560, 11] False
v11 ['last', False, 'else_break'] [1, 230, 560, 13] False
v12 ['last', True, 'plain'] [1, 233, 568, 10] False
v13 ['last', True, 'break'] [1, 234, 568, 7] False
v14 ['last', True, 'else'] [1, 233, 568, 10] False
v15 ['last', True, 'else_break'] [1, 234, 568, 7] False
v16 ['observed', False, 'plain'] [1, 231, 560, 11] False
v17 ['observed', False, 'break'] [1, 230, 560, 13] False
v18 ['observed', False, 'else'] [1, 231, 560, 11] False
v19 ['observed', False, 'else_break'] [1, 230, 560, 13] False
v20 ['observed', True, 'plain'] [1, 233, 568, 10] False
v21 ['observed', True, 'break'] [1, 234, 568, 7] False
v22 ['observed', True, 'else'] [1, 233, 568, 10] False
v23 ['observed', True, 'else_break'] [1, 234, 568, 7] False
EXACT GATES []
