v0 ['all', 'plain', False] [1, 237, 712, 26] False
v1 ['all', 'plain', True] [1, 40, 719, 27] False
v2 ['all', 'break', False] [1, 35, 705, 45] False
v3 ['all', 'break', True] [1, 245, 741, 78] False
v4 ['simple', 'plain', False] [1, 223, 670, 5] False
v5 ['simple', 'plain', True] [1, 13, 528, 1] False
v6 ['simple', 'break', False] [1, 224, 673, 8] False
v7 ['simple', 'break', True] [1, 13, 531, 4] False
v8 ['calls', 'plain', False] [1, 244, 600, 33] False
v9 ['calls', 'plain', True] [1, 234, 555, 22] False
v10 ['calls', 'break', False] [1, 245, 603, 36] False
v11 ['calls', 'break', True] [1, 235, 558, 25] False
v12 ['eq', 'plain', False] [1, 218, 663, 5] False
v13 ['eq', 'plain', True] [1, 219, 612, 1] False
v14 ['eq', 'break', False] [1, 219, 666, 8] False
v15 ['eq', 'break', True] [1, 220, 615, 4] False
v16 ['multi', 'plain', False] [1, 24, 604, 35] False
v17 ['multi', 'plain', True] [1, 41, 601, 29] False
v18 ['multi', 'break', False] [1, 24, 606, 38] False
v19 ['multi', 'break', True] [1, 41, 604, 32] False
v20 ['not_calls', 'plain', False] [1, 224, 636, 3] False
v21 ['not_calls', 'plain', True] [1, 219, 557, 3] False
v22 ['not_calls', 'break', False] [1, 232, 660, 9] False
v23 ['not_calls', 'break', True] [1, 221, 600, 3] False
EXACT GATES []
