v0 [False, 'break', 'plain'] [1, 60, 572, 15] False
v1 [False, 'break', 'break'] [1, 60, 575, 18] False
v2 [False, 'break', 'else'] [1, 60, 572, 15] False
v3 [False, 'break', 'else_break'] [1, 60, 575, 18] False
v4 [False, 'return', 'plain'] [1, 231, 605, 31] False
v5 [False, 'return', 'break'] [1, 231, 605, 31] False
v6 [False, 'return', 'else'] [1, 231, 605, 31] False
v7 [False, 'return', 'else_break'] [1, 231, 605, 31] False
v8 [False, 'goto', 'plain'] [1, 60, 572, 15] False
v9 [False, 'goto', 'break'] [1, 60, 575, 18] False
v10 [False, 'goto', 'else'] [1, 60, 572, 15] False
v11 [False, 'goto', 'else_break'] [1, 60, 575, 18] False
v12 [True, 'break', 'plain'] [1, 237, 568, 14] False
v13 [True, 'break', 'break'] [1, 238, 571, 17] False
v14 [True, 'break', 'else'] [1, 237, 568, 14] False
v15 [True, 'break', 'else_break'] [1, 238, 571, 17] False
v16 [True, 'return', 'plain'] [1, 245, 611, 34] False
v17 [True, 'return', 'break'] [1, 245, 611, 34] False
v18 [True, 'return', 'else'] [1, 245, 611, 34] False
v19 [True, 'return', 'else_break'] [1, 245, 611, 34] False
v20 [True, 'goto', 'plain'] [1, 237, 568, 14] False
v21 [True, 'goto', 'break'] [1, 238, 571, 17] False
v22 [True, 'goto', 'else'] [1, 237, 568, 14] False
v23 [True, 'goto', 'else_break'] [1, 238, 571, 17] False
EXACT GATES []
