v0 ['plain', 'none'] [1, 18, 243, 2] False
v1 ['plain', 'ay_word'] [1, 18, 243, 2] False
v2 ['plain', 'ay_long'] [1, 18, 243, 2] False
v3 ['plain', 'screen_word'] [1, 18, 243, 2] False
v4 ['compound', 'none'] [1, 18, 243, 2] False
v5 ['compound', 'ay_word'] [1, 18, 243, 2] False
v6 ['compound', 'ay_long'] [1, 18, 243, 2] False
v7 ['compound', 'screen_word'] [1, 18, 243, 2] False
v8 ['parameter_sum', 'none'] [1, 18, 243, 2] False
v9 ['parameter_sum', 'ay_word'] [1, 18, 243, 2] False
v10 ['parameter_sum', 'ay_long'] [1, 18, 243, 2] False
v11 ['parameter_sum', 'screen_word'] [1, 18, 243, 2] False
v12 ['screen_sum', 'none'] [1, 18, 243, 2] False
v13 ['screen_sum', 'ay_word'] [1, 18, 243, 2] False
v14 ['screen_sum', 'ay_long'] [1, 18, 243, 2] False
v15 ['screen_sum', 'screen_word'] [1, 18, 243, 2] False
v16 ['inline_bounds', 'none'] [1, 18, 243, 2] False
v17 ['inline_bounds', 'ay_word'] [1, 18, 243, 2] False
v18 ['inline_bounds', 'ay_long'] [1, 18, 243, 2] False
v19 ['inline_bounds', 'screen_word'] [1, 18, 243, 2] False
v20 ['copy_after', 'none'] [1, 18, 243, 2] False
v21 ['copy_after', 'ay_word'] [1, 18, 243, 2] False
v22 ['copy_after', 'ay_long'] [1, 18, 243, 2] False
v23 ['copy_after', 'screen_word'] [1, 18, 243, 2] False
EXACT GATES []
