v0 [1, 17, 248, 6] False
v1 [1, 34, 255, 5] False
v2 [1, 17, 248, 6] False
v3 [1, 17, 248, 6] False
v4 [1, 34, 255, 5] False
v5 [1, 17, 248, 6] False
v6 [1, 18, 249, 7] False
v7 [1, 34, 254, 6] False
v8 [1, 18, 249, 7] False
v9 [1, 3, 241, 1] False
v10 [1, 22, 45, 0] False
v11 [1, 3, 241, 1] False
v12 [1, 4, 241, 1] False
v13 [1, 23, 46, 0] False
v14 [1, 4, 241, 1] False
v15 [1, 21, 257, 11] False
v16 [1, 21, 258, 11] False
v17 [1, 21, 257, 11] False
v18 [1, 17, 248, 6] False
v19 [1, 33, 254, 5] False
v20 [1, 17, 248, 6] False
v21 [1, 18, 248, 6] False
v22 [1, 34, 254, 5] False
v23 [1, 18, 248, 6] False
v24 [1, 33, 263, 20] False
v25 [1, 33, 262, 20] False
v26 [1, 33, 263, 20] False
EXACT GATES []
