v0 ['plain', 'v_mx_my'] [1, 63, 595, 2] False
v1 ['plain', 'mx_my_v'] [1, 63, 595, 2] False
v2 ['plain', 'my_mx_v'] [1, 63, 595, 2] False
v3 ['plain', 'v_my_mx'] [1, 63, 595, 2] False
v4 ['volatile', 'v_mx_my'] [1, 47, 394, 12] False
v5 ['volatile', 'mx_my_v'] [1, 47, 394, 12] False
v6 ['volatile', 'my_mx_v'] [1, 47, 394, 12] False
v7 ['volatile', 'v_my_mx'] [1, 47, 394, 12] False
v8 ['near_lvalue', 'v_mx_my'] [1, 32, 306, 8] False
v9 ['near_lvalue', 'mx_my_v'] [1, 32, 306, 8] False
v10 ['near_lvalue', 'my_mx_v'] [1, 32, 306, 8] False
v11 ['near_lvalue', 'v_my_mx'] [1, 32, 306, 8] False
v12 ['far_lvalue', 'v_mx_my'] [1, 32, 306, 8] False
v13 ['far_lvalue', 'mx_my_v'] [1, 32, 306, 8] False
v14 ['far_lvalue', 'my_mx_v'] [1, 32, 306, 8] False
v15 ['far_lvalue', 'v_my_mx'] [1, 32, 306, 8] False
v16 ['struct', 'v_mx_my'] [1, 32, 306, 8] False
v17 ['struct', 'mx_my_v'] [1, 32, 306, 8] False
v18 ['struct', 'my_mx_v'] [1, 32, 306, 8] False
v19 ['struct', 'v_my_mx'] [1, 32, 306, 8] False
v20 ['array', 'v_mx_my'] [1, 32, 306, 8] False
v21 ['array', 'mx_my_v'] [1, 32, 306, 8] False
v22 ['array', 'my_mx_v'] [1, 32, 306, 8] False
v23 ['array', 'v_my_mx'] [1, 32, 306, 8] False
v24 ['union', 'v_mx_my'] [1, 32, 306, 8] False
v25 ['union', 'mx_my_v'] [1, 32, 306, 8] False
v26 ['union', 'my_mx_v'] [1, 32, 306, 8] False
v27 ['union', 'v_my_mx'] [1, 32, 306, 8] False
EXACT GATES []
