v0 [1, 52, 601, 4] False
v1 [1, 51, 405, 14] False
v2 [1, 49, 592, 2] False
v3 [1, 44, 394, 15] False
v4 [1, 49, 592, 2] False
v5 [1, 47, 394, 12] False
v6 [1, 69, 597, 18] False
v7 [1, 67, 386, 8] False
v8 [1, 37, 349, 2] False
v9 [1, 47, 394, 12] False
v10 [1, 64, 416, 13] False
v11 [1, 44, 394, 15] False
v12 [1, 64, 416, 13] False
v13 [1, 47, 394, 12] False
v14 [1, 79, 416, 32] False
v15 [1, 63, 390, 10] False
v16 [1, 41, 394, 11] False
v17 [1, 51, 405, 14] False
v18 [1, 37, 399, 13] False
v19 [1, 44, 394, 15] False
v20 [1, 37, 399, 13] False
v21 [1, 47, 394, 12] False
v22 [1, 56, 383, 30] False
v23 [1, 67, 386, 8] False
