v0 [1, 19, 242, 1] False
v1 [1, 28, 243, 5] False
v2 [1, 19, 242, 1] False
v3 [1, 24, 241, 3] False
v4 [1, 19, 242, 1] False
v5 [1, 29, 245, 6] False
v6 [1, 19, 242, 1] False
v7 [1, 18, 238, 1] False
v8 [1, 27, 239, 5] False
v9 [1, 18, 238, 1] False
v10 [1, 23, 237, 3] False
v11 [1, 18, 238, 1] False
v12 [1, 28, 241, 6] False
v13 [1, 18, 238, 1] False
v14 [1, 18, 238, 1] False
v15 [1, 27, 239, 5] False
v16 [1, 18, 238, 1] False
v17 [1, 23, 237, 3] False
v18 [1, 18, 238, 1] False
v19 [1, 28, 241, 6] False
v20 [1, 18, 238, 1] False
v21 [1, 28, 258, 11] False
v22 [1, 37, 259, 15] False
v23 [1, 28, 258, 11] False
v24 [1, 45, 254, 7] False
v25 [1, 28, 258, 11] False
v26 [1, 37, 259, 15] False
v27 [1, 28, 258, 11] False
v28 [1, 31, 249, 6] False
v29 [1, 38, 249, 10] False
v30 [1, 31, 249, 6] False
v31 [1, 48, 186, 2] False
v32 [1, 15, 248, 6] False
v33 [1, 39, 252, 11] False
v34 [1, 31, 249, 6] False
EXACT GATES []
