v0 ['int far *', 'plain'] [1, 3, 241, 1] False
v1 ['int far *', 'pointer_zero'] [1, 3, 241, 1] False
v2 ['int far *', 'sum_zero'] [1, 3, 241, 1] False
v3 ['int far *', 'index_zero'] [1, 3, 241, 1] False
v4 ['unsigned far *', 'plain'] [1, 3, 241, 1] False
v5 ['unsigned far *', 'pointer_zero'] [1, 3, 241, 1] False
v6 ['unsigned far *', 'sum_zero'] [1, 3, 241, 1] False
v7 ['unsigned far *', 'index_zero'] [1, 3, 241, 1] False
v8 ['char far *', 'plain'] [1, 3, 241, 1] False
v9 ['char far *', 'pointer_zero'] [1, 3, 241, 1] False
v10 ['char far *', 'sum_zero'] [1, 3, 241, 1] False
v11 ['char far *', 'index_zero'] [1, 3, 241, 1] False
v12 ['void far *', 'plain'] [1, 3, 241, 1] False
v13 ['void far *', 'pointer_zero'] [1, 3, 241, 1] False
v14 ['void far *', 'sum_zero'] [1, 3, 241, 1] False
v15 ['void far *', 'index_zero'] [1, 3, 241, 1] False
v16 ['unsigned long', 'plain'] [1, 11, 252, 11] False
v17 ['unsigned long', 'pointer_zero'] [1, 11, 252, 11] False
v18 ['unsigned long', 'sum_zero'] [1, 11, 252, 11] False
v19 ['unsigned long', 'index_zero'] [1, 11, 252, 11] False
v20 ['register int far *', 'plain'] [1, 3, 241, 1] False
v21 ['register int far *', 'pointer_zero'] [1, 3, 241, 1] False
v22 ['register int far *', 'sum_zero'] [1, 3, 241, 1] False
v23 ['register int far *', 'index_zero'] [1, 3, 241, 1] False
EXACT GATES []
