v0 ['index', 'plain'] [1, 3, 241, 1] False
v1 ['index', 'bounds_comma'] [1, 3, 241, 1] False
v2 ['index', 'copy_chain'] [1, 3, 241, 1] False
v3 ['index', 'sum_chain'] [1, 3, 241, 1] False
v4 ['index', 'sum_fold'] [1, 3, 241, 1] False
v5 ['index', 'screen_fold'] [1, 19, 242, 1] False
v6 ['index', 'index_chain'] [1, 3, 241, 1] False
v7 ['sum', 'plain'] [1, 3, 241, 1] False
v8 ['sum', 'bounds_comma'] [1, 3, 241, 1] False
v9 ['sum', 'copy_chain'] [1, 3, 241, 1] False
v10 ['sum', 'sum_chain'] [1, 3, 241, 1] False
v11 ['sum', 'sum_fold'] [1, 3, 241, 1] False
v12 ['sum', 'screen_fold'] [1, 19, 242, 1] False
v13 ['sum', 'index_chain'] [1, 3, 241, 1] False
v14 ['independent', 'plain'] [1, 3, 241, 1] False
v15 ['independent', 'bounds_comma'] [1, 3, 241, 1] False
v16 ['independent', 'copy_chain'] [1, 3, 241, 1] False
v17 ['independent', 'sum_chain'] [1, 3, 241, 1] False
v18 ['independent', 'sum_fold'] [1, 3, 241, 1] False
v19 ['independent', 'screen_fold'] [1, 19, 242, 1] False
v20 ['independent', 'index_chain'] [1, 3, 241, 1] False
EXACT GATES []
