v0 ['keep', 'unsigned0'] [1, 22, 258, 8] False
v1 ['keep', 'unsigned_max'] [1, 24, 263, 13] False
v2 ['keep', 'ulong0'] [1, 22, 258, 8] False
v3 ['keep', 'ulong_max'] [1, 24, 263, 13] False
v4 ['keep', 'xor_self'] [1, 22, 45, 0] False
v5 ['keep', 'and_zero'] [1, 22, 45, 0] False
v6 ['keep', 'duplicate_x'] [1, 23, 279, 30] False
v7 ['keep', 'duplicate_y'] [1, 27, 270, 20] False
v8 ['keep', 'comma_fold'] [1, 22, 45, 0] False
v9 ['keep', 'void_read'] [1, 22, 45, 0] False
v10 ['keep', 'negative_fold'] [1, 22, 258, 8] False
v11 ['keep', 'long_signed'] [1, 24, 263, 13] False
v12 ['remove', 'unsigned0'] [1, 22, 258, 8] False
v13 ['remove', 'unsigned_max'] [1, 24, 263, 13] False
v14 ['remove', 'ulong0'] [1, 22, 258, 8] False
v15 ['remove', 'ulong_max'] [1, 24, 263, 13] False
v16 ['remove', 'xor_self'] [1, 22, 45, 0] False
v17 ['remove', 'and_zero'] [1, 22, 45, 0] False
v18 ['remove', 'duplicate_x'] [1, 23, 279, 30] False
v19 ['remove', 'duplicate_y'] [1, 27, 270, 20] False
v20 ['remove', 'comma_fold'] [1, 22, 45, 0] False
v21 ['remove', 'void_read'] [1, 22, 45, 0] False
v22 ['remove', 'negative_fold'] [1, 22, 258, 8] False
v23 ['remove', 'long_signed'] [1, 24, 263, 13] False
EXACT GATES []
