v0 ['int', 'plain'] [1, 3, 241, 1] False
v1 ['int', 'reverse'] [1, 3, 241, 1] False
v2 ['int', 'split'] [1, 3, 241, 1] False
v3 ['int', 'screen_first'] [1, 3, 241, 1] False
v4 ['int', 'two_locals'] [1, 3, 241, 1] False
v5 ['int', 'assign_condition'] [1, 6, 241, 1] False
v6 ['unsigned', 'plain'] [1, 3, 241, 1] False
v7 ['unsigned', 'reverse'] [1, 3, 241, 1] False
v8 ['unsigned', 'split'] [1, 3, 241, 1] False
v9 ['unsigned', 'screen_first'] [1, 3, 241, 1] False
v10 ['unsigned', 'two_locals'] [1, 3, 241, 1] False
v11 ['unsigned', 'assign_condition'] [1, 6, 241, 1] False
v12 ['long', 'plain'] [1, 19, 248, 1] False
v13 ['long', 'reverse'] [1, 19, 248, 1] False
v14 ['long', 'split'] [1, 24, 253, 10] False
v15 ['long', 'screen_first'] [1, 24, 253, 10] False
v16 ['long', 'two_locals'] [1, 24, 253, 10] False
v17 ['long', 'assign_condition'] [1, 6, 247, 1] False
v18 ['unsigned long', 'plain'] [1, 19, 248, 1] False
v19 ['unsigned long', 'reverse'] [1, 19, 248, 1] False
v20 ['unsigned long', 'split'] [1, 24, 253, 10] False
v21 ['unsigned long', 'screen_first'] [1, 24, 253, 10] False
v22 ['unsigned long', 'two_locals'] [1, 24, 253, 10] False
v23 ['unsigned long', 'assign_condition'] [1, 6, 247, 1] False
v24 ['register int', 'plain'] [1, 3, 241, 1] False
v25 ['register int', 'reverse'] [1, 3, 241, 1] False
v26 ['register int', 'split'] [1, 3, 241, 1] False
v27 ['register int', 'screen_first'] [1, 3, 241, 1] False
v28 ['register int', 'two_locals'] [1, 3, 241, 1] False
v29 ['register int', 'assign_condition'] [1, 6, 241, 1] False
EXACT GATES []
