v0 [1, 63, 595, 2] False
v1 [1, 63, 595, 2] False
v2 [1, 63, 595, 2] False
v3 [1, 63, 595, 2] False
v4 [1, 65, 595, 2] False
v5 [1, 65, 595, 2] False
v6 [1, 65, 595, 2] False
v7 [1, 65, 595, 2] False
v8 [1, 52, 392, 14] False
v9 [1, 52, 392, 14] False
v10 [1, 52, 392, 14] False
v11 [1, 52, 392, 14] False
v12 [1, 61, 386, 2] False
v13 [1, 61, 386, 2] False
v14 [1, 61, 386, 2] False
v15 [1, 61, 386, 2] False
v16 [1, 64, 596, 2] False
v17 [1, 64, 596, 2] False
v18 [1, 64, 596, 2] False
v19 [1, 64, 596, 2] False
v20 [1, 64, 596, 2] False
v21 [1, 64, 596, 2] False
v22 [1, 64, 596, 2] False
v23 [1, 64, 596, 2] False
v24 [1, 64, 596, 2] False
v25 [1, 64, 596, 2] False
v26 [1, 64, 596, 2] False
v27 [1, 64, 596, 2] False
v28 [1, 64, 596, 2] False
v29 [1, 64, 596, 2] False
v30 [1, 64, 596, 2] False
v31 [1, 64, 596, 2] False
v32 [1, 47, 396, 12] False
v33 [1, 47, 396, 12] False
v34 [1, 47, 396, 12] False
v35 [1, 47, 396, 12] False
v36 [1, 47, 396, 12] False
v37 [1, 47, 396, 12] False
v38 [1, 47, 396, 12] False
v39 [1, 47, 396, 12] False
v40 [1, 52, 386, 2] False
v41 [1, 52, 386, 2] False
v42 [1, 52, 386, 2] False
v43 [1, 52, 386, 2] False
v44 [1, 52, 386, 2] False
v45 [1, 52, 386, 2] False
v46 [1, 52, 386, 2] False
v47 [1, 52, 386, 2] False
