v0 [1, 14, 87, 2] False
v1 [1, 17, 93, 2] False
v2 [1, 14, 87, 2] False
v3 [1, 31, 137, 2] False
v4 [1, 14, 87, 2] False
v5 [1, 14, 87, 2] False
v6 [1, 17, 93, 2] False
v7 [1, 14, 87, 2] False
v8 [1, 31, 137, 2] False
v9 [1, 14, 87, 2] False
v10 [1, 14, 87, 2] False
v11 [1, 17, 93, 2] False
v12 [1, 14, 87, 2] False
v13 [1, 31, 137, 2] False
v14 [1, 14, 87, 2] False
v15 [1, 25, 142, 14] False
v16 [1, 26, 141, 4] False
v17 [1, 27, 142, 14] False
v18 [1, 84, 139, 16] False
v19 [1, 27, 142, 14] False
v20 [1, 25, 142, 14] False
v21 [1, 26, 141, 4] False
v22 [1, 27, 142, 14] False
v23 [1, 84, 139, 16] False
v24 [1, 27, 142, 14] False
v25 [1, 11, 89, 4] False
v26 [1, 14, 95, 4] False
v27 [1, 11, 89, 4] False
v28 [1, 24, 94, 2] False
v29 [1, 15, 89, 4] False
v30 [1, 11, 89, 4] False
v31 [1, 14, 95, 4] False
v32 [1, 11, 89, 4] False
v33 [1, 24, 94, 2] False
v34 [1, 15, 89, 4] False
v35 [1, 11, 89, 4] False
v36 [1, 14, 95, 4] False
v37 [1, 11, 89, 4] False
v38 [1, 24, 94, 2] False
v39 [1, 15, 89, 4] False
v40 [1, 21, 146, 18] False
v41 [1, 24, 143, 6] False
v42 [1, 23, 146, 18] False
v43 [1, 82, 143, 18] False
v44 [1, 27, 146, 18] False
v45 [1, 21, 146, 18] False
v46 [1, 24, 143, 6] False
v47 [1, 23, 146, 18] False
v48 [1, 82, 143, 18] False
v49 [1, 27, 146, 18] False
v50 [1, 11, 89, 4] False
v51 [1, 14, 95, 4] False
v52 [1, 11, 89, 4] False
v53 [1, 24, 94, 2] False
v54 [1, 11, 89, 4] False
v55 [1, 11, 89, 4] False
v56 [1, 14, 95, 4] False
v57 [1, 11, 89, 4] False
v58 [1, 24, 94, 2] False
v59 [1, 11, 89, 4] False
v60 [1, 11, 89, 4] False
v61 [1, 14, 95, 4] False
v62 [1, 11, 89, 4] False
v63 [1, 24, 94, 2] False
v64 [1, 11, 89, 4] False
v65 [1, 21, 146, 18] False
v66 [1, 24, 143, 6] False
v67 [1, 23, 146, 18] False
v68 [1, 82, 143, 18] False
v69 [1, 21, 146, 18] False
v70 [1, 21, 146, 18] False
v71 [1, 24, 143, 6] False
v72 [1, 23, 146, 18] False
v73 [1, 82, 143, 18] False
v74 [1, 21, 146, 18] False
v75 [1, 11, 89, 4] False
v76 [1, 14, 95, 4] False
v77 [1, 11, 89, 4] False
v78 [1, 24, 94, 2] False
v79 [1, 11, 89, 4] False
v80 [1, 11, 89, 4] False
v81 [1, 14, 95, 4] False
v82 [1, 11, 89, 4] False
v83 [1, 24, 94, 2] False
v84 [1, 11, 89, 4] False
v85 [1, 11, 89, 4] False
v86 [1, 14, 95, 4] False
v87 [1, 11, 89, 4] False
v88 [1, 24, 94, 2] False
v89 [1, 11, 89, 4] False
v90 [1, 21, 146, 18] False
v91 [1, 24, 143, 6] False
v92 [1, 23, 146, 18] False
v93 [1, 82, 143, 18] False
v94 [1, 23, 146, 18] False
v95 [1, 21, 146, 18] False
v96 [1, 24, 143, 6] False
v97 [1, 23, 146, 18] False
v98 [1, 82, 143, 18] False
v99 [1, 23, 146, 18] False
