v0 [1, 17, 214, 2] False
v1 [1, 24, 232, 14] False
v2 [1, 16, 214, 2] False
v3 [1, 23, 232, 14] False
v4 [1, 17, 214, 2] False
v5 [1, 24, 232, 14] False
v6 [1, 16, 214, 2] False
v7 [1, 23, 232, 14] False
v8 [1, 17, 214, 2] False
v9 [1, 20, 232, 14] False
v10 [1, 16, 214, 2] False
v11 [1, 19, 232, 14] False
v12 [1, 17, 214, 2] False
v13 [1, 20, 232, 14] False
v14 [1, 16, 214, 2] False
v15 [1, 19, 232, 14] False
v16 [1, 20, 217, 6] False
v17 [1, 23, 236, 8] False
v18 [1, 19, 217, 6] False
v19 [1, 22, 236, 8] False
v20 [1, 20, 217, 6] False
v21 [1, 23, 236, 8] False
v22 [1, 19, 217, 6] False
v23 [1, 22, 236, 8] False
v24 [1, 17, 214, 2] False
v25 [1, 24, 238, 18] False
v26 [1, 16, 214, 2] False
v27 [1, 23, 238, 18] False
v28 [1, 17, 214, 2] False
v29 [1, 24, 238, 18] False
v30 [1, 16, 214, 2] False
v31 [1, 23, 238, 18] False
v32 [1, 17, 214, 2] False
v33 [1, 28, 229, 20] False
v34 [1, 16, 214, 2] False
v35 [1, 27, 229, 20] False
v36 [1, 17, 214, 2] False
v37 [1, 28, 229, 20] False
v38 [1, 16, 214, 2] False
v39 [1, 27, 229, 20] False
