v0 [1, 23, 211, 4] False
v1 [1, 22, 211, 4] False
v2 [1, 23, 211, 4] False
v3 [1, 22, 211, 4] False
v4 [1, 25, 175, 4] False
v5 [1, 24, 175, 4] False
v6 [1, 23, 211, 4] False
v7 [1, 22, 211, 4] False
v8 [1, 23, 211, 4] False
v9 [1, 22, 211, 4] False
v10 [1, 25, 175, 4] False
v11 [1, 24, 175, 4] False
v12 [1, 23, 211, 4] False
v13 [1, 22, 211, 4] False
v14 [1, 23, 211, 4] False
v15 [1, 22, 211, 4] False
v16 [1, 25, 175, 4] False
v17 [1, 24, 175, 4] False
v18 [1, 19, 212, 2] False
v19 [1, 18, 212, 2] False
v20 [1, 19, 212, 2] False
v21 [1, 18, 212, 2] False
v22 [1, 24, 175, 4] False
v23 [1, 23, 175, 4] False
