v0 [1, 23, 243, 2] False
v1 [1, 22, 243, 2] False
v2 [1, 51, 245, 4] False
v3 [1, 23, 243, 2] False
v4 [1, 10, 222, 8] False
v5 [1, 9, 222, 8] False
v6 [1, 46, 226, 10] False
v7 [1, 10, 222, 8] False
v8 [1, 23, 243, 2] False
v9 [1, 22, 243, 2] False
v10 [1, 51, 245, 4] False
v11 [1, 23, 243, 2] False
v12 [1, 24, 244, 2] False
v13 [1, 23, 244, 2] False
v14 [1, 52, 246, 4] False
v15 [1, 24, 244, 2] False
v16 [1, 23, 243, 2] False
v17 [1, 22, 243, 2] False
v18 [1, 51, 245, 4] False
v19 [1, 23, 243, 2] False
v20 [1, 24, 244, 2] False
v21 [1, 23, 244, 2] False
v22 [1, 52, 246, 4] False
v23 [1, 24, 244, 2] False
v24 [1, 23, 243, 2] False
v25 [1, 22, 243, 2] False
v26 [1, 51, 245, 4] False
v27 [1, 23, 243, 2] False
v28 [1, 24, 244, 2] False
v29 [1, 23, 244, 2] False
v30 [1, 52, 246, 4] False
v31 [1, 24, 244, 2] False
v32 [1, 23, 243, 2] False
v33 [1, 22, 243, 2] False
v34 [1, 51, 245, 4] False
v35 [1, 23, 243, 2] False
v36 [1, 24, 244, 2] False
v37 [1, 23, 244, 2] False
v38 [1, 52, 246, 4] False
v39 [1, 24, 244, 2] False
