v0 [1, 17, 214, 2] False
v1 [1, 16, 214, 2] False
v2 [1, 17, 214, 2] False
v3 [1, 16, 214, 2] False
v4 [1, 17, 214, 2] False
v5 [1, 16, 214, 2] False
v6 [1, 24, 210, 6] False
v7 [1, 23, 210, 6] False
v8 [1, 24, 210, 6] False
v9 [1, 23, 210, 6] False
v10 [1, 24, 210, 6] False
v11 [1, 23, 210, 6] False
v12 [1, 17, 214, 2] False
v13 [1, 16, 214, 2] False
v14 [1, 17, 214, 2] False
v15 [1, 16, 214, 2] False
v16 [1, 17, 214, 2] False
v17 [1, 16, 214, 2] False
v18 [1, 24, 210, 6] False
v19 [1, 23, 210, 6] False
v20 [1, 24, 210, 6] False
v21 [1, 23, 210, 6] False
v22 [1, 24, 210, 6] False
v23 [1, 23, 210, 6] False
v24 [1, 19, 212, 2] False
v25 [1, 18, 212, 2] False
v26 [1, 19, 212, 2] False
v27 [1, 18, 212, 2] False
v28 [1, 19, 212, 2] False
v29 [1, 18, 212, 2] False
v30 [1, 26, 208, 0] False
v31 [1, 25, 208, 0] False
v32 [1, 26, 208, 0] False
v33 [1, 25, 208, 0] False
v34 [1, 26, 208, 0] False
v35 [1, 25, 208, 0] False
v36 [1, 21, 146, 2] False
v37 [1, 20, 224, 4] False
v38 [1, 20, 224, 4] False
v39 [1, 20, 224, 4] False
v40 [1, 19, 146, 2] False
v41 [1, 17, 214, 2] False
v42 [1, 17, 214, 2] False
v43 [1, 16, 214, 2] False
v44 [1, 18, 203, 0] False
