v0 [1, 6, 6, 0] False
v1 [1, 64, 436, 6] False
v2 [1, 6, 6, 0] False
v3 [1, 64, 436, 6] False
v4 [1, 6, 6, 0] False
v5 [1, 64, 436, 6] False
v6 [1, 6, 6, 0] False
v7 [1, 64, 436, 6] False
v8 [1, 23, 287, 2] False
v9 [1, 79, 445, 8] False
v10 [1, 23, 287, 2] False
v11 [1, 79, 445, 8] False
v12 [1, 23, 287, 2] False
v13 [1, 79, 445, 8] False
v14 [1, 23, 287, 2] False
v15 [1, 79, 445, 8] False
v16 [1, 6, 6, 0] False
v17 [1, 64, 436, 6] False
v18 [1, 6, 6, 0] False
v19 [1, 64, 436, 6] False
v20 [1, 6, 6, 0] False
v21 [1, 64, 436, 6] False
v22 [1, 6, 6, 0] False
v23 [1, 64, 436, 6] False
v24 [1, 23, 287, 2] False
v25 [1, 79, 445, 8] False
v26 [1, 23, 287, 2] False
v27 [1, 79, 445, 8] False
v28 [1, 23, 287, 2] False
v29 [1, 79, 445, 8] False
v30 [1, 23, 287, 2] False
v31 [1, 79, 445, 8] False
v32 [1, 6, 6, 0] False
v33 [1, 64, 436, 6] False
v34 [1, 6, 6, 0] False
v35 [1, 64, 436, 6] False
v36 [1, 6, 6, 0] False
v37 [1, 64, 436, 6] False
v38 [1, 6, 6, 0] False
v39 [1, 64, 436, 6] False
v40 [1, 23, 287, 2] False
v41 [1, 79, 445, 8] False
v42 [1, 23, 287, 2] False
v43 [1, 79, 445, 8] False
v44 [1, 23, 287, 2] False
v45 [1, 79, 445, 8] False
v46 [1, 23, 287, 2] False
v47 [1, 79, 445, 8] False
v48 [1, 6, 6, 0] False
v49 [1, 64, 436, 6] False
v50 [1, 6, 6, 0] False
v51 [1, 64, 436, 6] False
v52 [1, 6, 6, 0] False
v53 [1, 64, 436, 6] False
v54 [1, 6, 6, 0] False
v55 [1, 64, 436, 6] False
v56 [1, 23, 287, 2] False
v57 [1, 79, 445, 8] False
v58 [1, 23, 287, 2] False
v59 [1, 79, 445, 8] False
v60 [1, 23, 287, 2] False
v61 [1, 79, 445, 8] False
v62 [1, 23, 287, 2] False
v63 [1, 79, 445, 8] False
EXACT GATES []
