v0 [1, 34, 421, 8] False
v1 [1, 34, 421, 8] False
v2 [1, 34, 421, 8] False
v3 [1, 34, 421, 8] False
v4 [1, 34, 421, 8] False
v5 [1, 34, 421, 8] False
v6 [1, 6, 6, 0] False
v7 [1, 6, 6, 0] False
v8 [1, 34, 421, 8] False
v9 [1, 34, 421, 8] False
v10 [1, 34, 421, 8] False
v11 [1, 34, 421, 8] False
v12 [1, 34, 421, 8] False
v13 [1, 34, 421, 8] False
v14 [1, 58, 421, 10] False
v15 [1, 58, 421, 10] False
v16 [1, 58, 421, 10] False
v17 [1, 58, 421, 10] False
v18 [1, 58, 421, 10] False
v19 [1, 58, 421, 10] False
v20 [1, 58, 421, 10] False
v21 [1, 58, 421, 10] False
v22 [1, 58, 421, 10] False
v23 [1, 58, 421, 10] False
v24 [1, 58, 421, 10] False
v25 [1, 58, 421, 10] False
v26 [1, 58, 421, 10] False
v27 [1, 58, 421, 10] False
v28 [1, 58, 421, 10] False
v29 [1, 58, 421, 10] False
EXACT GATES []
