v0 [1, 30, 33, 0] False
v1 [1, 30, 33, 0] False
v2 [1, 30, 33, 0] False
v3 [1, 30, 33, 0] False
v4 [1, 30, 33, 0] False
v5 [1, 30, 33, 0] False
v6 [1, 30, 33, 0] False
v7 [1, 30, 33, 0] False
v8 [1, 30, 33, 0] False
v9 [1, 30, 33, 0] False
v10 [1, 30, 33, 0] False
v11 [1, 30, 33, 0] False
v12 [1, 30, 33, 0] False
v13 [1, 30, 33, 0] False
v14 [1, 29, 29, 0] False
v15 [1, 45, 56, 0] False
v16 [1, 47, 481, 2] False
v17 [1, 21, 21, 0] False
v18 [1, 21, 21, 0] False
v19 [1, 21, 21, 0] False
v20 [1, 21, 21, 0] False
v21 [1, 21, 21, 0] False
v22 [1, 21, 21, 0] False
v23 [1, 21, 21, 0] False
v24 [1, 21, 21, 0] False
v25 [1, 21, 21, 0] False
v26 [1, 21, 21, 0] False
v27 [1, 21, 21, 0] False
v28 [1, 21, 21, 0] False
v29 [1, 25, 477, 4] False
v30 [1, 21, 21, 0] False
v31 [1, 23, 51, 0] False
v32 [1, 25, 479, 2] False
v33 [1, 29, 481, 2] False
EXACT GATES []
