v0 [1, 6, 6, 0] False
v1 [1, 64, 436, 6] False
v2 [1, 6, 6, 0] False
v3 [1, 23, 287, 2] False
v4 [1, 6, 6, 0] False
v5 [1, 6, 6, 0] False
v6 [1, 6, 6, 0] False
v7 [1, 64, 436, 6] False
v8 [1, 6, 6, 0] False
v9 [1, 23, 287, 2] False
v10 [1, 6, 6, 0] False
v11 [1, 6, 6, 0] False
v12 [1, 13, 299, 2] False
v13 [1, 71, 433, 4] False
v14 [1, 13, 299, 2] False
v15 [1, 28, 319, 0] False
v16 [1, 13, 299, 2] False
v17 [1, 13, 299, 2] False
v18 [1, 13, 299, 2] False
v19 [1, 71, 433, 4] False
v20 [1, 13, 299, 2] False
v21 [1, 28, 319, 0] False
v22 [1, 13, 299, 2] False
v23 [1, 13, 299, 2] False
v24 [1, 13, 299, 2] False
v25 [1, 71, 433, 4] False
v26 [1, 13, 299, 2] False
v27 [1, 28, 319, 0] False
v28 [1, 13, 299, 2] False
v29 [1, 13, 299, 2] False
v30 [1, 13, 299, 2] False
v31 [1, 71, 433, 4] False
v32 [1, 13, 299, 2] False
v33 [1, 28, 319, 0] False
v34 [1, 13, 299, 2] False
v35 [1, 13, 299, 2] False
v36 [1, 7, 10, 0] False
v37 [1, 65, 440, 6] False
v38 [1, 7, 10, 0] False
v39 [1, 24, 291, 2] False
v40 [1, 7, 10, 0] False
v41 [1, 7, 10, 0] False
EXACT GATES []
