v0 [1, 32, 35, 0] False
v1 [1, 30, 33, 0] False
v2 [1, 32, 35, 0] False
v3 [1, 30, 33, 0] False
v4 [1, 37, 178, 0] False
v5 [1, 35, 176, 0] False
v6 [1, 42, 409, 2] False
v7 [1, 40, 409, 2] False
v8 [1, 42, 409, 2] False
v9 [1, 40, 409, 2] False
v10 [1, 47, 406, 2] False
v11 [1, 45, 406, 2] False
v12 [1, 42, 413, 2] False
v13 [1, 40, 413, 2] False
v14 [1, 42, 413, 2] False
v15 [1, 40, 413, 2] False
v16 [1, 47, 410, 2] False
v17 [1, 45, 410, 2] False
v18 [1, 41, 457, 16] False
v19 [1, 39, 457, 16] False
v20 [1, 41, 457, 16] False
v21 [1, 39, 457, 16] False
v22 [1, 52, 448, 16] False
v23 [1, 50, 448, 16] False
v24 [1, 49, 457, 16] False
v25 [1, 47, 457, 16] False
v26 [1, 49, 457, 16] False
v27 [1, 47, 457, 16] False
v28 [1, 60, 448, 16] False
v29 [1, 58, 448, 16] False
v30 [1, 49, 457, 16] False
v31 [1, 47, 457, 16] False
v32 [1, 49, 457, 16] False
v33 [1, 47, 457, 16] False
v34 [1, 60, 448, 16] False
v35 [1, 58, 448, 16] False
EXACT GATES []
