v0 [1, 26, 410, 8] False
v1 [1, 26, 471, 10] False
v2 [1, 27, 475, 12] False
v3 [1, 48, 407, 8] False
v4 [1, 50, 478, 12] False
v5 [1, 50, 478, 12] False
v6 [1, 47, 413, 10] False
v7 [1, 47, 474, 12] False
v8 [1, 48, 475, 12] False
v9 [1, 26, 410, 8] False
v10 [1, 27, 472, 10] False
v11 [1, 27, 475, 12] False
v12 [1, 48, 407, 8] False
v13 [1, 50, 478, 12] False
v14 [1, 50, 478, 12] False
v15 [1, 50, 414, 10] False
v16 [1, 51, 475, 12] False
v17 [1, 51, 475, 12] False
v18 [1, 23, 409, 8] False
v19 [1, 23, 471, 10] False
v20 [1, 24, 476, 12] False
v21 [1, 48, 407, 8] False
v22 [1, 50, 477, 12] False
v23 [1, 50, 477, 12] False
v24 [1, 50, 414, 10] False
v25 [1, 50, 474, 12] False
v26 [1, 51, 475, 12] False
v27 [1, 21, 409, 8] False
v28 [1, 21, 472, 10] False
v29 [1, 22, 476, 12] False
v30 [1, 48, 407, 8] False
v31 [1, 50, 478, 12] False
v32 [1, 50, 478, 12] False
v33 [1, 48, 414, 10] False
v34 [1, 48, 475, 12] False
v35 [1, 48, 475, 12] False
v36 [1, 26, 410, 8] False
v37 [1, 27, 472, 10] False
v38 [1, 27, 476, 12] False
v39 [1, 48, 407, 8] False
v40 [1, 50, 477, 12] False
v41 [1, 50, 477, 12] False
v42 [1, 50, 414, 10] False
v43 [1, 51, 475, 12] False
v44 [1, 51, 475, 12] False
v45 [1, 24, 410, 8] False
v46 [1, 24, 472, 10] False
v47 [1, 25, 476, 12] False
v48 [1, 45, 406, 8] False
v49 [1, 47, 478, 12] False
v50 [1, 47, 478, 12] False
v51 [1, 45, 413, 10] False
v52 [1, 45, 475, 12] False
v53 [1, 45, 475, 12] False
EXACT GATES []
