v0 [1, 21, 21, 0] False
v1 [1, 27, 27, 0] False
v2 [1, 27, 27, 0] False
v3 [1, 31, 290, 2] False
v4 [1, 21, 21, 0] False
v5 [1, 24, 479, 2] False
v6 [1, 6, 6, 0] False
v7 [1, 6, 6, 0] False
v8 [1, 6, 6, 0] False
v9 [1, 23, 287, 2] False
v10 [1, 6, 6, 0] False
v11 [1, 9, 479, 2] False
v12 [1, 6, 6, 0] False
v13 [1, 6, 6, 0] False
v14 [1, 6, 6, 0] False
v15 [1, 23, 287, 2] False
v16 None None
v17 [1, 9, 479, 2] False
v18 [1, 6, 6, 0] False
v19 [1, 6, 6, 0] False
v20 [1, 6, 6, 0] False
v21 [1, 23, 287, 2] False
v22 None None
v23 [1, 9, 479, 2] False
v24 [1, 21, 21, 0] False
v25 [1, 27, 27, 0] False
v26 [1, 27, 27, 0] False
v27 [1, 31, 290, 2] False
v28 [1, 21, 21, 0] False
v29 [1, 24, 479, 2] False
v30 [1, 21, 21, 0] False
v31 [1, 27, 27, 0] False
v32 [1, 27, 27, 0] False
v33 [1, 31, 290, 2] False
v34 [1, 21, 21, 0] False
v35 [1, 24, 479, 2] False
v36 [1, 21, 21, 0] False
v37 [1, 27, 27, 0] False
v38 [1, 27, 27, 0] False
v39 [1, 31, 290, 2] False
v40 [1, 21, 21, 0] False
v41 [1, 24, 479, 2] False
v42 [1, 22, 30, 2] False
v43 [1, 28, 36, 2] False
v44 [1, 28, 36, 2] False
v45 [1, 32, 292, 4] False
v46 [1, 22, 30, 2] False
v47 [1, 25, 481, 4] False
EXACT GATES []
