v0 [1, 4, 7, 0] False
v1 [1, 2, 5, 0] False
v2 [1, 5, 36, 0] False
v3 [1, 3, 34, 0] False
v4 [1, 4, 7, 0] False
v5 [1, 2, 5, 0] False
v6 [1, 5, 36, 0] False
v7 [1, 3, 34, 0] False
v8 [1, 5, 29, 2] False
v9 [1, 3, 27, 2] False
v10 [1, 6, 58, 2] False
v11 [1, 4, 56, 2] False
v12 [1, 5, 29, 2] False
v13 [1, 3, 27, 2] False
v14 [1, 6, 58, 2] False
v15 [1, 4, 56, 2] False
v16 [1, 6, 9, 0] False
v17 [1, 4, 7, 0] False
v18 [1, 7, 38, 0] False
v19 [1, 5, 36, 0] False
v20 [1, 6, 9, 0] False
v21 [1, 4, 7, 0] False
v22 [1, 7, 38, 0] False
v23 [1, 5, 36, 0] False
v24 [1, 34, 424, 8] False
v25 [1, 32, 424, 8] False
v26 [1, 35, 453, 8] False
v27 [1, 33, 453, 8] False
v28 [1, 34, 424, 8] False
v29 [1, 32, 424, 8] False
v30 [1, 35, 453, 8] False
v31 [1, 33, 453, 8] False
v32 [1, 32, 424, 8] False
v33 [1, 30, 424, 8] False
v34 [1, 33, 453, 8] False
v35 [1, 31, 453, 8] False
v36 [1, 32, 424, 8] False
v37 [1, 30, 424, 8] False
v38 [1, 33, 453, 8] False
v39 [1, 31, 453, 8] False
EXACT GATES []
