v0 [1, 60, 439, 2] False
v1 [1, 67, 502, 16] False
v2 [1, 68, 453, 4] False
v3 [1, 56, 430, 2] False
v4 [1, 63, 493, 16] False
v5 [1, 66, 446, 4] False
v6 [1, 60, 439, 2] False
v7 [1, 67, 502, 16] False
v8 [1, 68, 453, 4] False
v9 [1, 56, 430, 2] False
v10 [1, 63, 493, 16] False
v11 [1, 66, 446, 4] False
v12 [1, 75, 451, 12] False
v13 [1, 75, 498, 8] False
v14 [1, 83, 250, 10] False
v15 [1, 71, 442, 12] False
v16 [1, 71, 489, 8] False
v17 [1, 81, 243, 10] False
v18 [1, 75, 451, 12] False
v19 [1, 75, 498, 8] False
v20 [1, 83, 250, 10] False
v21 [1, 71, 442, 12] False
v22 [1, 71, 489, 8] False
v23 [1, 81, 243, 10] False
v24 [1, 75, 451, 12] False
v25 [1, 75, 498, 8] False
v26 [1, 83, 250, 10] False
v27 [1, 71, 442, 12] False
v28 [1, 71, 489, 8] False
v29 [1, 81, 243, 10] False
v30 [1, 75, 451, 12] False
v31 [1, 75, 498, 8] False
v32 [1, 83, 250, 10] False
v33 [1, 71, 442, 12] False
v34 [1, 71, 489, 8] False
v35 [1, 81, 243, 10] False
EXACT GATES []
