v0 [1, 6, 9, 0] False
v1 [1, 6, 9, 0] False
v2 [1, 11, 24, 10] False
v3 [1, 14, 38, 16] False
v4 [1, 6, 9, 0] False
v5 [1, 6, 9, 0] False
v6 [1, 6, 27, 5] False
v7 [1, 6, 27, 5] False
v8 [1, 6, 9, 0] False
v9 [1, 6, 9, 0] False
v10 [1, 6, 9, 0] False
v11 [1, 6, 9, 0] False
v12 [1, 11, 24, 10] False
v13 [1, 14, 38, 16] False
v14 [1, 6, 9, 0] False
v15 [1, 6, 9, 0] False
v16 [1, 6, 27, 5] False
v17 [1, 6, 27, 5] False
v18 [1, 6, 9, 0] False
v19 [1, 6, 9, 0] False
v20 [1, 6, 9, 0] False
v21 [1, 6, 9, 0] False
v22 [1, 11, 24, 10] False
v23 [1, 14, 38, 16] False
v24 [1, 6, 9, 0] False
v25 [1, 6, 9, 0] False
v26 [1, 6, 27, 5] False
v27 [1, 6, 27, 5] False
v28 [1, 6, 9, 0] False
v29 [1, 6, 9, 0] False
v30 [1, 6, 9, 0] False
v31 [1, 6, 9, 0] False
v32 [1, 11, 24, 10] False
v33 [1, 14, 38, 16] False
v34 [1, 6, 9, 0] False
v35 [1, 6, 9, 0] False
v36 [1, 6, 27, 5] False
v37 [1, 6, 27, 5] False
v38 [1, 6, 9, 0] False
v39 [1, 6, 9, 0] False
