v0 [1, 9, 38, 16] False
v1 [1, 9, 37, 15] False
v2 [1, 9, 33, 12] False
v3 [1, 9, 38, 16] False
v4 [1, 9, 37, 15] False
v5 [1, 9, 33, 12] False
v6 [1, 9, 38, 16] False
v7 [1, 9, 37, 15] False
v8 [1, 9, 33, 12] False
v9 [1, 9, 38, 16] False
v10 [1, 9, 37, 15] False
v11 [1, 9, 33, 12] False
v12 [1, 9, 38, 16] False
v13 [1, 9, 37, 15] False
v14 [1, 9, 33, 12] False
v15 [1, 9, 38, 16] False
v16 [1, 9, 37, 15] False
v17 [1, 9, 33, 12] False
v18 [1, 9, 38, 16] False
v19 [1, 9, 37, 15] False
v20 [1, 9, 33, 12] False
v21 [1, 9, 38, 16] False
v22 [1, 9, 37, 15] False
v23 [1, 9, 33, 12] False
EXACT GATES []
