v0 [1, 7, 30, 8] False
v1 [1, 8, 33, 11] False
v2 [1, 7, 30, 8] False
v3 [1, 8, 33, 11] False
v4 [1, 7, 30, 8] False
v5 [1, 8, 33, 11] False
v6 [1, 7, 30, 8] False
v7 [1, 8, 33, 11] False
v8 [1, 7, 30, 8] False
v9 [1, 8, 33, 11] False
v10 None None
v11 None None
v12 [1, 7, 30, 8] False
v13 [1, 8, 33, 11] False
v14 [1, 7, 30, 8] False
v15 [1, 8, 33, 11] False
v16 [1, 7, 30, 8] False
v17 [1, 8, 33, 11] False
v18 [1, 7, 30, 8] False
v19 [1, 8, 33, 11] False
v20 [1, 7, 30, 8] False
v21 [1, 8, 33, 11] False
v22 None None
v23 None None
