v0 [1, 121, 270, 13] False
v1 [1, 120, 270, 13] False
v2 [1, 110, 940, 1] False
v3 [1, 109, 940, 1] False
v4 [1, 46, 201, 17] False
v5 [1, 43, 201, 17] False
v6 [1, 33, 929, 4] False
v7 [1, 30, 929, 4] False
v8 [1, 116, 258, 1] False
v9 [1, 116, 258, 1] False
v10 [1, 117, 258, 2] False
v11 [1, 117, 258, 2] False
v12 [1, 119, 268, 13] False
v13 [1, 119, 268, 13] False
v14 [1, 119, 268, 13] False
v15 [1, 119, 268, 13] False
v16 [1, 108, 940, 1] False
v17 [1, 108, 940, 1] False
v18 [1, 44, 199, 17] False
v19 [1, 44, 199, 17] False
v20 [1, 31, 929, 4] False
v21 [1, 31, 929, 4] False
v22 [1, 116, 258, 1] False
v23 [1, 116, 258, 1] False
v24 [1, 117, 258, 2] False
v25 [1, 117, 258, 2] False
v26 [1, 119, 268, 13] False
v27 [1, 119, 268, 13] False
v28 [1, 121, 270, 13] False
v29 [1, 120, 270, 13] False
v30 [1, 110, 940, 1] False
v31 [1, 109, 940, 1] False
v32 [1, 46, 201, 17] False
v33 [1, 43, 201, 17] False
v34 [1, 33, 929, 4] False
v35 [1, 30, 929, 4] False
v36 [1, 116, 258, 1] False
v37 [1, 116, 258, 1] False
v38 [1, 117, 258, 2] False
v39 [1, 117, 258, 2] False
v40 [1, 119, 268, 13] False
v41 [1, 119, 268, 13] False
v42 [1, 119, 268, 13] False
v43 [1, 119, 268, 13] False
v44 [1, 108, 940, 1] False
v45 [1, 108, 940, 1] False
v46 [1, 44, 199, 17] False
v47 [1, 44, 199, 17] False
v48 [1, 31, 929, 4] False
v49 [1, 31, 929, 4] False
v50 [1, 116, 258, 1] False
v51 [1, 116, 258, 1] False
v52 [1, 117, 258, 2] False
v53 [1, 117, 258, 2] False
v54 [1, 119, 268, 13] False
v55 [1, 119, 268, 13] False
v56 [1, 118, 260, 3] False
v57 [1, 117, 260, 3] False
v58 [1, 126, 331, 9] False
v59 [1, 125, 331, 9] False
v60 [1, 51, 948, 16] False
v61 [1, 49, 948, 16] False
v62 [1, 42, 169, 1] False
v63 [1, 40, 169, 1] False
v64 [1, 116, 258, 1] False
v65 [1, 116, 258, 1] False
v66 [1, 117, 258, 2] False
v67 [1, 117, 258, 2] False
v68 [1, 119, 268, 13] False
v69 [1, 119, 268, 13] False
v70 [1, 116, 258, 3] False
v71 [1, 116, 258, 3] False
v72 [1, 125, 331, 9] False
v73 [1, 125, 331, 9] False
v74 [1, 49, 948, 16] False
v75 [1, 49, 948, 16] False
v76 [1, 40, 167, 1] False
v77 [1, 40, 167, 1] False
v78 [1, 116, 258, 1] False
v79 [1, 116, 258, 1] False
v80 [1, 117, 258, 2] False
v81 [1, 117, 258, 2] False
v82 [1, 119, 268, 13] False
v83 [1, 119, 268, 13] False
v84 [1, 118, 260, 3] False
v85 [1, 117, 260, 3] False
v86 [1, 126, 331, 9] False
v87 [1, 125, 331, 9] False
v88 [1, 51, 948, 16] False
v89 [1, 49, 948, 16] False
v90 [1, 42, 169, 1] False
v91 [1, 40, 169, 1] False
v92 [1, 116, 258, 1] False
v93 [1, 116, 258, 1] False
v94 [1, 117, 258, 2] False
v95 [1, 117, 258, 2] False
v96 [1, 119, 268, 13] False
v97 [1, 119, 268, 13] False
v98 [1, 116, 258, 3] False
v99 [1, 116, 258, 3] False
v100 [1, 125, 331, 9] False
v101 [1, 125, 331, 9] False
v102 [1, 49, 948, 16] False
v103 [1, 49, 948, 16] False
v104 [1, 40, 167, 1] False
v105 [1, 40, 167, 1] False
v106 [1, 116, 258, 1] False
v107 [1, 116, 258, 1] False
v108 [1, 117, 258, 2] False
v109 [1, 117, 258, 2] False
v110 [1, 119, 268, 13] False
v111 [1, 119, 268, 13] False
EXACT GATES []
