v0 [1, 123, 278, 23] False
v1 [1, 123, 278, 23] False
v2 [1, 122, 278, 23] False
v3 [1, 122, 278, 23] False
v4 [1, 127, 278, 23] False
v5 [1, 127, 278, 23] False
v6 [1, 39, 184, 2] False
v7 [1, 39, 184, 2] False
v8 [1, 123, 278, 23] False
v9 [1, 123, 278, 23] False
v10 [1, 123, 278, 23] False
v11 [1, 123, 278, 23] False
v12 [1, 122, 278, 23] False
v13 [1, 122, 278, 23] False
v14 [1, 130, 277, 23] False
v15 [1, 130, 277, 23] False
v16 [1, 39, 184, 2] False
v17 [1, 39, 184, 2] False
v18 [1, 123, 278, 23] False
v19 [1, 123, 278, 23] False
v20 [1, 116, 265, 8] False
v21 [1, 116, 265, 8] False
v22 [1, 119, 268, 12] False
v23 [1, 119, 268, 12] False
v24 [1, 127, 268, 12] False
v25 [1, 127, 268, 12] False
v26 [1, 41, 186, 5] False
v27 [1, 41, 186, 5] False
v28 [1, 119, 266, 10] False
v29 [1, 119, 266, 10] False
v30 [1, 116, 265, 8] False
v31 [1, 116, 265, 8] False
v32 [1, 123, 268, 12] False
v33 [1, 123, 268, 12] False
v34 [1, 127, 268, 12] False
v35 [1, 127, 268, 12] False
v36 [1, 54, 186, 5] False
v37 [1, 54, 186, 5] False
v38 [1, 119, 266, 10] False
v39 [1, 119, 266, 10] False
v40 [1, 115, 260, 4] False
v41 [1, 115, 260, 4] False
v42 [1, 118, 265, 8] False
v43 [1, 118, 265, 8] False
v44 [1, 117, 258, 2] False
v45 [1, 117, 258, 2] False
v46 [1, 40, 183, 1] False
v47 [1, 40, 183, 1] False
v48 [1, 118, 261, 6] False
v49 [1, 118, 261, 6] False
v50 [1, 122, 277, 20] False
v51 [1, 122, 277, 20] False
v52 [1, 123, 277, 20] False
v53 [1, 123, 277, 20] False
v54 [1, 124, 277, 20] False
v55 [1, 124, 277, 20] False
v56 [1, 45, 196, 13] False
v57 [1, 45, 196, 13] False
v58 [1, 124, 277, 20] False
v59 [1, 124, 277, 20] False
v60 [1, 119, 268, 13] False
v61 [1, 119, 268, 13] False
v62 [1, 119, 268, 13] False
v63 [1, 119, 268, 13] False
v64 [1, 119, 268, 13] False
v65 [1, 119, 268, 13] False
v66 [1, 34, 168, 4] False
v67 [1, 34, 168, 4] False
v68 [1, 119, 268, 13] False
v69 [1, 119, 268, 13] False
v70 [1, 121, 273, 16] False
v71 [1, 121, 273, 16] False
v72 [1, 120, 271, 16] False
v73 [1, 120, 271, 16] False
v74 [1, 121, 273, 16] False
v75 [1, 121, 273, 16] False
v76 [1, 36, 174, 1] False
v77 [1, 36, 174, 1] False
v78 [1, 121, 272, 16] False
v79 [1, 121, 272, 16] False
EXACT GATES []
