v0 [1, 119, 268, 13] False
v1 [1, 120, 919, 18] False
v2 [1, 119, 268, 13] False
v3 [1, 120, 919, 18] False
v4 [1, 110, 944, 6] False
v5 [1, 117, 912, 11] False
v6 [1, 109, 944, 6] False
v7 [1, 116, 912, 11] False
v8 [1, 110, 944, 6] False
v9 [1, 117, 912, 11] False
v10 [1, 109, 944, 6] False
v11 [1, 116, 912, 11] False
v12 [1, 128, 336, 13] False
v13 [1, 128, 921, 18] False
v14 [1, 127, 336, 13] False
v15 [1, 127, 921, 18] False
v16 [1, 110, 940, 1] False
v17 [1, 126, 915, 11] False
v18 [1, 109, 940, 1] False
v19 [1, 125, 915, 11] False
v20 [1, 110, 940, 1] False
v21 [1, 126, 915, 11] False
v22 [1, 109, 940, 1] False
v23 [1, 125, 915, 11] False
v24 [1, 114, 257, 3] False
v25 [1, 115, 908, 8] False
v26 [1, 114, 257, 3] False
v27 [1, 115, 908, 8] False
v28 [1, 117, 263, 7] False
v29 [1, 117, 914, 12] False
v30 [1, 117, 263, 7] False
v31 [1, 117, 914, 12] False
v32 [1, 119, 268, 13] False
v33 [1, 120, 919, 18] False
v34 [1, 119, 268, 13] False
v35 [1, 120, 919, 18] False
v36 [1, 120, 271, 17] False
v37 [1, 120, 925, 22] False
v38 [1, 120, 271, 17] False
v39 [1, 120, 925, 22] False
EXACT GATES []
