v0 [1, 119, 268, 13] False
v1 [1, 129, 342, 18] False
v2 [1, 119, 268, 13] False
v3 [1, 129, 342, 18] False
v4 [1, 119, 268, 13] False
v5 [1, 129, 342, 18] False
v6 [1, 119, 268, 13] False
v7 [1, 129, 342, 18] False
v8 [1, 123, 278, 23] False
v9 [1, 133, 351, 28] False
v10 [1, 123, 278, 23] False
v11 [1, 133, 351, 28] False
v12 [1, 125, 284, 27] False
v13 [1, 135, 356, 32] False
v14 [1, 125, 284, 27] False
v15 [1, 135, 356, 32] False
v16 [1, 123, 278, 23] False
v17 [1, 133, 351, 28] False
v18 [1, 123, 278, 23] False
v19 [1, 133, 351, 28] False
v20 [1, 119, 268, 13] False
v21 [1, 129, 342, 18] False
v22 [1, 119, 268, 13] False
v23 [1, 129, 342, 18] False
v24 [1, 119, 268, 13] False
v25 [1, 129, 342, 18] False
v26 [1, 119, 268, 13] False
v27 [1, 129, 342, 18] False
v28 [1, 119, 268, 13] False
v29 [1, 129, 342, 18] False
v30 [1, 119, 268, 13] False
v31 [1, 129, 342, 18] False
v32 [1, 123, 278, 23] False
v33 [1, 133, 351, 28] False
v34 [1, 123, 278, 23] False
v35 [1, 133, 351, 28] False
v36 [1, 125, 284, 27] False
v37 [1, 135, 356, 32] False
v38 [1, 125, 284, 27] False
v39 [1, 135, 356, 32] False
v40 [1, 123, 278, 23] False
v41 [1, 133, 351, 28] False
v42 [1, 123, 278, 23] False
v43 [1, 133, 351, 28] False
v44 [1, 119, 268, 13] False
v45 [1, 129, 342, 18] False
v46 [1, 119, 268, 13] False
v47 [1, 129, 342, 18] False
v48 [1, 119, 268, 13] False
v49 [1, 129, 342, 18] False
v50 [1, 119, 268, 13] False
v51 [1, 129, 342, 18] False
v52 [1, 119, 268, 13] False
v53 [1, 129, 342, 18] False
v54 [1, 119, 268, 13] False
v55 [1, 129, 342, 18] False
v56 [1, 123, 278, 23] False
v57 [1, 133, 351, 28] False
v58 [1, 123, 278, 23] False
v59 [1, 133, 351, 28] False
v60 [1, 125, 284, 27] False
v61 [1, 135, 356, 32] False
v62 [1, 125, 284, 27] False
v63 [1, 135, 356, 32] False
v64 [1, 123, 278, 23] False
v65 [1, 133, 351, 28] False
v66 [1, 123, 278, 23] False
v67 [1, 133, 351, 28] False
v68 [1, 119, 268, 13] False
v69 [1, 129, 342, 18] False
v70 [1, 119, 268, 13] False
v71 [1, 129, 342, 18] False
v72 [1, 119, 268, 13] False
v73 [1, 129, 342, 18] False
v74 [1, 119, 268, 13] False
v75 [1, 129, 342, 18] False
v76 [1, 119, 268, 13] False
v77 [1, 129, 342, 18] False
v78 [1, 119, 268, 13] False
v79 [1, 129, 342, 18] False
v80 [1, 123, 278, 23] False
v81 [1, 133, 351, 28] False
v82 [1, 123, 278, 23] False
v83 [1, 133, 351, 28] False
v84 [1, 125, 284, 27] False
v85 [1, 135, 356, 32] False
v86 [1, 125, 284, 27] False
v87 [1, 135, 356, 32] False
v88 [1, 123, 278, 23] False
v89 [1, 133, 351, 28] False
v90 [1, 123, 278, 23] False
v91 [1, 133, 351, 28] False
v92 [1, 119, 268, 13] False
v93 [1, 129, 342, 18] False
v94 [1, 119, 268, 13] False
v95 [1, 129, 342, 18] False
EXACT GATES []
