v0 ['scalar', 'plain'] [1, 9, 547, 4] False
v1 ['scalar', 'subtract'] [1, 9, 555, 8] False
v2 ['scalar', 'subtract_ge'] [1, 11, 562, 6] False
v3 ['scalar', 'volatile_count'] [1, 18, 549, 4] False
v4 ['scalar', 'volatile_j'] [1, 25, 571, 14] False
v5 ['scalar', 'j_alias'] [1, 36, 570, 12] False
v6 ['volatile_v', 'plain'] [1, 9, 560, 7] False
v7 ['volatile_v', 'subtract'] [1, 9, 567, 11] False
v8 ['volatile_v', 'subtract_ge'] [1, 11, 553, 9] False
v9 ['volatile_v', 'volatile_count'] [1, 21, 563, 7] False
v10 ['volatile_v', 'volatile_j'] [1, 73, 602, 30] False
v11 ['volatile_v', 'j_alias'] [1, 35, 571, 15] False
v12 ['point', 'plain'] [1, 35, 567, 7] False
v13 ['point', 'subtract'] [1, 35, 574, 11] False
v14 ['point', 'subtract_ge'] [1, 37, 562, 9] False
v15 ['point', 'volatile_count'] [1, 35, 567, 7] False
v16 ['point', 'volatile_j'] [1, 51, 596, 17] False
v17 ['point', 'j_alias'] [1, 56, 576, 20] False
v18 ['pt', 'plain'] [1, 35, 567, 7] False
v19 ['pt', 'subtract'] [1, 35, 574, 11] False
v20 ['pt', 'subtract_ge'] [1, 37, 562, 9] False
v21 ['pt', 'volatile_count'] [1, 35, 567, 7] False
v22 ['pt', 'volatile_j'] [1, 51, 596, 17] False
v23 ['pt', 'j_alias'] [1, 56, 576, 20] False
v24 ['array', 'plain'] [1, 35, 567, 7] False
v25 ['array', 'subtract'] [1, 35, 574, 11] False
v26 ['array', 'subtract_ge'] [1, 37, 562, 9] False
v27 ['array', 'volatile_count'] [1, 35, 567, 7] False
v28 ['array', 'volatile_j'] [1, 51, 596, 17] False
v29 ['array', 'j_alias'] [1, 56, 576, 20] False
v30 ['separate_records', 'plain'] [1, 27, 564, 7] False
v31 ['separate_records', 'subtract'] [1, 27, 571, 11] False
v32 ['separate_records', 'subtract_ge'] [1, 29, 559, 9] False
v33 ['separate_records', 'volatile_count'] [1, 29, 565, 7] False
v34 ['separate_records', 'volatile_j'] [1, 44, 593, 17] False
v35 ['separate_records', 'j_alias'] [1, 49, 573, 20] False
EXACT GATES []
