v0 [1, 9, 547, 4] False
v1 [1, 9, 547, 4] False
v2 [1, 21, 563, 7] False
v3 [1, 21, 563, 7] False
v4 [1, 26, 550, 4] False
v5 [1, 26, 550, 4] False
v6 [1, 27, 564, 7] False
v7 [1, 27, 564, 7] False
v8 [1, 41, 563, 17] False
v9 [1, 37, 222, 13] False
v10 [1, 69, 585, 20] False
v11 [1, 65, 570, 16] False
v12 [1, 51, 558, 19] False
v13 [1, 47, 291, 15] False
v14 [1, 78, 586, 22] False
v15 [1, 74, 580, 18] False
v16 [1, 41, 563, 17] False
v17 [1, 39, 279, 16] False
v18 [1, 69, 585, 20] False
v19 [1, 67, 575, 19] False
v20 [1, 51, 558, 19] False
v21 [1, 49, 294, 18] False
v22 [1, 78, 586, 22] False
v23 [1, 76, 582, 21] False
v24 [1, 41, 563, 17] False
v25 [1, 39, 554, 14] False
v26 [1, 69, 585, 20] False
v27 [1, 67, 583, 17] False
v28 [1, 51, 558, 19] False
v29 [1, 49, 557, 16] False
v30 [1, 78, 586, 22] False
v31 [1, 76, 578, 19] False
v32 [1, 17, 570, 7] False
v33 [1, 17, 570, 7] False
v34 [1, 26, 577, 10] False
v35 [1, 26, 577, 10] False
v36 [1, 31, 571, 7] False
v37 [1, 31, 571, 7] False
v38 [1, 32, 577, 10] False
v39 [1, 32, 577, 10] False
v40 [1, 17, 570, 7] False
v41 [1, 17, 570, 7] False
v42 [1, 26, 577, 10] False
v43 [1, 26, 577, 10] False
v44 [1, 31, 571, 7] False
v45 [1, 31, 571, 7] False
v46 [1, 32, 577, 10] False
v47 [1, 32, 577, 10] False
EXACT GATES []
