v0 [1, 18, 549, 4] False
v1 [1, 18, 549, 4] False
v2 [1, 23, 543, 2] False
v3 [1, 18, 549, 4] False
v4 [1, 23, 563, 7] False
v5 [1, 23, 543, 2] False
v6 [1, 23, 563, 7] False
v7 [1, 25, 550, 4] False
v8 [1, 25, 550, 4] False
v9 [1, 30, 544, 2] False
v10 [1, 25, 550, 4] False
v11 [1, 69, 579, 10] False
v12 [1, 30, 544, 2] False
v13 [1, 69, 579, 10] False
v14 [1, 18, 549, 4] False
v15 [1, 18, 549, 4] False
v16 [1, 23, 543, 2] False
v17 [1, 18, 549, 4] False
v18 [1, 70, 578, 10] False
v19 [1, 23, 543, 2] False
v20 [1, 70, 578, 10] False
v21 [1, 11, 548, 4] False
v22 [1, 11, 548, 4] False
v23 [1, 19, 542, 2] False
v24 [1, 11, 548, 4] False
v25 [1, 16, 570, 10] False
v26 [1, 19, 542, 2] False
v27 [1, 16, 570, 10] False
v28 [1, 11, 548, 4] False
v29 [1, 11, 548, 4] False
v30 [1, 19, 542, 2] False
v31 [1, 11, 548, 4] False
v32 [1, 16, 570, 10] False
v33 [1, 19, 542, 2] False
v34 [1, 16, 570, 10] False
v35 [1, 43, 42, 0] False
v36 [1, 43, 42, 0] False
v37 [1, 49, 281, 3] False
v38 [1, 43, 42, 0] False
v39 [1, 45, 551, 3] False
v40 [1, 49, 281, 3] False
v41 [1, 45, 551, 3] False
v42 [1, 64, 558, 4] False
v43 [1, 64, 558, 4] False
v44 [1, 67, 552, 2] False
v45 [1, 64, 558, 4] False
v46 [1, 66, 572, 7] False
v47 [1, 67, 552, 2] False
v48 [1, 66, 572, 7] False
v49 [1, 47, 555, 4] False
v50 [1, 47, 555, 4] False
v51 [1, 51, 549, 2] False
v52 [1, 47, 555, 4] False
v53 [1, 68, 572, 7] False
v54 [1, 51, 549, 2] False
v55 [1, 68, 572, 7] False
v56 [1, 36, 554, 4] False
v57 [1, 36, 554, 4] False
v58 [1, 43, 548, 2] False
v59 [1, 36, 554, 4] False
v60 [1, 38, 567, 7] False
v61 [1, 43, 548, 2] False
v62 [1, 38, 567, 7] False
v63 [1, 36, 554, 4] False
v64 [1, 36, 554, 4] False
v65 [1, 43, 548, 2] False
v66 [1, 36, 554, 4] False
v67 [1, 38, 567, 7] False
v68 [1, 43, 548, 2] False
v69 [1, 38, 567, 7] False
EXACT GATES []
