v0 [1, 44, 552, 3] False
v1 [1, 50, 553, 14] False
v2 [1, 57, 567, 16] False
v3 [1, 43, 42, 0] False
v4 [1, 49, 278, 17] False
v5 [1, 56, 570, 19] False
v6 [1, 43, 42, 0] False
v7 [1, 49, 278, 17] False
v8 [1, 56, 569, 19] False
v9 [1, 42, 566, 5] False
v10 [1, 41, 567, 5] False
v11 [1, 41, 567, 5] False
v12 [1, 18, 549, 4] False
v13 [1, 23, 543, 16] False
v14 [1, 29, 541, 9] False
v15 [1, 18, 549, 4] False
v16 [1, 23, 543, 16] False
v17 [1, 29, 541, 9] False
v18 [1, 18, 550, 4] False
v19 [1, 23, 544, 16] False
v20 [1, 29, 542, 9] False
v21 [1, 21, 563, 1] False
v22 [1, 20, 563, 1] False
v23 [1, 20, 563, 1] False
v24 [1, 23, 514, 3] False
v25 [1, 28, 520, 17] False
v26 [1, 34, 565, 10] False
v27 [1, 23, 514, 3] False
v28 [1, 28, 520, 17] False
v29 [1, 34, 565, 10] False
v30 [1, 21, 550, 1] False
v31 [1, 26, 547, 19] False
v32 [1, 32, 553, 12] False
v33 [1, 24, 565, 2] False
v34 [1, 23, 567, 2] False
v35 [1, 23, 567, 2] False
v36 [1, 18, 549, 4] False
v37 [1, 23, 543, 16] False
v38 [1, 29, 541, 9] False
v39 [1, 18, 549, 4] False
v40 [1, 23, 543, 16] False
v41 [1, 29, 541, 9] False
v42 [1, 18, 550, 4] False
v43 [1, 23, 544, 16] False
v44 [1, 29, 542, 9] False
v45 [1, 21, 563, 1] False
v46 [1, 20, 563, 1] False
v47 [1, 20, 563, 1] False
v48 [1, 44, 552, 3] False
v49 [1, 50, 553, 14] False
v50 [1, 57, 567, 16] False
v51 [1, 43, 42, 0] False
v52 [1, 49, 278, 17] False
v53 [1, 56, 571, 19] False
v54 [1, 43, 42, 0] False
v55 [1, 49, 278, 17] False
v56 [1, 56, 570, 19] False
v57 [1, 42, 566, 5] False
v58 [1, 41, 567, 5] False
v59 [1, 41, 567, 5] False
EXACT GATES []
