v0 [1, 11, 548, 4] False
v1 [1, 11, 548, 4] False
v2 [1, 9, 547, 4] False
v3 [1, 9, 547, 4] False
v4 [1, 9, 547, 4] False
v5 [1, 9, 547, 4] False
v6 [1, 9, 547, 4] False
v7 [1, 9, 547, 4] False
v8 [1, 57, 561, 8] False
v9 [1, 57, 561, 8] False
v10 [1, 55, 560, 8] False
v11 [1, 55, 560, 8] False
v12 [1, 55, 560, 8] False
v13 [1, 55, 560, 8] False
v14 [1, 55, 560, 8] False
v15 [1, 55, 560, 8] False
v16 [1, 57, 561, 8] False
v17 [1, 57, 561, 8] False
v18 [1, 55, 560, 8] False
v19 [1, 55, 560, 8] False
v20 [1, 55, 560, 8] False
v21 [1, 55, 560, 8] False
v22 [1, 55, 560, 8] False
v23 [1, 55, 560, 8] False
v24 [1, 80, 609, 42] False
v25 [1, 80, 609, 42] False
v26 [1, 80, 608, 42] False
v27 [1, 80, 608, 42] False
v28 [1, 80, 608, 42] False
v29 [1, 80, 608, 42] False
v30 [1, 80, 608, 42] False
v31 [1, 80, 608, 42] False
v32 [1, 82, 615, 46] False
v33 [1, 82, 615, 46] False
v34 [1, 82, 614, 46] False
v35 [1, 82, 614, 46] False
v36 [1, 82, 614, 46] False
v37 [1, 82, 614, 46] False
v38 [1, 82, 614, 46] False
v39 [1, 82, 614, 46] False
v40 [1, 82, 615, 46] False
v41 [1, 82, 615, 46] False
v42 [1, 82, 614, 46] False
v43 [1, 82, 614, 46] False
v44 [1, 82, 614, 46] False
v45 [1, 82, 614, 46] False
v46 [1, 82, 614, 46] False
v47 [1, 82, 614, 46] False
EXACT GATES []
