v0 [1, 2, 2, 0] False
v1 [1, 17, 242, 3] False
v2 [1, 2, 2, 0] False
v3 [1, 17, 242, 3] False
v4 [1, 2, 2, 0] False
v5 [1, 17, 242, 3] False
v6 [1, 2, 2, 0] False
v7 [1, 17, 242, 3] False
v8 [1, 2, 2, 0] False
v9 [1, 17, 242, 3] False
v10 [1, 2, 2, 0] False
v11 [1, 17, 242, 3] False
v12 [1, 2, 2, 0] False
v13 [1, 17, 242, 3] False
v14 [1, 2, 2, 0] False
v15 [1, 17, 242, 3] False
v16 [1, 2, 2, 0] False
v17 [1, 17, 242, 3] False
v18 [1, 2, 2, 0] False
v19 [1, 17, 242, 3] False
v20 [1, 2, 2, 0] False
v21 [1, 17, 242, 3] False
v22 [1, 2, 2, 0] False
v23 [1, 17, 242, 3] False
