type0 [1, 2, 2, 0] False
type1 [1, 2, 2, 0] False
type2 [1, 2, 2, 0] False
type3 [1, 2, 2, 0] False
type4 [1, 2, 2, 0] False
type5 [1, 4, 259, 3] False
type6 [1, 2, 2, 0] False
type7 None None
type8 [1, 2, 2, 0] False
rename9 [1, 2, 2, 0] False
rename10 [1, 2, 2, 0] False
rename11 [1, 2, 2, 0] False
rename12 [1, 2, 2, 0] False
rename13 [1, 2, 2, 0] False
rename14 [1, 2, 2, 0] False
rename15 [1, 2, 2, 0] False
rename16 [1, 2, 2, 0] False
rename17 [1, 2, 2, 0] False
rename18 [1, 2, 2, 0] False
rename19 [1, 2, 2, 0] False
rename20 [1, 2, 2, 0] False
rename21 [1, 2, 2, 0] False
rename22 [1, 2, 2, 0] False
rename23 [1, 2, 2, 0] False
rename24 [1, 2, 2, 0] False
rename25 [1, 2, 2, 0] False
rename26 [1, 2, 2, 0] False
rename27 [1, 2, 2, 0] False
rename28 [1, 2, 2, 0] False
rename29 [1, 2, 2, 0] False
rename30 [1, 2, 2, 0] False
rename31 [1, 2, 2, 0] False
rename32 [1, 2, 2, 0] False
rename33 [1, 2, 2, 0] False
rename34 [1, 2, 2, 0] False
rename35 [1, 2, 2, 0] False
rename36 [1, 2, 2, 0] False
rename37 [1, 2, 2, 0] False
rename38 [1, 2, 2, 0] False
rename39 [1, 2, 2, 0] False
rename40 [1, 2, 2, 0] False
rename41 [1, 2, 2, 0] False
rename42 [1, 2, 2, 0] False
rename43 [1, 2, 2, 0] False
rename44 [1, 2, 2, 0] False
rename45 [1, 2, 2, 0] False
rename46 [1, 2, 2, 0] False
rename47 [1, 2, 2, 0] False
rename48 [1, 2, 2, 0] False
unnamed49 [1, 2, 2, 0] False
unnamed50 [1, 2, 2, 0] False
unnamed51 [1, 2, 2, 0] False
unnamed52 [1, 2, 2, 0] False
unnamed53 [1, 2, 2, 0] False
unnamed54 [1, 2, 2, 0] False
unnamed55 [1, 2, 2, 0] False
unnamed56 [1, 2, 2, 0] False
unnamed57 [1, 2, 2, 0] False
unnamed58 [1, 2, 2, 0] False
unnamed59 [1, 2, 2, 0] False
unnamed60 [1, 2, 2, 0] False
unnamed61 [1, 2, 2, 0] False
unnamed62 [1, 2, 2, 0] False
unnamed63 [1, 2, 2, 0] False
unnamed64 None None
unnamed65 [1, 2, 2, 0] False
unnamed66 [1, 2, 2, 0] False
unnamed67 [1, 2, 2, 0] False
unnamed68 [1, 2, 2, 0] False
unnamed69 [1, 2, 2, 0] False
unnamed70 [1, 2, 2, 0] False
unnamed71 [1, 2, 2, 0] False
segment72 [1, 2, 2, 0] False
segment73 [1, 17, 144, 3] False
segment74 [1, 17, 144, 3] False
segment75 [1, 2, 2, 0] False
segment76 [1, 17, 144, 3] False
segment77 [1, 17, 144, 3] False
segment78 [1, 2, 2, 0] False
segment79 [1, 12, 12, 0] False
segment80 [1, 12, 12, 0] False
segment81 [1, 2, 2, 0] False
segment82 [1, 12, 12, 0] False
segment83 [1, 12, 12, 0] False
