v0 ['win_Open(0x2100);', 0] [1, 2, 2, 0] False
v1 ['win_Open(0x2100);', 1] [1, 2, 2, 0] False
v2 ['win_Open(0x2100);', 2] [1, 17, 311, 5] False
v3 ['win_Open(0x2100);', 3] [1, 17, 311, 5] False
v4 ['win_Open(0x2100);', 4] [1, 17, 311, 5] False
v5 ['win_Open(0x2100);', 5] [1, 17, 311, 5] False
v6 ['win_Open(0x2100);', 6] [1, 17, 311, 5] False
v7 ['win_Open(0x2100);', 7] [1, 17, 311, 5] False
v8 ['h = f_1A53_00F0', 0] [1, 2, 2, 0] False
v9 ['h = f_1A53_00F0', 1] [1, 2, 2, 0] False
v10 ['h = f_1A53_00F0', 2] [1, 17, 301, 5] False
v11 ['h = f_1A53_00F0', 3] [1, 17, 301, 5] False
v12 ['h = f_1A53_00F0', 4] [1, 17, 301, 5] False
v13 ['h = f_1A53_00F0', 5] [1, 17, 301, 5] False
v14 ['h = f_1A53_00F0', 6] [1, 17, 301, 5] False
v15 ['h = f_1A53_00F0', 7] [1, 17, 301, 5] False
v16 ['text = f_171C_1B84', 0] [1, 2, 2, 0] False
v17 ['text = f_171C_1B84', 1] [1, 2, 2, 0] False
v18 ['text = f_171C_1B84', 2] [1, 17, 301, 5] False
v19 ['text = f_171C_1B84', 3] [1, 17, 301, 5] False
v20 ['text = f_171C_1B84', 4] [1, 17, 301, 5] False
v21 ['text = f_171C_1B84', 5] [1, 17, 301, 5] False
v22 ['text = f_171C_1B84', 6] [1, 17, 301, 5] False
v23 ['text = f_171C_1B84', 7] [1, 17, 301, 5] False
v24 ['f_24AB_02AD(g_3DB2', 0] [1, 2, 2, 0] False
v25 ['f_24AB_02AD(g_3DB2', 1] [1, 2, 2, 0] False
v26 ['f_24AB_02AD(g_3DB2', 2] [1, 17, 259, 5] False
v27 ['f_24AB_02AD(g_3DB2', 3] [1, 17, 259, 5] False
v28 ['f_24AB_02AD(g_3DB2', 4] [1, 17, 259, 5] False
v29 ['f_24AB_02AD(g_3DB2', 5] [1, 17, 259, 5] False
v30 ['f_24AB_02AD(g_3DB2', 6] [1, 17, 259, 5] False
v31 ['f_24AB_02AD(g_3DB2', 7] [1, 17, 259, 5] False
v32 ['if (g_5A97 & 1)', 0] [1, 2, 2, 0] False
v33 ['if (g_5A97 & 1)', 1] [1, 2, 2, 0] False
v34 ['if (g_5A97 & 1)', 2] [1, 17, 238, 5] False
v35 ['if (g_5A97 & 1)', 3] [1, 17, 238, 5] False
v36 ['if (g_5A97 & 1)', 4] [1, 17, 238, 5] False
v37 ['if (g_5A97 & 1)', 5] [1, 17, 238, 5] False
v38 ['if (g_5A97 & 1)', 6] [1, 17, 238, 5] False
v39 ['if (g_5A97 & 1)', 7] [1, 17, 238, 5] False
v40 ['win_PrintTextInRect(0, text, &r);', 0] [1, 2, 2, 0] False
v41 ['win_PrintTextInRect(0, text, &r);', 2] [1, 18, 268, 4] False
v42 ['win_PrintTextInRect(0, text, &r);', 4] [1, 18, 268, 4] False
v43 ['win_PrintTextInRect(0, text, &r);', 6] [1, 18, 268, 4] False
EXACT GATES []
