v0 ['int', 'plain'] [1, 2, 2, 0] False
v1 ['int', 'word'] [1, 2, 2, 0] False
v2 ['int', 'low_lvalue'] [1, 24, 73, 0] False
v3 ['unsigned', 'plain'] [1, 2, 2, 0] False
v4 ['unsigned', 'word'] [1, 2, 2, 0] False
v5 ['unsigned', 'low_lvalue'] [1, 24, 73, 0] False
v6 ['long', 'plain'] [1, 19, 84, 8] False
v7 ['long', 'word'] [1, 19, 84, 8] False
v8 ['long', 'low_lvalue'] [1, 26, 91, 8] False
v9 ['unsigned long', 'plain'] [1, 19, 84, 8] False
v10 ['unsigned long', 'word'] [1, 19, 84, 8] False
v11 ['unsigned long', 'low_lvalue'] [1, 26, 91, 8] False
v12 ['signed char', 'plain'] [1, 17, 65, 2] False
v13 ['signed char', 'word'] [1, 17, 65, 2] False
v14 ['unsigned char', 'plain'] [1, 17, 65, 1] False
v15 ['unsigned char', 'word'] [1, 17, 65, 1] False
v16 ['register unsigned', 'plain'] [1, 2, 2, 0] False
v17 ['register unsigned', 'word'] [1, 2, 2, 0] False
v18 ['register unsigned', 'low_lvalue'] None None
v19 ['register long', 'plain'] [1, 19, 84, 8] False
v20 ['register long', 'word'] [1, 19, 84, 8] False
v21 ['register long', 'low_lvalue'] None None
EXACT GATES []
