v0 [0, 'none'] [1, 2, 2, 0] False
v1 [0, 'font'] [1, 12, 276, 6] False
v2 [0, 'loop'] [1, 12, 12, 0] False
v3 [1, 'none'] [1, 8, 277, 2] False
v4 [1, 'font'] [1, 7, 252, 4] False
v5 [1, 'loop'] [1, 15, 277, 2] False
v6 [2, 'none'] [1, 4, 229, 4] False
v7 [2, 'font'] [1, 13, 277, 10] False
v8 [2, 'loop'] [1, 13, 230, 4] False
v9 [3, 'none'] [1, 9, 282, 7] False
v10 [3, 'font'] [1, 8, 258, 9] False
v11 [3, 'loop'] [1, 17, 282, 7] False
v12 [4, 'none'] [1, 17, 144, 3] False
v13 [4, 'font'] [1, 22, 277, 9] False
v14 [4, 'loop'] [1, 17, 144, 3] False
v15 [5, 'none'] [1, 21, 268, 4] False
v16 [5, 'font'] [1, 21, 266, 6] False
v17 [5, 'loop'] [1, 21, 268, 4] False
v18 [6, 'none'] [1, 19, 235, 8] False
v19 [6, 'font'] [1, 20, 279, 14] False
v20 [6, 'loop'] [1, 19, 235, 8] False
v21 [7, 'none'] [1, 19, 282, 9] False
v22 [7, 'font'] [1, 19, 266, 11] False
v23 [7, 'loop'] [1, 19, 282, 9] False
v24 [8, 'none'] [1, 8, 277, 2] False
v25 [8, 'font'] [1, 7, 252, 4] False
v26 [8, 'loop'] [1, 15, 277, 2] False
v27 [9, 'none'] [1, 8, 277, 2] False
v28 [9, 'font'] [1, 7, 252, 4] False
v29 [9, 'loop'] [1, 15, 277, 2] False
v30 [10, 'none'] [1, 9, 282, 7] False
v31 [10, 'font'] [1, 8, 258, 9] False
v32 [10, 'loop'] [1, 17, 282, 7] False
v33 [11, 'none'] [1, 9, 282, 7] False
v34 [11, 'font'] [1, 8, 258, 9] False
v35 [11, 'loop'] [1, 17, 282, 7] False
v36 [12, 'none'] [1, 21, 268, 4] False
v37 [12, 'font'] [1, 21, 266, 6] False
v38 [12, 'loop'] [1, 21, 268, 4] False
v39 [13, 'none'] [1, 21, 268, 4] False
v40 [13, 'font'] [1, 21, 266, 6] False
v41 [13, 'loop'] [1, 21, 268, 4] False
v42 [14, 'none'] [1, 19, 282, 9] False
v43 [14, 'font'] [1, 19, 266, 11] False
v44 [14, 'loop'] [1, 19, 282, 9] False
v45 [15, 'none'] [1, 19, 282, 9] False
v46 [15, 'font'] [1, 19, 266, 11] False
v47 [15, 'loop'] [1, 19, 282, 9] False
v48 [16, 'none'] [1, 3, 166, 1] False
v49 [16, 'font'] [1, 9, 277, 2] False
v50 [16, 'loop'] [1, 12, 166, 1] False
v51 [17, 'none'] [1, 9, 277, 2] False
v52 [17, 'font'] [1, 9, 277, 2] False
v53 [17, 'loop'] [1, 13, 277, 2] False
v54 [18, 'none'] [1, 5, 238, 6] False
v55 [18, 'font'] [1, 14, 272, 12] False
v56 [18, 'loop'] [1, 14, 239, 6] False
v57 [19, 'none'] [1, 9, 282, 7] False
v58 [19, 'font'] [1, 8, 258, 9] False
v59 [19, 'loop'] [1, 17, 282, 7] False
v60 [20, 'none'] [1, 17, 144, 3] False
v61 [20, 'font'] [1, 18, 269, 4] False
v62 [20, 'loop'] [1, 17, 144, 3] False
v63 [21, 'none'] [1, 18, 269, 4] False
v64 [21, 'font'] [1, 18, 269, 4] False
v65 [21, 'loop'] [1, 18, 269, 4] False
v66 [22, 'none'] [1, 19, 235, 8] False
v67 [22, 'font'] [1, 20, 279, 14] False
v68 [22, 'loop'] [1, 19, 235, 8] False
v69 [23, 'none'] [1, 19, 282, 9] False
v70 [23, 'font'] [1, 19, 266, 11] False
v71 [23, 'loop'] [1, 19, 282, 9] False
v72 [24, 'none'] [1, 9, 277, 2] False
v73 [24, 'font'] [1, 9, 277, 2] False
v74 [24, 'loop'] [1, 13, 277, 2] False
v75 [25, 'none'] [1, 7, 277, 2] False
v76 [25, 'font'] [1, 7, 277, 2] False
v77 [25, 'loop'] [1, 15, 277, 2] False
v78 [26, 'none'] [1, 9, 282, 7] False
v79 [26, 'font'] [1, 8, 258, 9] False
v80 [26, 'loop'] [1, 17, 282, 7] False
v81 [27, 'none'] [1, 9, 282, 7] False
v82 [27, 'font'] [1, 8, 258, 9] False
v83 [27, 'loop'] [1, 17, 282, 7] False
v84 [28, 'none'] [1, 18, 269, 4] False
v85 [28, 'font'] [1, 18, 269, 4] False
v86 [28, 'loop'] [1, 18, 269, 4] False
v87 [29, 'none'] [1, 17, 268, 4] False
v88 [29, 'font'] [1, 17, 268, 4] False
v89 [29, 'loop'] [1, 17, 268, 4] False
v90 [30, 'none'] [1, 19, 282, 9] False
v91 [30, 'font'] [1, 19, 266, 11] False
v92 [30, 'loop'] [1, 19, 282, 9] False
v93 [31, 'none'] [1, 19, 282, 9] False
v94 [31, 'font'] [1, 19, 266, 11] False
v95 [31, 'loop'] [1, 19, 282, 9] False
v96 [32, 'none'] [1, 17, 144, 3] False
v97 [32, 'font'] [1, 22, 277, 9] False
v98 [32, 'loop'] [1, 17, 144, 3] False
v99 [33, 'none'] [1, 21, 268, 4] False
v100 [33, 'font'] [1, 21, 266, 6] False
v101 [33, 'loop'] [1, 21, 268, 4] False
v102 [34, 'none'] [1, 19, 235, 8] False
v103 [34, 'font'] [1, 20, 279, 14] False
v104 [34, 'loop'] [1, 19, 235, 8] False
v105 [35, 'none'] [1, 19, 282, 9] False
v106 [35, 'font'] [1, 19, 266, 11] False
v107 [35, 'loop'] [1, 19, 282, 9] False
v108 [36, 'none'] [1, 17, 144, 3] False
v109 [36, 'font'] [1, 22, 277, 9] False
v110 [36, 'loop'] [1, 17, 144, 3] False
v111 [37, 'none'] [1, 21, 268, 4] False
v112 [37, 'font'] [1, 21, 266, 6] False
v113 [37, 'loop'] [1, 21, 268, 4] False
v114 [38, 'none'] [1, 19, 235, 8] False
v115 [38, 'font'] [1, 20, 279, 14] False
v116 [38, 'loop'] [1, 19, 235, 8] False
v117 [39, 'none'] [1, 19, 282, 9] False
v118 [39, 'font'] [1, 19, 266, 11] False
v119 [39, 'loop'] [1, 19, 282, 9] False
v120 [40, 'none'] [1, 21, 268, 4] False
v121 [40, 'font'] [1, 21, 266, 6] False
v122 [40, 'loop'] [1, 21, 268, 4] False
v123 [41, 'none'] [1, 21, 268, 4] False
v124 [41, 'font'] [1, 21, 266, 6] False
v125 [41, 'loop'] [1, 21, 268, 4] False
v126 [42, 'none'] [1, 19, 282, 9] False
v127 [42, 'font'] [1, 19, 266, 11] False
v128 [42, 'loop'] [1, 19, 282, 9] False
v129 [43, 'none'] [1, 19, 282, 9] False
v130 [43, 'font'] [1, 19, 266, 11] False
v131 [43, 'loop'] [1, 19, 282, 9] False
v132 [44, 'none'] [1, 21, 268, 4] False
v133 [44, 'font'] [1, 21, 266, 6] False
v134 [44, 'loop'] [1, 21, 268, 4] False
v135 [45, 'none'] [1, 21, 268, 4] False
v136 [45, 'font'] [1, 21, 266, 6] False
v137 [45, 'loop'] [1, 21, 268, 4] False
v138 [46, 'none'] [1, 19, 282, 9] False
v139 [46, 'font'] [1, 19, 266, 11] False
v140 [46, 'loop'] [1, 19, 282, 9] False
v141 [47, 'none'] [1, 19, 282, 9] False
v142 [47, 'font'] [1, 19, 266, 11] False
v143 [47, 'loop'] [1, 19, 282, 9] False
v144 [48, 'none'] [1, 17, 144, 3] False
v145 [48, 'font'] [1, 18, 269, 4] False
v146 [48, 'loop'] [1, 17, 144, 3] False
v147 [49, 'none'] [1, 18, 269, 4] False
v148 [49, 'font'] [1, 18, 269, 4] False
v149 [49, 'loop'] [1, 18, 269, 4] False
v150 [50, 'none'] [1, 19, 235, 8] False
v151 [50, 'font'] [1, 20, 279, 14] False
v152 [50, 'loop'] [1, 19, 235, 8] False
v153 [51, 'none'] [1, 19, 282, 9] False
v154 [51, 'font'] [1, 19, 266, 11] False
v155 [51, 'loop'] [1, 19, 282, 9] False
v156 [52, 'none'] [1, 17, 144, 3] False
v157 [52, 'font'] [1, 19, 280, 6] False
v158 [52, 'loop'] [1, 17, 144, 3] False
v159 [53, 'none'] [1, 19, 280, 6] False
v160 [53, 'font'] [1, 19, 280, 6] False
v161 [53, 'loop'] [1, 19, 280, 6] False
v162 [54, 'none'] [1, 19, 235, 8] False
v163 [54, 'font'] [1, 20, 279, 14] False
v164 [54, 'loop'] [1, 19, 235, 8] False
v165 [55, 'none'] [1, 19, 282, 9] False
v166 [55, 'font'] [1, 19, 266, 11] False
v167 [55, 'loop'] [1, 19, 282, 9] False
v168 [56, 'none'] [1, 19, 280, 7] False
v169 [56, 'font'] [1, 19, 280, 7] False
v170 [56, 'loop'] [1, 19, 280, 7] False
v171 [57, 'none'] [1, 17, 268, 4] False
v172 [57, 'font'] [1, 17, 268, 4] False
v173 [57, 'loop'] [1, 17, 268, 4] False
v174 [58, 'none'] [1, 20, 279, 12] False
v175 [58, 'font'] [1, 20, 268, 14] False
v176 [58, 'loop'] [1, 20, 279, 12] False
v177 [59, 'none'] [1, 19, 282, 9] False
v178 [59, 'font'] [1, 19, 266, 11] False
v179 [59, 'loop'] [1, 19, 282, 9] False
v180 [60, 'none'] [1, 20, 280, 9] False
v181 [60, 'font'] [1, 20, 280, 9] False
v182 [60, 'loop'] [1, 20, 280, 9] False
v183 [61, 'none'] [1, 17, 268, 4] False
v184 [61, 'font'] [1, 17, 268, 4] False
v185 [61, 'loop'] [1, 17, 268, 4] False
v186 [62, 'none'] [1, 20, 279, 12] False
v187 [62, 'font'] [1, 20, 268, 14] False
v188 [62, 'loop'] [1, 20, 279, 12] False
v189 [63, 'none'] [1, 19, 282, 9] False
v190 [63, 'font'] [1, 19, 266, 11] False
v191 [63, 'loop'] [1, 19, 282, 9] False
EXACT GATES []
