v0 [1, 7, 274, 1] False
v1 [1, 2, 2, 0] False
v2 [1, 17, 144, 3] False
v3 [1, 17, 144, 3] False
v4 [1, 2, 2, 0] False
v5 [1, 8, 274, 1] False
v6 [1, 2, 2, 0] False
v7 [1, 20, 154, 7] False
v8 [1, 20, 154, 7] False
v9 [1, 2, 2, 0] False
v10 [1, 6, 254, 2] False
v11 [1, 2, 2, 0] False
v12 [1, 12, 12, 0] False
v13 [1, 12, 12, 0] False
v14 [1, 2, 2, 0] False
v15 [1, 7, 255, 2] False
v16 [1, 5, 222, 4] False
v17 [1, 15, 129, 4] False
v18 [1, 15, 92, 4] False
v19 [1, 2, 2, 0] False
v20 [1, 9, 274, 1] False
v21 [1, 6, 274, 1] False
v22 [1, 8, 309, 3] False
v23 [1, 8, 309, 3] False
v24 [1, 6, 274, 1] False
v25 [1, 10, 274, 1] False
v26 [1, 6, 274, 1] False
v27 [1, 8, 309, 3] False
v28 [1, 8, 309, 3] False
v29 [1, 6, 274, 1] False
