proto120 [1, 2, 2, 0] False
proto121 [1, 2, 2, 0] False
proto122 [1, 2, 2, 0] False
proto123 [1, 2, 2, 0] False
proto124 [1, 2, 2, 0] False
proto125 [1, 2, 2, 0] False
proto126 [1, 2, 2, 0] False
proto127 [1, 2, 2, 0] False
proto128 [1, 2, 2, 0] False
proto129 [1, 2, 2, 0] False
proto130 [1, 2, 2, 0] False
proto131 [1, 2, 2, 0] False
proto132 [1, 2, 2, 0] False
proto133 [1, 2, 2, 0] False
proto134 [1, 2, 2, 0] False
proto135 [1, 2, 2, 0] False
proto136 [1, 2, 2, 0] False
proto137 [1, 2, 2, 0] False
proto138 [1, 2, 2, 0] False
proto139 [1, 2, 2, 0] False
proto140 [1, 2, 2, 0] False
proto141 [1, 2, 2, 0] False
proto142 [1, 2, 2, 0] False
proto143 [1, 2, 2, 0] False
proto144 [1, 2, 2, 0] False
proto145 [1, 2, 2, 0] False
proto146 [1, 2, 2, 0] False
proto147 [1, 2, 2, 0] False
proto148 [1, 2, 2, 0] False
Finished 161 variants
