v1 [1, 15, 953, 1] False
v2 [1, 15, 953, 1] False
v3 [1, 36, 593, 21] False
v4 [1, 67, 940, 32] False
v5 [1, 39, 935, 22] False
v6 [1, 69, 948, 33] False
v7 [1, 117, 629, 12] False
v8 [1, 117, 629, 12] False
v9 [1, 119, 963, 13] False
v10 [1, 119, 963, 13] False
v11 [1, 129, 636, 22] False
v12 [1, 159, 951, 33] False
v13 [1, 131, 967, 23] False
v14 [1, 160, 955, 34] False
v15 [1, 14, 520, 6] False
v16 [1, 14, 520, 6] False
v17 [1, 17, 951, 5] False
v18 [1, 17, 951, 5] False
v19 [1, 32, 597, 17] False
v20 [1, 63, 929, 28] False
v21 [1, 37, 948, 18] False
v22 [1, 67, 943, 29] False
v23 [1, 119, 617, 6] False
v24 [1, 119, 617, 6] False
v25 [1, 121, 953, 7] False
v26 [1, 121, 953, 7] False
v27 [1, 130, 637, 17] False
v28 [1, 160, 947, 28] False
v29 [1, 132, 967, 18] False
v30 [1, 161, 961, 29] False
v31 [1, 117, 629, 12] False
v32 [1, 117, 629, 12] False
v33 [1, 119, 963, 13] False
v34 [1, 119, 963, 13] False
v35 [1, 129, 636, 22] False
v36 [1, 159, 951, 33] False
v37 [1, 131, 967, 23] False
v38 [1, 160, 955, 34] False
v39 [1, 117, 629, 12] False
v40 [1, 117, 629, 12] False
v41 [1, 119, 963, 13] False
v42 [1, 119, 963, 13] False
v43 [1, 129, 636, 22] False
v44 [1, 159, 951, 33] False
v45 [1, 131, 967, 23] False
v46 [1, 160, 955, 34] False
v47 [1, 119, 617, 6] False
v48 [1, 119, 617, 6] False
v49 [1, 121, 953, 7] False
v50 [1, 121, 953, 7] False
v51 [1, 130, 637, 17] False
v52 [1, 160, 947, 28] False
v53 [1, 132, 967, 18] False
v54 [1, 161, 961, 29] False
v55 [1, 119, 617, 6] False
v56 [1, 119, 617, 6] False
v57 [1, 121, 953, 7] False
v58 [1, 121, 953, 7] False
v59 [1, 130, 637, 17] False
v60 [1, 160, 947, 28] False
v61 [1, 132, 967, 18] False
v62 [1, 161, 961, 29] False
v63 [1, 14, 987, 6] False
v64 [1, 17, 954, 4] False
v65 [1, 19, 1000, 10] False
v66 [1, 40, 604, 11] False
v67 [1, 73, 838, 16] False
v68 [1, 45, 916, 7] False
v69 [1, 77, 968, 12] False
v70 [1, 119, 628, 2] False
v71 [1, 121, 1006, 4] False
v72 [1, 123, 959, 2] False
v73 [1, 125, 1013, 8] False
v74 [1, 135, 631, 2] False
v75 [1, 167, 820, 7] False
v76 [1, 139, 962, 2] False
v77 [1, 170, 962, 3] False
v78 [1, 18, 545, 16] False
v79 [1, 20, 1022, 22] False
v80 [1, 23, 974, 20] False
v81 [1, 25, 1016, 26] False
v82 [1, 62, 607, 13] False
v83 [1, 95, 841, 8] False
v84 [1, 69, 959, 17] False
v85 [1, 101, 998, 12] False
v86 [1, 125, 643, 14] False
v87 [1, 127, 1028, 20] False
v88 [1, 129, 943, 18] False
v89 [1, 131, 1031, 24] False
v90 [1, 139, 652, 17] False
v91 [1, 171, 870, 12] False
v92 [1, 143, 969, 21] False
v93 [1, 174, 1010, 16] False
v94 [1, 121, 618, 7] False
v95 [1, 123, 1008, 1] False
v96 [1, 125, 927, 3] False
v97 [1, 127, 969, 3] False
v98 [1, 137, 600, 7] False
v99 [1, 169, 857, 12] False
v100 [1, 141, 927, 3] False
v101 [1, 172, 1007, 8] False
v102 [1, 123, 594, 3] False
v103 [1, 125, 1005, 9] False
v104 [1, 127, 960, 7] False
v105 [1, 129, 1021, 13] False
v106 [1, 139, 602, 3] False
v107 [1, 171, 855, 2] False
v108 [1, 143, 959, 7] False
v109 [1, 174, 1002, 2] False
v110 [1, 127, 634, 9] False
v111 [1, 129, 1024, 15] False
v112 [1, 131, 946, 13] False
v113 [1, 133, 1019, 19] False
v114 [1, 142, 651, 12] False
v115 [1, 174, 855, 7] False
v116 [1, 146, 977, 16] False
v117 [1, 177, 1013, 11] False
v118 [1, 129, 642, 19] False
v119 [1, 131, 1030, 25] False
v120 [1, 133, 987, 23] False
v121 [1, 135, 1036, 29] False
v122 [1, 144, 656, 22] False
v123 [1, 176, 877, 17] False
v124 [1, 148, 990, 26] False
v125 [1, 179, 1008, 21] False
Finished 126
