v0 [1, 109, 1006, 15] False
v1 [1, 113, 1009, 14] False
v2 [1, 12, 12, 0] False
v3 [1, 107, 1010, 14] False
v4 [1, 116, 1003, 9] False
v5 [1, 115, 996, 5] False
v6 [1, 12, 12, 0] False
v7 [1, 107, 1010, 14] False
v8 [1, 119, 1016, 23] False
v9 [1, 113, 1009, 14] False
v10 [1, 12, 12, 0] False
v11 [1, 108, 1010, 14] False
v12 [1, 59, 1015, 5] False
v13 [1, 59, 1015, 5] False
v14 [1, 59, 1015, 5] False
v15 [1, 59, 1015, 5] False
v16 [1, 62, 1020, 4] False
v17 [1, 62, 1012, 6] False
v18 [1, 59, 1015, 5] False
v19 [1, 62, 1012, 6] False
v20 [1, 59, 982, 3] False
v21 [1, 59, 1015, 5] False
v22 [1, 59, 1015, 5] False
v23 [1, 59, 1015, 5] False
