v0 [1, 41, 286, 24] False
v1 [1, 42, 327, 21] False
v2 [1, 41, 286, 24] False
v3 [1, 41, 286, 24] False
v4 [1, 41, 286, 24] False
v5 [1, 42, 324, 22] False
v6 [1, 42, 327, 21] False
v7 [1, 42, 324, 22] False
v8 [1, 41, 286, 24] False
v9 [1, 41, 286, 24] False
v10 [1, 41, 286, 24] False
v11 [1, 42, 327, 21] False
v12 [1, 41, 286, 24] False
v13 [1, 41, 286, 24] False
v14 [1, 41, 286, 24] False
v15 [1, 42, 329, 23] False
v16 [1, 43, 330, 20] False
v17 [1, 42, 329, 23] False
v18 [1, 42, 297, 23] False
v19 [1, 42, 325, 20] False
v20 [1, 42, 329, 23] False
v21 [1, 43, 330, 19] False
v22 [1, 42, 329, 23] False
v23 [1, 42, 297, 23] False
v24 [1, 42, 325, 20] False
v25 [1, 42, 329, 23] False
v26 [1, 43, 330, 20] False
v27 [1, 42, 329, 23] False
v28 [1, 42, 297, 23] False
v29 [1, 42, 325, 20] False
