v0 [1, 36, 326, 18] False
v1 [1, 36, 326, 18] False
v2 [1, 36, 324, 20] False
v3 [1, 36, 322, 17] False
v4 [1, 42, 323, 17] False
v5 [1, 42, 324, 22] False
v6 [1, 42, 324, 22] False
v7 [1, 3, 322, 3] False
v8 [1, 42, 327, 21] False
v9 [1, 42, 327, 21] False
v10 [1, 3, 322, 3] False
v11 [1, 3, 322, 3] False
v12 [1, 3, 322, 3] False
v13 [1, 3, 322, 3] False
v14 [1, 42, 327, 21] False
v15 [1, 30, 328, 2] False
v16 [1, 30, 328, 2] False
v17 [1, 30, 212, 0] False
v18 [1, 30, 328, 3] False
v19 [1, 36, 309, 3] False
