v0 [1, 3, 63, 1] False
v1 [1, 4, 59, 1] False
v2 [1, 2, 4, 0] False
v3 [1, 10, 58, 8] False
v4 [1, 1, 44, 3] False
v5 [1, 1, 44, 3] False
v6 [1, 3, 63, 1] False
v7 [1, 3, 57, 1] False
v8 [1, 3, 4, 0] False
v9 [1, 9, 60, 8] False
v10 [1, 1, 44, 3] False
v11 [1, 1, 44, 3] False
v12 [1, 2, 65, 1] False
v13 [1, 4, 59, 1] False
v14 [1, 2, 4, 0] False
v15 [1, 9, 59, 7] False
v16 [1, 1, 44, 3] False
v17 [1, 1, 44, 3] False
v18 [1, 2, 65, 1] False
v19 [1, 1, 44, 3] False
v20 [1, 3, 4, 0] False
v21 [1, 9, 59, 7] False
v22 [1, 1, 44, 3] False
v23 [1, 1, 44, 3] False
