v0 [1, 1, 44, 3] False
v1 [1, 33, 81, 0] False
v2 [1, 33, 81, 0] False
v3 [1, 1, 44, 3] False
v4 [1, 33, 81, 0] False
v5 [1, 33, 81, 0] False
v6 [1, 1, 44, 3] False
v7 [1, 33, 81, 0] False
v8 [1, 33, 81, 0] False
v9 [1, 1, 44, 3] False
v10 [1, 33, 81, 0] False
v11 [1, 33, 81, 0] False
v12 [1, 1, 44, 3] False
v13 [1, 33, 81, 0] False
v14 [1, 33, 81, 0] False
v15 [1, 1, 44, 3] False
v16 [1, 33, 81, 0] False
v17 [1, 33, 81, 0] False
v18 [1, 1, 44, 3] False
v19 [1, 33, 81, 0] False
v20 [1, 33, 81, 0] False
