v0 [1, 12, 104, 3] False
v1 [1, 12, 104, 3] False
v2 [1, 12, 104, 3] False
v3 [1, 15, 114, 4] False
v4 [1, 8, 71, 3] False
v5 [1, 8, 71, 3] False
v6 [1, 8, 71, 3] False
v7 [1, 11, 81, 4] False
v8 [1, 15, 117, 4] False
v9 [1, 13, 117, 9] False
v10 [1, 13, 117, 9] False
v11 [1, 15, 114, 5] False
v12 [1, 8, 71, 3] False
v13 [1, 8, 71, 3] False
v14 [1, 8, 71, 3] False
v15 [1, 11, 81, 4] False
v16 [1, 7, 75, 6] False
v17 [1, 7, 66, 3] False
v18 [1, 7, 75, 6] False
v19 [1, 11, 81, 4] False
v20 [1, 8, 71, 3] False
v21 [1, 8, 21, 0] False
v22 [1, 8, 71, 3] False
v23 [1, 11, 81, 4] False
