v0 [1, 26, 221, 12] False
v1 [1, 25, 197, 14] False
v2 [1, 26, 221, 12] False
v3 [1, 35, 221, 2] False
v4 [1, 33, 203, 4] False
v5 [1, 35, 221, 2] False
v6 [1, 26, 221, 12] False
v7 [1, 25, 197, 14] False
v8 [1, 26, 221, 12] False
v9 [1, 39, 236, 18] False
v10 [1, 39, 237, 20] False
v11 [1, 39, 236, 18] False
v12 [1, 43, 240, 19] False
v13 [1, 42, 227, 21] False
v14 [1, 43, 240, 19] False
v15 [1, 24, 217, 8] False
v16 [1, 23, 194, 10] False
v17 [1, 24, 217, 8] False
v18 [1, 13, 213, 8] False
v19 [1, 13, 215, 10] False
v20 [1, 13, 213, 8] False
v21 [1, 35, 225, 8] False
v22 [1, 35, 227, 10] False
v23 [1, 35, 225, 8] False
v24 [1, 14, 219, 10] False
v25 [1, 14, 213, 12] False
v26 [1, 14, 219, 10] False
v27 [1, 38, 240, 16] False
v28 [1, 38, 244, 18] False
v29 [1, 38, 240, 16] False
v30 [1, 39, 238, 14] False
v31 [1, 39, 240, 16] False
v32 [1, 39, 238, 14] False
v33 [1, 15, 217, 12] False
v34 [1, 15, 218, 14] False
v35 [1, 15, 217, 12] False
EXACT GATES []
