v0 [1, 14, 219, 10] False
v1 [1, 14, 219, 10] False
v2 [1, 14, 219, 10] False
v3 [1, 38, 240, 16] False
v4 [1, 14, 219, 10] False
v5 [1, 14, 219, 10] False
v6 [1, 14, 219, 10] False
v7 [1, 38, 240, 16] False
v8 [1, 14, 219, 10] False
v9 [1, 14, 219, 10] False
v10 [1, 14, 219, 10] False
v11 [1, 38, 240, 16] False
v12 [1, 14, 219, 10] False
v13 [1, 14, 219, 10] False
v14 [1, 14, 219, 10] False
v15 [1, 38, 240, 16] False
v16 [1, 14, 219, 10] False
v17 [1, 14, 219, 10] False
v18 [1, 14, 219, 10] False
v19 [1, 38, 240, 16] False
v20 [1, 14, 219, 10] False
v21 [1, 14, 219, 10] False
v22 [1, 14, 219, 10] False
v23 [1, 38, 240, 16] False
v24 [1, 36, 211, 4] False
v25 [1, 36, 211, 4] False
v26 [1, 36, 211, 4] False
v27 [1, 39, 236, 18] False
v28 [1, 36, 211, 4] False
v29 [1, 36, 211, 4] False
v30 [1, 36, 211, 4] False
v31 [1, 39, 236, 18] False
v32 [1, 36, 211, 4] False
v33 [1, 36, 211, 4] False
v34 [1, 36, 211, 4] False
v35 [1, 39, 236, 18] False
v36 [1, 36, 211, 4] False
v37 [1, 36, 211, 4] False
v38 [1, 36, 211, 4] False
v39 [1, 39, 236, 18] False
v40 [1, 36, 211, 4] False
v41 [1, 36, 211, 4] False
v42 [1, 36, 211, 4] False
v43 [1, 39, 236, 18] False
v44 [1, 36, 211, 4] False
v45 [1, 36, 211, 4] False
v46 [1, 36, 211, 4] False
v47 [1, 39, 236, 18] False
EXACT GATES []
