v0 [1, 120, 225, 39] False
v1 [1, 120, 225, 39] False
v2 [1, 120, 225, 39] False
v3 [1, 120, 225, 39] False
v4 [1, 22, 160, 6] False
v5 [1, 22, 160, 6] False
v6 [1, 22, 160, 6] False
v7 [1, 22, 160, 6] False
v8 [1, 6, 151, 6] False
v9 [1, 6, 151, 6] False
v10 [1, 6, 151, 6] False
v11 [1, 6, 151, 6] False
v12 [1, 40, 170, 6] False
v13 [1, 40, 170, 6] False
v14 [1, 40, 170, 6] False
v15 [1, 40, 170, 6] False
v16 [1, 6, 151, 6] False
v17 [1, 6, 151, 6] False
v18 [1, 6, 151, 6] False
v19 [1, 6, 151, 6] False
v20 [1, 40, 170, 6] False
v21 [1, 40, 170, 6] False
v22 [1, 40, 170, 6] False
v23 [1, 40, 170, 6] False
v24 [1, 120, 225, 39] False
v25 [1, 120, 225, 39] False
v26 [1, 120, 225, 39] False
v27 [1, 120, 225, 39] False
v28 [1, 22, 160, 6] False
v29 [1, 22, 160, 6] False
v30 [1, 22, 160, 6] False
v31 [1, 22, 160, 6] False
v32 [1, 6, 151, 6] False
v33 [1, 6, 151, 6] False
v34 [1, 6, 151, 6] False
v35 [1, 6, 151, 6] False
v36 [1, 40, 170, 6] False
v37 [1, 40, 170, 6] False
v38 [1, 40, 170, 6] False
v39 [1, 40, 170, 6] False
v40 [1, 6, 151, 6] False
v41 [1, 6, 151, 6] False
v42 [1, 6, 151, 6] False
v43 [1, 6, 151, 6] False
v44 [1, 40, 170, 6] False
v45 [1, 40, 170, 6] False
v46 [1, 40, 170, 6] False
v47 [1, 40, 170, 6] False
v48 [1, 120, 225, 39] False
v49 [1, 120, 225, 39] False
v50 [1, 120, 225, 39] False
v51 [1, 120, 225, 39] False
v52 [1, 18, 157, 6] False
v53 [1, 18, 157, 6] False
v54 [1, 18, 157, 6] False
v55 [1, 18, 157, 6] False
v56 [1, 6, 151, 6] False
v57 [1, 6, 151, 6] False
v58 [1, 6, 151, 6] False
v59 [1, 6, 151, 6] False
v60 [1, 40, 170, 6] False
v61 [1, 40, 170, 6] False
v62 [1, 40, 170, 6] False
v63 [1, 40, 170, 6] False
v64 [1, 6, 151, 6] False
v65 [1, 6, 151, 6] False
v66 [1, 6, 151, 6] False
v67 [1, 6, 151, 6] False
v68 [1, 40, 170, 6] False
v69 [1, 40, 170, 6] False
v70 [1, 40, 170, 6] False
v71 [1, 40, 170, 6] False
