v0 [1, 6, 151, 6] False
v1 [1, 6, 151, 6] False
v2 [1, 6, 151, 6] False
v3 [1, 16, 82, 2] False
v4 [1, 6, 151, 6] False
v5 [1, 6, 151, 6] False
v6 [1, 6, 151, 6] False
v7 [1, 16, 82, 2] False
v8 [1, 6, 151, 6] False
v9 [1, 6, 151, 6] False
v10 [1, 6, 151, 6] False
v11 [1, 16, 82, 2] False
v12 [1, 6, 151, 6] False
v13 [1, 6, 151, 6] False
v14 [1, 6, 151, 6] False
v15 [1, 16, 82, 2] False
v16 [1, 6, 151, 6] False
v17 [1, 6, 151, 6] False
v18 [1, 6, 151, 6] False
v19 [1, 16, 82, 2] False
v20 [1, 6, 151, 6] False
v21 [1, 6, 151, 6] False
v22 [1, 6, 151, 6] False
v23 [1, 16, 82, 2] False
v24 [1, 6, 151, 6] False
v25 [1, 6, 151, 6] False
v26 [1, 6, 151, 6] False
v27 [1, 16, 82, 2] False
v28 [1, 6, 151, 6] False
v29 [1, 6, 151, 6] False
v30 [1, 6, 151, 6] False
v31 [1, 16, 82, 2] False
v32 [1, 6, 151, 6] False
v33 [1, 6, 151, 6] False
v34 [1, 6, 151, 6] False
v35 [1, 16, 82, 2] False
v36 [1, 6, 151, 6] False
v37 [1, 6, 151, 6] False
v38 [1, 6, 151, 6] False
v39 [1, 16, 82, 2] False
v40 [1, 6, 151, 6] False
v41 [1, 6, 151, 6] False
v42 [1, 6, 151, 6] False
v43 [1, 16, 82, 2] False
v44 [1, 6, 151, 6] False
v45 [1, 6, 151, 6] False
v46 [1, 6, 151, 6] False
v47 [1, 16, 82, 2] False
v48 [1, 6, 151, 6] False
v49 [1, 6, 151, 6] False
v50 [1, 6, 151, 6] False
v51 [1, 16, 82, 2] False
v52 [1, 6, 151, 6] False
v53 [1, 6, 151, 6] False
v54 [1, 6, 151, 6] False
v55 [1, 16, 82, 2] False
v56 None None
v57 None None
v58 None None
v59 None None
v60 None None
v61 None None
v62 None None
v63 None None
