v0 ['pointer', 'plain'] [1, 6, 151, 6] False
v1 ['pointer', 'addition'] [1, 6, 151, 6] False
v2 ['pointer', 'dereference'] [1, 6, 151, 6] False
v3 ['pointer', 'temporary'] [1, 6, 151, 6] False
v4 ['pointer', 'compound_temp'] [1, 6, 151, 6] False
v5 ['pointer', 'two_temps'] [1, 6, 151, 6] False
v6 ['o_array', 'plain'] [1, 6, 151, 6] False
v7 ['o_array', 'addition'] [1, 6, 151, 6] False
v8 ['o_array', 'dereference'] [1, 6, 151, 6] False
v9 ['o_array', 'temporary'] [1, 6, 151, 6] False
v10 ['o_array', 'compound_temp'] [1, 6, 151, 6] False
v11 ['o_array', 'two_temps'] [1, 6, 151, 6] False
v12 ['all_arrays', 'plain'] [1, 6, 151, 6] False
v13 ['all_arrays', 'addition'] [1, 6, 151, 6] False
v14 ['all_arrays', 'dereference'] [1, 6, 151, 6] False
v15 ['all_arrays', 'temporary'] [1, 6, 151, 6] False
v16 ['all_arrays', 'compound_temp'] [1, 6, 151, 6] False
v17 ['all_arrays', 'two_temps'] [1, 6, 151, 6] False
v18 ['o_struct', 'plain'] [1, 6, 151, 6] False
v19 ['o_struct', 'addition'] [1, 6, 151, 6] False
v20 ['o_struct', 'dereference'] [1, 6, 151, 6] False
v21 ['o_struct', 'temporary'] [1, 6, 151, 6] False
v22 ['o_struct', 'compound_temp'] [1, 6, 151, 6] False
v23 ['o_struct', 'two_temps'] [1, 6, 151, 6] False
EXACT GATES []
