v0 [1, 16, 88, 8] False
v1 [1, 18, 85, 10] False
v2 [1, 14, 86, 10] False
v3 [1, 18, 86, 3] False
v4 [1, 16, 88, 8] False
v5 [1, 18, 85, 10] False
v6 [1, 14, 86, 10] False
v7 [1, 18, 86, 3] False
v8 [1, 16, 88, 8] False
v9 [1, 18, 85, 10] False
v10 [1, 14, 86, 10] False
v11 [1, 18, 86, 3] False
v12 [1, 16, 88, 8] False
v13 [1, 18, 85, 10] False
v14 [1, 15, 85, 10] False
v15 [1, 18, 86, 3] False
v16 [1, 16, 88, 8] False
v17 [1, 18, 85, 10] False
v18 [1, 14, 86, 10] False
v19 [1, 18, 86, 3] False
v20 [1, 16, 88, 8] False
v21 [1, 18, 85, 10] False
v22 [1, 14, 86, 10] False
v23 [1, 18, 86, 3] False
v24 [1, 16, 88, 8] False
v25 [1, 18, 85, 10] False
v26 [1, 14, 86, 10] False
v27 [1, 18, 86, 3] False
v28 [1, 16, 88, 8] False
v29 [1, 18, 85, 10] False
v30 [1, 15, 85, 10] False
v31 [1, 18, 86, 3] False
v32 [1, 16, 88, 8] False
v33 [1, 18, 85, 10] False
v34 [1, 14, 86, 10] False
v35 [1, 18, 86, 3] False
v36 [1, 16, 88, 8] False
v37 [1, 18, 85, 10] False
v38 [1, 14, 86, 10] False
v39 [1, 18, 86, 3] False
v40 [1, 16, 88, 8] False
v41 [1, 18, 85, 10] False
v42 [1, 14, 86, 10] False
v43 [1, 18, 86, 3] False
v44 [1, 16, 88, 8] False
v45 [1, 18, 85, 10] False
v46 [1, 15, 85, 10] False
v47 [1, 18, 86, 3] False
