v0 ['char far *', 'multiply'] [1, 6, 151, 6] False
v1 ['char far *', 'shift'] [1, 6, 151, 6] False
v2 ['char far *', 'addition'] [1, 6, 151, 6] False
v3 ['char far *', 'unsigned_mult'] [1, 9, 156, 6] False
v4 ['char far *', 'long_mult'] [1, 6, 151, 6] False
v5 ['char far *', 'unsigned_shift'] [1, 9, 156, 6] False
v6 ['char far *', 'i_long'] [1, 6, 151, 6] False
v7 ['char far *', 'alias'] [1, 6, 151, 6] False
v8 ['unsigned char far *', 'multiply'] [1, 6, 151, 6] False
v9 ['unsigned char far *', 'shift'] [1, 6, 151, 6] False
v10 ['unsigned char far *', 'addition'] [1, 6, 151, 6] False
v11 ['unsigned char far *', 'unsigned_mult'] [1, 9, 156, 6] False
v12 ['unsigned char far *', 'long_mult'] [1, 6, 151, 6] False
v13 ['unsigned char far *', 'unsigned_shift'] [1, 9, 156, 6] False
v14 ['unsigned char far *', 'i_long'] [1, 6, 151, 6] False
v15 ['unsigned char far *', 'alias'] [1, 6, 151, 6] False
v16 ['void far *', 'multiply'] [1, 6, 151, 6] False
v17 ['void far *', 'shift'] [1, 6, 151, 6] False
v18 ['void far *', 'addition'] [1, 6, 151, 6] False
v19 ['void far *', 'unsigned_mult'] [1, 9, 156, 6] False
v20 ['void far *', 'long_mult'] [1, 6, 151, 6] False
v21 ['void far *', 'unsigned_shift'] [1, 9, 156, 6] False
v22 ['void far *', 'i_long'] [1, 6, 151, 6] False
v23 ['void far *', 'alias'] [1, 6, 151, 6] False
v24 ['unsigned far *', 'multiply'] [1, 6, 151, 6] False
v25 ['unsigned far *', 'shift'] [1, 6, 151, 6] False
v26 ['unsigned far *', 'addition'] [1, 6, 151, 6] False
v27 ['unsigned far *', 'unsigned_mult'] [1, 9, 156, 6] False
v28 ['unsigned far *', 'long_mult'] [1, 6, 151, 6] False
v29 ['unsigned far *', 'unsigned_shift'] [1, 9, 156, 6] False
v30 ['unsigned far *', 'i_long'] [1, 6, 151, 6] False
v31 ['unsigned far *', 'alias'] [1, 6, 151, 6] False
EXACT GATES []
