Pocket Soft Installation Utility  Version 4.00
(C) Copyright Pocket Soft Inc., 1989,1990.  All Rights Reserved.

Enter drive letter to install from (such as "A") :
Insert distribution disk 1 in drive C and press return
Installing '.RTLink(R)/Plus, Version 4.00'

Install files needed for execution under DOS? (y/n) [Y] :
Install files needed for execution under OS2? (y/n) [Y] :
Enter directory where the files needed for execution should be
	installed [.] :
Install source files? (y/n) [Y] :
Enter directory where source files should be
	installed [C:\DEST] :
Install documentation files? (y/n) [Y] :
Enter directory where documentation files should be
	installed [C:\DEST] :
Install example files? (y/n) [Y] :
Enter directory where example files should be
	installed [C:\DEST] :
________________________________________________________________

Installing file 'C:\DEST\RTLINK.EXE'
	(uncompressing)  ... spans disks

Insert distribution disk 2 in drive C and press return
Continuing file 'C:\DEST\RTLINK.EXE'
	(uncompressing)  ... checksum OK
Installing file 'C:\DEST\RTLINK.DAT'
	(uncompressing)  ... checksum OK

Insert distribution disk 3 in drive C and press return
Installing file 'C:\DEST\RTLINK.HLP'
	(uncompressing)  ... checksum OK
Installing file 'C:\DEST\RTLINKST.COM'
	(uncompressing)  ... checksum OK
Installing file 'C:\DEST\RTLUTILS.LIB'
	(uncompressing)  ... checksum OK
Installing file 'C:\DEST\LIBLIST.EXE'
	(uncompressing)  ... spans disks

Insert distribution disk 4 in drive C and press return
Continuing file 'C:\DEST\LIBLIST.EXE'
	(uncompressing)  ... checksum OK
Installing file 'C:\DEST\RTPROF.EXE'
	(uncompressing)  ... checksum OK
Installing file 'C:\DEST\OVPICT.EXE'
	(uncompressing)  ... checksum OK
Installing file 'C:\DEST\VMTARGET.EXE'
	(uncompressing)  ... checksum OK
Installing file 'C:\DEST\VMTARGET.DAT'
	(uncompressing)  ... checksum OK
Installing file 'C:\DEST\RTPROF.C'
	(uncompressing)  ... checksum OK
Installing file 'C:\DEST\OVLMGR.ASM'
	(uncompressing)  ... checksum OK
Installing file 'C:\DEST\RTLUTILS.MAK'
	(uncompressing)  ... checksum OK
Installing file 'C:\DEST\CNV_VAL.ASM'
	(uncompressing)  ... checksum OK
Installing file 'C:\DEST\PATHSRCH.ASM'
	(uncompressing)  ... checksum OK
Installing file 'C:\DEST\RTCOMMON.ASM'
	(uncompressing)  ... checksum OK
Installing file 'C:\DEST\ALLOCEX.ASM'
	(uncompressing)  ... checksum OK
Installing file 'C:\DEST\RTDEBUG.ASM'
	(uncompressing)  ... checksum OK
Installing file 'C:\DEST\OVPICT.C'
	(uncompressing)  ... checksum OK
Installing file 'C:\DEST\DDO_CINT.ASM'
	(uncompressing)  ... checksum OK
Installing file 'C:\DEST\DDO_CINT.H'
	(uncompressing)  ... checksum OK
Installing file 'C:\DEST\PROFHARD.ASM'
	(uncompressing)  ... checksum OK
Installing file 'C:\DEST\READ.ME'
	(uncompressing)  ... checksum OK
Installing file 'C:\DEST\DATAOVL.DOC'
	(uncompressing)  ... checksum OK
Installing file 'C:\DEST\OVLCLOSE.DOC'
	(uncompressing)  ... checksum OK
Installing file 'C:\DEST\PERISCOP.HLP'
	(uncompressing)  ... checksum OK
Installing file 'C:\DEST\PROFILER.TIP'
	(uncompressing)  ... checksum OK
Installing file 'C:\DEST\RUNERR.DOC'
	(uncompressing)  ... checksum OK
Installing file 'C:\DEST\BOR-C10.ARF'
	(uncompressing)  ... checksum OK
Installing file 'C:\DEST\BOR-C10.HLP'
	(uncompressing)  ... checksum OK
Installing file 'C:\DEST\BOR-C10.LNK'
	(uncompressing)  ... checksum OK
Installing file 'C:\DEST\BOR-C20.ARF'
	(uncompressing)  ... checksum OK
Installing file 'C:\DEST\BOR-C20.HLP'
	(uncompressing)  ... checksum OK
Installing file 'C:\DEST\BOR-C20.LNK'
	(uncompressing)  ... checksum OK
Installing file 'C:\DEST\BOR-PASC.HLP'
	(uncompressing)  ... checksum OK
Installing file 'C:\DEST\CLAR20.ARF'
	(uncompressing)  ... checksum OK
Installing file 'C:\DEST\CLAR20.LNK'
	(uncompressing)  ... checksum OK
Installing file 'C:\DEST\CLARION.HLP'
	(uncompressing)  ... checksum OK
Installing file 'C:\DEST\CLIP-A86.ARF'
	(uncompressing)  ... checksum OK
Installing file 'C:\DEST\CLIP-A86.HLP'
	(uncompressing)  ... checksum OK
Installing file 'C:\DEST\CLIP-A86.LNK'
	(uncompressing)  ... checksum OK
Installing file 'C:\DEST\CLIP-S87.ARF'
	(uncompressing)  ... checksum OK
Installing file 'C:\DEST\CLIP-S87.HLP'
	(uncompressing)  ... checksum OK
Installing file 'C:\DEST\CLIP-S87.LNK'
	(uncompressing)  ... checksum OK
Installing file 'C:\DEST\CLIP-500.HLP'
	(uncompressing)  ... checksum OK
Installing file 'C:\DEST\LAT-C34.HLP'
	(uncompressing)  ... checksum OK
Installing file 'C:\DEST\LAT-C34.ARF'
	(uncompressing)  ... checksum OK
Installing file 'C:\DEST\LAT-C34.LNK'
	(uncompressing)  ... checksum OK
Installing file 'C:\DEST\MS-BAS60.HLP'
	(uncompressing)  ... checksum OK
Installing file 'C:\DEST\MS-BAS70.HLP'
	(uncompressing)  ... checksum OK
Installing file 'C:\DEST\MS-C40.ARF'
	(uncompressing)  ... checksum OK
Installing file 'C:\DEST\MS-C40.HLP'
	(uncompressing)  ... checksum OK
Installing file 'C:\DEST\MS-C40.LNK'
	(uncompressing)  ... checksum OK
Installing file 'C:\DEST\MS-C50.ARF'
	(uncompressing)  ... checksum OK
Installing file 'C:\DEST\MS-C50.HLP'
	(uncompressing)  ... checksum OK
Installing file 'C:\DEST\MS-C50.LNK'
	(uncompressing)  ... checksum OK
Installing file 'C:\DEST\MS-C51.ARF'
	(uncompressing)  ... checksum OK
Installing file 'C:\DEST\MS-C51.HLP'
	(uncompressing)  ... checksum OK
Installing file 'C:\DEST\MS-C51.LNK'
	(uncompressing)  ... checksum OK
Installing file 'C:\DEST\MS-C60.ARF'
	(uncompressing)  ... checksum OK
Installing file 'C:\DEST\MS-C60.HLP'
	(uncompressing)  ... checksum OK
Installing file 'C:\DEST\MS-C60.LNK'
	(uncompressing)  ... checksum OK
Installing file 'C:\DEST\MS-FOR40.HLP'
	(uncompressing)  ... checksum OK
Installing file 'C:\DEST\MS-FOR50.HLP'
	(uncompressing)  ... checksum OK
Installing file 'C:\DEST\MS-PAS40.ARF'
	(uncompressing)  ... checksum OK
Installing file 'C:\DEST\MS-PAS40.HLP'
	(uncompressing)  ... checksum OK
Installing file 'C:\DEST\MS-PAS40.LNK'
	(uncompressing)  ... checksum OK
Installing file 'C:\DEST\MS-QB20.HLP'
	(uncompressing)  ... checksum OK
Installing file 'C:\DEST\MS-QB30.HLP'
	(uncompressing)  ... checksum OK
Installing file 'C:\DEST\MS-QB40.HLP'
	(uncompressing)  ... checksum OK
Installing file 'C:\DEST\MS-QB45.HLP'
	(uncompressing)  ... checksum OK
Installing file 'C:\DEST\MS-QC25.ARF'
	(uncompressing)  ... checksum OK
Installing file 'C:\DEST\MS-QC25.HLP'
	(uncompressing)  ... checksum OK
Installing file 'C:\DEST\MS-QC25.LNK'
	(uncompressing)  ... checksum OK
Installing file 'C:\DEST\QSIL12B.HLP'
	(uncompressing)  ... checksum OK
Installing file 'C:\DEST\QSIL12B.ARF'
	(uncompressing)  ... spans disks

Insert distribution disk 5 in drive C and press return
Continuing file 'C:\DEST\QSIL12B.ARF'
	(uncompressing)  ... checksum OK
Installing file 'C:\DEST\QSIL12B.LNK'
	(uncompressing)  ... checksum OK
Installing file 'C:\DEST\QSIL12C.HLP'
	(uncompressing)  ... checksum OK
Installing file 'C:\DEST\QSIL12C.ARF'
	(uncompressing)  ... checksum OK
Installing file 'C:\DEST\QSIL12C.LNK'
	(uncompressing)  ... checksum OK
Installing file 'C:\DEST\PRIMES.DOC'
	(uncompressing)  ... checksum OK
Installing file 'C:\DEST\PRIMES.C'
	(uncompressing)  ... checksum OK
Installing file 'C:\DEST\PRIMES2.C'
	(uncompressing)  ... checksum OK
Installing file 'C:\DEST\PRIMES-1.LNK'
	(uncompressing)  ... checksum OK
Installing file 'C:\DEST\PRIMES-2.LNK'
	(uncompressing)  ... checksum OK
Installing file 'C:\DEST\PRIMES-3.LNK'
	(uncompressing)  ... checksum OK
Installing file 'C:\DEST\PRIMES-4.LNK'
	(uncompressing)  ... checksum OK
Installing file 'C:\DEST\PRIMES-5.LNK'
	(uncompressing)  ... checksum OK
Installing file 'C:\DEST\PRIMES-1.PRD'
	(uncompressing)  ... checksum OK
Installing file 'C:\DEST\PRIMES-2.PRD'
	(uncompressing)  ... checksum OK
Installing file 'C:\DEST\PRIMES-3.PRD'
	(uncompressing)  ... checksum OK
Installing file 'C:\DEST\PRIMES-4.PRD'
	(uncompressing)  ... checksum OK
Installing file 'C:\DEST\PRIMES-5.PRD'
	(uncompressing)  ... checksum OK
Installing file 'C:\DEST\PRIMES.OBJ'
	(uncompressing)  ... checksum OK
Installing file 'C:\DEST\PRIMES2.OBJ'
	(uncompressing)  ... checksum OK
Installing file 'C:\DEST\PRIMES-1.EXE'
	(uncompressing)  ... checksum OK
Installing file 'C:\DEST\PRIMES-2.EXE'
	(uncompressing)  ... checksum OK
Installing file 'C:\DEST\PRIMES-3.EXE'
	(uncompressing)  ... checksum OK
Installing file 'C:\DEST\PRIMES-4.EXE'
	(uncompressing)  ... checksum OK
Installing file 'C:\DEST\PRIMES-5.EXE'
	(uncompressing)  ... checksum OK
Installing file 'C:\DEST\PRIMES-1.PFS'
	(uncompressing)  ... checksum OK
Installing file 'C:\DEST\PRIMES-2.PFS'
	(uncompressing)  ... checksum OK
Installing file 'C:\DEST\PRIMES-3.PFS'
	(uncompressing)  ... checksum OK
Installing file 'C:\DEST\PRIMES-4.PFS'
	(uncompressing)  ... checksum OK
Installing file 'C:\DEST\PRIMES-5.PFS'
	(uncompressing)  ... checksum OK
Installing file 'C:\DEST\PRIMERTL.LNK'
	(uncompressing)  ... checksum OK
Installing file 'C:\DEST\PRIMERTL.PRD'
	(uncompressing)  ... checksum OK
Installing file 'C:\DEST\PRIMERTL.RTL'
	(uncompressing)  ... checksum OK
Installing file 'C:\DEST\PRIMERTL.RTT'
	(uncompressing)  ... checksum OK
Installing file 'C:\DEST\EXAMPLE.DOC'
	(uncompressing)  ... checksum OK
Installing file 'C:\DEST\EXAMPLE.MAK'
	(uncompressing)  ... checksum OK
Installing file 'C:\DEST\OVTEST.C'
	(uncompressing)  ... checksum OK
Installing file 'C:\DEST\UTIL_1.C'
	(uncompressing)  ... checksum OK
Installing file 'C:\DEST\UTIL_2.C'
	(uncompressing)  ... checksum OK
Installing file 'C:\DEST\UTIL_3.C'
	(uncompressing)  ... checksum OK
Installing file 'C:\DEST\MENU_1.C'
	(uncompressing)  ... checksum OK
Installing file 'C:\DEST\MENU_1_1.C'
	(uncompressing)  ... checksum OK
Installing file 'C:\DEST\MENU_1_2.C'
	(uncompressing)  ... checksum OK
Installing file 'C:\DEST\MENU_2.C'
	(uncompressing)  ... checksum OK
Installing file 'C:\DEST\MENU_2_1.C'
	(uncompressing)  ... checksum OK
Installing file 'C:\DEST\MENU_2_2.C'
	(uncompressing)  ... checksum OK
Installing file 'C:\DEST\CALLS.H'
	(uncompressing)  ... checksum OK
Installing file 'C:\DEST\OVTEST.OBJ'
	(uncompressing)  ... checksum OK
Installing file 'C:\DEST\UTIL_1.OBJ'
	(uncompressing)  ... checksum OK
Installing file 'C:\DEST\UTIL_2.OBJ'
	(uncompressing)  ... checksum OK
Installing file 'C:\DEST\UTIL_3.OBJ'
	(uncompressing)  ... checksum OK
Installing file 'C:\DEST\MENU_1.OBJ'
	(uncompressing)  ... checksum OK
Installing file 'C:\DEST\MENU_1_1.OBJ'
	(uncompressing)  ... checksum OK
Installing file 'C:\DEST\MENU_1_2.OBJ'
	(uncompressing)  ... checksum OK
Installing file 'C:\DEST\MENU_2.OBJ'
	(uncompressing)  ... checksum OK
Installing file 'C:\DEST\MENU_2_1.OBJ'
	(uncompressing)  ... checksum OK
Installing file 'C:\DEST\MENU_2_2.OBJ'
	(uncompressing)  ... checksum OK
Installing file 'C:\DEST\EXAMPLE1.ARF'
	(uncompressing)  ... checksum OK
Installing file 'C:\DEST\EXAMPLE2.ARF'
	(uncompressing)  ... checksum OK
Installing file 'C:\DEST\EXAMPLE3.ARF'
	(uncompressing)  ... checksum OK
Installing file 'C:\DEST\LINKOUT1'
	(uncompressing)  ... checksum OK
Installing file 'C:\DEST\LINKOUT2'
	(uncompressing)  ... checksum OK
Installing file 'C:\DEST\LINKOUT3'
	(uncompressing)  ... checksum OK
Installing file 'C:\DEST\OVTEST1.EXE'
	(uncompressing)  ... checksum OK
Installing file 'C:\DEST\OVTEST2.EXE'
	(uncompressing)  ... checksum OK
Installing file 'C:\DEST\OVTEST3.EXE'
	(uncompressing)  ... checksum OK
Installing file 'C:\DEST\OVTEST1.MAP'
	(uncompressing)  ... checksum OK
Installing file 'C:\DEST\OVTEST2.MAP'
	(uncompressing)  ... checksum OK
Installing file 'C:\DEST\OVTEST3.MAP'
	(uncompressing)  ... checksum OK
Installing file 'C:\DEST\EXEOUT1'
	(uncompressing)  ... checksum OK
Installing file 'C:\DEST\EXEOUT2'
	(uncompressing)  ... checksum OK
Installing file 'C:\DEST\EXEOUT3'
	(uncompressing)  ... checksum OK
Installing file 'C:\DEST\OVTEST2.PIC'
	(uncompressing)  ... checksum OK
Installing file 'C:\DEST\OVTEST3.PIC'
	(uncompressing)  ... checksum OK
Installing file 'C:\DEST\VMEXTEST.C'
	(uncompressing)  ... checksum OK
Installing file 'C:\DEST\VMEXP1R1.C'
	(uncompressing)  ... checksum OK
Installing file 'C:\DEST\VMEXP1R2.C'
	(uncompressing)  ... checksum OK
Installing file 'C:\DEST\VMEXP2R1.C'
	(uncompressing)  ... checksum OK
Installing file 'C:\DEST\VMEXP2R2.C'
	(uncompressing)  ... checksum OK
Installing file 'C:\DEST\VMEXO1R1.C'
	(uncompressing)  ... checksum OK
Installing file 'C:\DEST\VMEXO1R2.C'
	(uncompressing)  ... checksum OK
Installing file 'C:\DEST\VMEXO2R1.C'
	(uncompressing)  ... checksum OK
Installing file 'C:\DEST\VMEXO2R2.C'
	(uncompressing)  ... checksum OK
Installing file 'C:\DEST\VMEXTEST.H'
	(uncompressing)  ... checksum OK
Installing file 'C:\DEST\VMEX.MAK'
	(uncompressing)  ... checksum OK
Installing file 'C:\DEST\VMEXAMPL.DOC'
	(uncompressing)  ... checksum OK
Installing file 'C:\DEST\VMEX1.LNK'
	(uncompressing)  ... checksum OK
Installing file 'C:\DEST\VMEX2.LNK'
	(uncompressing)  ... checksum OK
Installing file 'C:\DEST\VMEX3.LNK'
	(uncompressing)  ... checksum OK
Installing file 'C:\DEST\VMEX4.LNK'
	(uncompressing)  ... checksum OK
Installing file 'C:\DEST\VMEX5.LNK'
	(uncompressing)  ... checksum OK
Installing file 'C:\DEST\VMEX1.EXE'
	(uncompressing)  ... checksum OK
Installing file 'C:\DEST\VMEX2.EXE'
	(uncompressing)  ... checksum OK
Installing file 'C:\DEST\VMEX3.EXE'
	(uncompressing)  ... checksum OK
Installing file 'C:\DEST\VMEX4.EXE'
	(uncompressing)  ... checksum OK
Installing file 'C:\DEST\VMEX5.EXE'
	(uncompressing)  ... spans disks

Insert distribution disk 6 in drive C and press return
Continuing file 'C:\DEST\VMEX5.EXE'
	(uncompressing)  ... checksum OK
Installing file 'C:\DEST\VMEX1LNK.OUT'
	(uncompressing)  ... checksum OK
Installing file 'C:\DEST\VMEX2LNK.OUT'
	(uncompressing)  ... checksum OK
Installing file 'C:\DEST\VMEX3LNK.OUT'
	(uncompressing)  ... checksum OK
Installing file 'C:\DEST\VMEX4LNK.OUT'
	(uncompressing)  ... checksum OK
Installing file 'C:\DEST\VMEX5LNK.OUT'
	(uncompressing)  ... checksum OK
Installing file 'C:\DEST\VMEX1RUN.OUT'
	(uncompressing)  ... checksum OK
Installing file 'C:\DEST\VMEX2RUN.OUT'
	(uncompressing)  ... checksum OK
Installing file 'C:\DEST\VMEX3RUN.OUT'
	(uncompressing)  ... checksum OK
Installing file 'C:\DEST\VMEX4RUN.OUT'
	(uncompressing)  ... checksum OK
Installing file 'C:\DEST\VMEX5RUN.OUT'
	(uncompressing)  ... checksum OK

Installation complete
