.RTLink(R)/Plus  w/ Virtual Memory Linking, Overlays, CodeView, Turbo Debugger,
Version 6.10        Demo Versions, .RTLs, Profiling, & Environment Var. Burn-in
DOS 386-Mode    (C) Copyright Pocket Soft Inc., 1988-1993. All Rights Reserved.
with data swapping  Serial Number: 836-103-6260

Pocket Soft, Inc. is an Authorized Licensee of Microsoft(R) CodeView(R)
Information. "Microsoft" and "CodeView" are registered trademarks of
Microsoft Corporation.

=> OUTPUT SOURCE
=> MAP = SOURCE S,N,A,L,V,X
=> NODEFLIB
=> LIBRARY LLIBCR, LIBH
=> RELOAD FAR 400
=> VERBOSE
=> FILE U074, U044, U045, U046, U047, U048, U049, U050
=> FILE U051, U052, U053, U054, U055, U056, U057, U058
=> FILE U059, U060, U061, U062, U063, U064, U065, U066
=> FILE U067, U068, U069, U070, U071, U072, U073, U075
=> FILE U076, U077, U078, U079, U080, U081, U082, U083
=> FILE U084, U085, U086, U087, U088, U089, U090, U091
=> FILE U092, U093, U094, U095, U096, U097, U098, U099
=> FILE U100, U101, U102, U103, U104, U105, U106, U107
=> FILE U108, U109, U110, U111, U112, U113, U114, U115
=> FILE U116, U117, U118, U119, U120, U121, U122, U123
=> FILE U124, U125, U126, CBOWNER, MSOWNER, MMOWNER, RSOWNER, MFOWNER
=> FILE MPOWNER, CPOWNER, YDOWNER, DIOWNER, SPIDATA, LIOWNER, SPICTRL, PTOWNER
=> FILE DBRECOWN, GFXOWNER, G210808, ALCOUNT, COLWORD, PLOCOWN, ANTCTR, LANGPTR
=> FILE DEADXY, ANTSTATE, MODEOWN, ANTCTRL, UIRESOWN, TERRNOWN, SWARMOWN, POPWORK
=> FILE SNDSTATE, CTRLFLAG, ANTLATCH, SNDCTRL, SNDRECS, ANTMOVE, WORLDOUT, HISTOTAL
=> FILE ANTCOUNT, EVRECS, STRREST, YARDISCL, YARDARR, BLNTMR, EXPANCH, WCLIPH
=> FILE HISTSC25, MPVOWNR, FLRTSK, UIGEO, WRLDSC25, ANTSCL25, UISTTE26, WINSC26
=> FILE SCALTL26, BLNTAB26, DELAYW27, WINHD27, SNDST27, MISCST27, SCRLIST, FARW29
=> FILE U039, U040, U041, U042, U043
=> BEGINAREA
=> SECTION FILE U000, U001, U002, U003 PRELOAD
=> SECTION FILE U004, U005, U006
=> SECTION FILE U007
=> SECTION FILE U008, U009, U010
=> ENDAREA
=> BEGINAREA
=> SECTION FILE U011
=> SECTION FILE U012, U013
=> SECTION FILE U014
=> SECTION FILE U015
=> SECTION FILE U016
=> SECTION FILE U017, U018
=> SECTION FILE U019
=> SECTION FILE U020
=> ENDAREA
=> BEGINAREA
=> SECTION FILE U021
=> SECTION FILE U022
=> SECTION FILE U023
=> SECTION FILE U024
=> SECTION FILE U025
=> SECTION FILE U026
=> SECTION FILE U027
=> SECTION FILE U028
=> ENDAREA
=> BEGINAREA
=> SECTION FILE U029, U030
=> SECTION FILE U031
=> SECTION FILE U032, U033
=> SECTION FILE U034
=> SECTION FILE U035
=> SECTION FILE U036, U037
=> SECTION FILE U038
=> ENDAREA
=> DEFINE "@f_20E8_0635" = "@win_Close"
=> DEFINE "@f_218D_03F1" = "@win_GetEvent"
=> DEFINE "@f_21FA_08E2" = "@win_DrawWindow"
=> DEFINE "@f_22BF_0498" = "@win_MakeObjVisible"
=> DEFINE "@f_22BF_04A0" = "@win_MakeObjInvisible"
=> DEFINE "@f_22BF_0967" = "@win_SetObjBitmap"
=> DEFINE "@f_22BF_09B0" = "@win_IsWinOpen"
=> DEFINE "@f_23AE_01DB" = "@win_UnlockWin"
=> DEFINE "@f_23AE_0377" = "@win_LockWin"
=> DEFINE _f_0093_002B = _SGRand
=> DEFINE _f_00DF_00B1 = _myBeginSong
=> DEFINE _f_00DF_00E8 = _myBeginSound
=> DEFINE _f_00DF_0138 = _mySongIsDone
=> DEFINE _f_00F8_0002 = _win_YardClosed
=> DEFINE _f_00F8_00A4 = _win_MapChanged
=> DEFINE _f_00F8_0265 = _myDelay
=> DEFINE _f_00F8_02AC = _myButton
=> DEFINE _f_00F8_02BE = _MacTickCount
=> DEFINE _f_00F8_02F7 = _DialogWaitInit
=> DEFINE _f_00F8_032A = _DialogClearWait
=> DEFINE _f_00F8_05C9 = _DialogAbort
=> DEFINE _f_00F8_05F2 = _DialogAbortOrCont
=> DEFINE _f_015B_0273 = _SetYardMode
=> DEFINE _f_015B_053C = _SetMapPlane
=> DEFINE _f_015B_0653 = _CenterAnt
=> DEFINE _f_015B_06A2 = _GotoMyAnt
=> DEFINE _f_0250_0E81 = _ForceUpdateEdit
=> DEFINE _f_0250_0E9D = _UpdateEdit
=> DEFINE _f_0250_0FC4 = _CenterEdit
=> DEFINE _f_0250_428A = _EggBalloons
=> DEFINE _f_0250_4302 = _FightBalloons
=> DEFINE _f_0250_437A = _QueenBalloons
=> DEFINE _f_0250_43F2 = _RestBalloons
=> DEFINE _f_075B_0242 = _LoadStringAnt
=> DEFINE _f_0798_0F0D = _initControls
=> DEFINE _f_0894_1E34 = _GetWinner
=> DEFINE _f_0894_21C5 = _RandTurn
=> DEFINE _f_0AD9_03D3 = _DoAntLions
=> DEFINE _f_0AD9_093C = _DoPillar
=> DEFINE _f_0BE8_063A = _InitWater
=> DEFINE _f_0BE8_0A5B = _PlaceEggB
=> DEFINE _f_0BE8_0B83 = _GetDis
=> DEFINE _f_0BE8_0BC1 = _InNestBounds
=> DEFINE _f_0BE8_0C0F = _GetExitDirB
=> DEFINE _f_0CDB_0000 = _InitSpider
=> DEFINE _f_0CDB_00B3 = _MoveSpider
=> DEFINE _f_0CDB_0DE0 = _KillSpider
=> DEFINE _f_0E2E_000A = _Feedback
=> DEFINE _f_0EC1_0002 = _CompactListA
=> DEFINE _f_0EC1_0081 = _CompactListB
=> DEFINE _f_0EC1_0100 = _CompactListR
=> DEFINE _f_0EC1_0291 = _FindInAList
=> DEFINE _f_0EC1_032C = _FindInRList
=> DEFINE _f_0EC1_037B = _DrownBList
=> DEFINE _f_0EC1_03D9 = _DrownRList
=> DEFINE _f_0EC1_0437 = _ExitHole
=> DEFINE _f_0EC1_05D4 = _AddAntToBList
=> DEFINE _f_0EC1_0719 = _BuildAntListA
=> DEFINE _f_0EC1_07C1 = _ClearListB
=> DEFINE _f_0EC1_07D4 = _ClearListR
=> DEFINE _f_10F7_003A = _IsYellowAnt
=> DEFINE _f_10F7_04EC = _IsClearTile
=> DEFINE _f_10F7_07C7 = _GetLife
=> DEFINE _f_1383_0002 = _GetStrategy
=> DEFINE _f_1383_0976 = _GetNewMode
=> DEFINE _f_1383_099B = _GetNewModeB
=> DEFINE _f_1383_0A30 = _GetNewModeR
=> DEFINE _f_1383_0A95 = _GetForageDir
=> DEFINE _f_1383_0C2A = _GetNestDir
=> DEFINE _f_1383_0DCC = _GetAlarmDir
=> DEFINE _f_1383_0E89 = _GetRandDir
=> DEFINE _f_1383_0ECC = _GetDefendDir
=> DEFINE _f_1383_0FCE = _GetRedDefendDir
=> DEFINE _f_1383_10A8 = _Bounce
=> DEFINE _f_1496_0006 = _FillHolesBN
=> DEFINE _f_1496_0089 = _FillHolesRN
=> DEFINE _f_1496_010C = _ColonySmellBN
=> DEFINE _f_1496_0153 = _ColonySmellRN
=> DEFINE _f_1496_019A = _ColonySmellBT
=> DEFINE _f_1496_01FE = _ColonySmellRT
=> DEFINE _f_1496_025E = _SmoothAlarm
=> DEFINE _f_1496_0395 = _AlarmHere2
=> DEFINE _f_1496_03CC = _JamScentBN
=> DEFINE _f_1496_0404 = _JamScentRN
=> DEFINE _f_1496_043C = _JamScentBT
=> DEFINE _f_1496_0474 = _JamScentRT
=> DEFINE _f_1496_04AC = _DecTSmell
=> DEFINE _f_15D9_009C = _EditMessage
=> DEFINE _f_171C_2208 = _malloc
=> DEFINE _f_171C_2276 = _free
=> DEFINE _f_1CE2_0410 = _GRectInvOutline
=> DEFINE _f_1E57_0362 = _clip_Off
=> DEFINE _f_1FD2_0542 = _StillDown
=> DEFINE _f_1FD2_057F = _ButtonHeldInit
=> DEFINE _f_1FD2_0598 = _ButtonHeld
=> DEFINE _f_1FD2_05EF = _ButtonHeldEnd
=> DEFINE _f_20E8_04B6 = _win_Open
=> DEFINE _f_218D_03E8 = _win_Events
=> DEFINE _f_218D_042B = _win_FlushEvents
=> DEFINE _f_22BF_059A = _win_SetObjFormatStr
=> DEFINE _f_22BF_0A65 = "@f_22BF_0A65"
=> DEFINE _f_22BF_0D53 = _win_PrintfAtObj
=> DEFINE _f_2CFB_0002 = _jt_171C_13CA
=> DEFINE _f_2CFB_0007 = _jt_171C_13E4
=> DEFINE _f_2CFB_002F = _jt_171C_15A2
=> DEFINE _fd_3D57_0000 = _Dx8
=> DEFINE _fd_3D57_0008 = _Dy8
=> DEFINE _fd_3D57_0224 = _HoleMapB
=> DEFINE _fd_3D57_07B6 = _ExpSubStates
=> DEFINE _fd_3E1D_2180 = _MapB
=> DEFINE _fd_3E1D_4180 = _ExitMapB
=> DEFINE _fd_3E1D_6180 = _LifeA
=> DEFINE _fd_3E1D_8180 = _LifeB
=> DEFINE _fd_50F6_032E = _MapPlane
=> DEFINE _fd_50F6_047C = _MeLocX
=> DEFINE _fd_50F6_048A = _MeLocY
=> DEFINE _fd_50F6_048C = _MePlane
=> DEFINE _fd_50F6_0D6A = _ListIndexA
=> DEFINE _fd_50F6_0F08 = _Cycle
=> DEFINE _fd_50F6_0F18 = _Tindex
=> DEFINE _fd_50F6_0F24 = _TERRAINset
=> DEFINE _fd_50F6_0F3A = _DROPdir
=> DEFINE _fd_50F6_104C = _CurExpTool
=> DEFINE _fd_50F6_1050 = _FoodB
=> DEFINE _fd_50F6_10BE = _HealthB
=> DEFINE _o11_35F5_0000 = _SetMenuEntries
=> DEFINE _o11_35F5_0088 = _PauseGame
=> DEFINE _o14_384C_0ACD = _SetDefaultWindPrompt
=> DEFINE _o14_384C_0B6A = _PictStrnDialog
=> DEFINE _o14_384C_0DE5 = _EndGameDialog
=> DEFINE _o15_384C_01EE = _MenuQuit
=> DEFINE _o15_384C_037F = _SetDefaultWindows
=> DEFINE _o15_384C_03C6 = _NewGame
=> DEFINE _o18_384C_0000 = _MakeMap
=> DEFINE _o22_39C7_07FD = _ResetYellowVars
=> DEFINE _o22_39C7_0D21 = _YellowDeath
=> DEFINE _o22_39C7_188D = _YellowDialog
=> DEFINE _o22_39C7_19E5 = _DoTroph
=> DEFINE _o24_39C7_01B8 = _ClearHistory
=> DEFINE _o24_39C7_0608 = _HistUpdate
=> DEFINE _o26_39C7_0000 = "@o26_39C7_0000"
=> DEFINE _fd_3D57_07CE = _fd_3D57_07CC + 02h
=> DEFINE _fd_3D57_0852 = _fd_3D57_082A + 028h
=> DEFINE _fd_3D57_0C1C = _fd_3D57_0C1A + 02h
=> DEFINE _fd_55B3_19BE = _g_19BE
=> DEFINE _fd_55B3_19C0 = _g_19C0
=> DEFINE _fd_55B3_19C6 = _g_19C6
=> DEFINE _fd_55B3_19CA = _g_19CA
=> DEFINE _fd_55B3_19CE = _g_19CE
=> DEFINE _fd_55B3_1CD8 = _fd_55B3_1CD4 + 04h
=> DEFINE _fd_55B3_1CDC = _fd_55B3_1CD4 + 08h
=> DEFINE _fd_55B3_1CE0 = _fd_55B3_1CD4 + 0Ch
=> DEFINE _fd_55B3_1CE4 = _fd_55B3_1CD4 + 010h
=> DEFINE _fd_55B3_2996 = _g_2996
=> DEFINE _fd_55B3_2A36 = _g_2A36
=> DEFINE _fd_55B3_2A3A = _g_2A3A
=> DEFINE _fd_55B3_2A42 = _g_2A42
=> DEFINE _fd_55B3_38A0 = _g_38A0
=> DEFINE _fd_55B3_604C = _g_604C
=> DEFINE _fd_55B3_6054 = _g_6054
=> DEFINE _fd_55B3_610A = _g_610A
=> DEFINE _g_5FF4 = _g_5FF2 + 02h
=> DEFINE _g_5FF6 = _g_5FF2 + 04h
=> DEFINE _g_5FF8 = _g_5FF2 + 06h
=> DEFINE _g_5FF9 = _g_5FF2 + 07h
=> DEFINE _g_5FFA = _g_5FF2 + 08h
=> DEFINE _g_5FFE = _g_5FF2 + 0Ch
=> DEFINE _g_9128 = _driver_callback_table
=> DEFINE _g_912C = _driver_callback_table + 04h
=> DEFINE _g_9130 = _driver_callback_table + 08h
=> DEFINE _g_9134 = _driver_callback_table + 0Ch
=> DEFINE _g_9138 = _driver_callback_table + 010h
=> DEFINE _g_913C = _driver_callback_table + 014h
=> DEFINE _g_9140 = _driver_callback_table + 018h
=> DEFINE _g_9144 = _driver_callback_table + 01Ch
=> DEFINE _g_9148 = _driver_callback_table + 020h
=> DEFINE _g_914C = _driver_callback_table + 024h
=> DEFINE _g_9150 = _driver_callback_table + 028h
=> DEFINE _g_9154 = _driver_callback_table + 02Ch
=> DEFINE _g_9158 = _driver_callback_table + 030h
=> DEFINE _g_9160 = _driver_callback_table + 038h
=> DEFINE _g_9164 = _driver_callback_table + 03Ch
=> DEFINE _g_9168 = _driver_callback_table + 040h
=> DEFINE _g_916C = _driver_callback_table + 044h
=> DEFINE _g_9170 = _driver_callback_table + 048h
=> DEFINE _g_9174 = _driver_callback_table + 04Ch
=> DEFINE _g_9178 = _driver_callback_table + 050h
=> DEFINE _g_917C = _driver_callback_table + 054h
=> DEFINE _g_9184 = _driver_callback_table + 05Ch
=> DEFINE _g_9188 = _driver_callback_table + 060h
=> DEFINE _g_5AAE = _g_5AAC + 02h
=> DEFINE _fd_55B3_5AA0 = _g_5A9C + 04h
=> DEFINE _fd_55B3_5AA2 = _g_5A9C + 06h
=> 
**** LOAD OBJECT CODE ****
U074.OBJ(U074.C)

Code class     = 'CODE'
Overlay class  = 'CODE'

U044.OBJ(U044.C)
U045.OBJ(U045.C)
U046.OBJ(U046.C)
U047.OBJ(U047.C)
U048.OBJ(U048.C)
U049.OBJ(U049.C)
U050.OBJ(U050.C)
U051.OBJ(U051.C)
U052.OBJ(U052.C)
U053.OBJ(U053.C)
U054.OBJ(U054.C)
U055.OBJ(U055.C)
U056.OBJ(U056.C)
U057.OBJ(U057.C)
U058.OBJ(U058.C)
U059.OBJ(U059.C)
U060.OBJ(U060.C)
U061.OBJ(U061.C)
U062.OBJ(U062.C)
U063.OBJ(U063.C)
U064.OBJ(U064.C)
U065.OBJ(U065.C)
U066.OBJ(U066.C)
U067.OBJ(U067.C)
U068.OBJ(U068.C)
U069.OBJ(U069.C)
U070.OBJ(U070.C)
U071.OBJ(U071.C)
U072.OBJ(U072.ASM)
U073.OBJ(U073.ASM)
U075.OBJ(U075.ASM)
U076.OBJ(U076.ASM)
U077.OBJ(U077.ASM)
U078.OBJ(U078.C)
U079.OBJ(U079.C)
U080.OBJ(U080.C)
U081.OBJ(U081.C)
U082.OBJ(U082.C)
U083.OBJ(U083.C)
U084.OBJ(U084.ASM)
U085.OBJ(U085.C)
U086.OBJ(U086.ASM)
U087.OBJ(U087.ASM)
U088.OBJ(U088.C)
U089.OBJ(U089.C)
U090.OBJ(U090.C)
U091.OBJ(U091.C)
U092.OBJ(U092.ASM)
U093.OBJ(U093.ASM)
U094.OBJ(U094.C)
U095.OBJ(U095.C)
U096.OBJ(U096.ASM)
U097.OBJ(U097.C)
U098.OBJ(U098.C)
U099.OBJ(U099.C)
U100.OBJ(U100.C)
U101.OBJ(U101.C)
U102.OBJ(U102.C)
U103.OBJ(U103.C)
U104.OBJ(U104.C)
U105.OBJ(U105.C)
U106.OBJ(U106.C)
U107.OBJ(U107.ASM)
U108.OBJ(U108.C)
U109.OBJ(U109.C)
U110.OBJ(U110.C)
U111.OBJ(U111.ASM)
U112.OBJ(U112.C)
U113.OBJ(U113.C)
U114.OBJ(U114.C)
U115.OBJ(U115.C)
U116.OBJ(U116.ASM)
U117.OBJ(U117.C)
U118.OBJ(U118.ASM)
U119.OBJ(U119.C)
U120.OBJ(U120.C)
U121.OBJ(U121.C)
U122.OBJ(U122.C)
U123.OBJ(U123.ASM)
U124.OBJ(U124.C)
U125.OBJ(U125.C)
U126.OBJ(U126.ASM)
CBOWNER.OBJ(CBOWNER.C)
MSOWNER.OBJ(MSOWNER.C)
MMOWNER.OBJ(MMOWNER.C)
RSOWNER.OBJ(RSOWNER.C)
MFOWNER.OBJ(MFOWNER.C)
MPOWNER.OBJ(MPOWNER.C)
CPOWNER.OBJ(CPOWNER.C)
YDOWNER.OBJ(YDOWNER.C)
DIOWNER.OBJ(DIOWNER.C)
SPIDATA.OBJ(SPIDATA.C)
LIOWNER.OBJ(LIOWNER.C)
SPICTRL.OBJ(SPICTRL.C)
PTOWNER.OBJ(PTOWNER.C)
DBRECOWN.OBJ(DBRECOWN.C)
GFXOWNER.OBJ(GFXOWNER.C)
G210808.OBJ(G210808.C)
ALCOUNT.OBJ(ALCOUNT.C)
COLWORD.OBJ(COLWORD.C)
PLOCOWN.OBJ(PLOCOWN.C)
ANTCTR.OBJ(ANTCTR.C)
LANGPTR.OBJ(LANGPTR.C)
DEADXY.OBJ(DEADXY.C)
ANTSTATE.OBJ(ANTSTATE.C)
MODEOWN.OBJ(MODEOWN.C)
ANTCTRL.OBJ(ANTCTRL.C)
UIRESOWN.OBJ(UIRESOWN.C)
TERRNOWN.OBJ(TERRNOWN.C)
SWARMOWN.OBJ(SWARMOWN.C)
POPWORK.OBJ(POPWORK.C)
SNDSTATE.OBJ(SNDSTATE.C)
CTRLFLAG.OBJ(CTRLFLAG.C)
ANTLATCH.OBJ(ANTLATCH.C)
SNDCTRL.OBJ(SNDCTRL.C)
SNDRECS.OBJ(SNDRECS.C)
ANTMOVE.OBJ(ANTMOVE.C)
WORLDOUT.OBJ(WORLDOUT.C)
HISTOTAL.OBJ(HISTOTAL.C)
ANTCOUNT.OBJ(ANTCOUNT.C)
EVRECS.OBJ(EVRECS.C)
STRREST.OBJ(STRREST.C)
YARDISCL.OBJ(YARDISCL.C)
YARDARR.OBJ(YARDARR.C)
BLNTMR.OBJ(BLNTMR.C)
EXPANCH.OBJ(EXPANCH.C)
WCLIPH.OBJ(WCLIPH.C)
HISTSC25.OBJ(HISTSC25.C)
MPVOWNR.OBJ(MPVOWNR.C)
FLRTSK.OBJ(FLRTSK.C)
UIGEO.OBJ(UIGEO.C)
WRLDSC25.OBJ(WRLDSC25.C)
ANTSCL25.OBJ(ANTSCL25.C)
UISTTE26.OBJ(UISTTE26.C)
WINSC26.OBJ(WINSC26.C)
SCALTL26.OBJ(SCALTL26.C)
BLNTAB26.OBJ(BLNTAB26.C)
DELAYW27.OBJ(DELAYW27.C)
WINHD27.OBJ(WINHD27.C)
SNDST27.OBJ(SNDST27.C)
MISCST27.OBJ(MISCST27.C)
SCRLIST.OBJ(SCRLIST.C)
FARW29.OBJ(FARW29.C)
U039.OBJ(U039.C)
U040.OBJ(U040.C)
U041.OBJ(U041.C)
U042.OBJ(U042.C)
U043.OBJ(U043.C)
U000.OBJ(U000.ASM)
U001.OBJ(U001.ASM)
U002.OBJ(U002.ASM)
U003.OBJ(U003.ASM)
U004.OBJ(U004.ASM)
U005.OBJ(U005.ASM)
U006.OBJ(U006.ASM)
U007.OBJ(U007.ASM)
U008.OBJ(U008.ASM)
U009.OBJ(U009.ASM)
U010.OBJ(U010.ASM)
U011.OBJ(U011.C)
U012.OBJ(U012.C)
U013.OBJ(U013.C)
U014.OBJ(U014.C)
U015.OBJ(U015.C)
U016.OBJ(U016.C)
U017.OBJ(U017.C)
U018.OBJ(U018.C)
U019.OBJ(U019.C)
U020.OBJ(U020.C)
U021.OBJ(U021.C)
U022.OBJ(U022.C)
U023.OBJ(U023.C)
U024.OBJ(U024.C)
U025.OBJ(U025.C)
U026.OBJ(U026.C)
U027.OBJ(U027.C)
U028.OBJ(U028.C)
U029.OBJ(U029.C)
U030.OBJ(U030.C)
U031.OBJ(U031.ASM)
U032.OBJ(U032.C)
U033.OBJ(U033.C)
U034.OBJ(U034.C)
U035.OBJ(U035.C)
U036.OBJ(U036.C)
U037.OBJ(U037.C)
U038.OBJ(U038.C)
**** LIBRARY SEARCH ****
LLIBCR.LIB(dos\crt0.asm)
LLIBCR.LIB(dos\crt0dat.asm)
LLIBCR.LIB(dos\crt0msg.asm)
LLIBCR.LIB(crt0fp.asm)
LLIBCR.LIB(chkstk.asm)
LLIBCR.LIB(chksum.asm)
LLIBCR.LIB(dos\stdargv.asm)
LLIBCR.LIB(dos\stdenvp.asm)
LLIBCR.LIB(dos\nmsghdr.asm)
LLIBCR.LIB(dos\stdalloc.asm)
LLIBCR.LIB(dos\dosret.asm)
LLIBCR.LIB(fclose.c)
LLIBCR.LIB(fopen.c)
LLIBCR.LIB(fread.asm)
LLIBCR.LIB(fwrite.asm)
LLIBCR.LIB(printf.c)
LLIBCR.LIB(_cflush.asm)
LLIBCR.LIB(_file.c)
LLIBCR.LIB(_filbuf.asm)
LLIBCR.LIB(_flsbuf.asm)
LLIBCR.LIB(_freebuf.asm)
LLIBCR.LIB(_getbuf.asm)
LLIBCR.LIB(_open.c)
LLIBCR.LIB(_sftbuf.asm)
LLIBCR.LIB(fflush.c)
LLIBCR.LIB(output.asm)
LLIBCR.LIB(stream.c)
LLIBCR.LIB(dos\close.asm)
LLIBCR.LIB(dos\lseek.asm)
LLIBCR.LIB(dos\open.asm)
LLIBCR.LIB(dos\read.asm)
LLIBCR.LIB(write.asm)
LLIBCR.LIB(stackava.asm)
LLIBCR.LIB(txtmode.asm)
LLIBCR.LIB(fdata.asm)
LLIBCR.LIB(initseg.asm)
LLIBCR.LIB(linkseg.asm)
LLIBCR.LIB(searchsg.asm)
LLIBCR.LIB(growseg.asm)
LLIBCR.LIB(newseg.asm)
LLIBCR.LIB(strcat.asm)
LLIBCR.LIB(strcpy.asm)
LLIBCR.LIB(strlen.asm)
LLIBCR.LIB(strncpy.asm)
LLIBCR.LIB(strncmp.asm)
LLIBCR.LIB(atol.asm)
LLIBCR.LIB(atox.asm)
LLIBCR.LIB(itoa.asm)
LLIBCR.LIB(cmiscdat.asm)
LLIBCR.LIB(ctype.asm)
LLIBCR.LIB(getenv.c)
LLIBCR.LIB(dos\diffhlp.asm)
LLIBCR.LIB(puts.c)
LLIBCR.LIB(sprintf.c)
LLIBCR.LIB(vsprintf.c)
LLIBCR.LIB(dos\intdosx.asm)
LLIBCR.LIB(asctime.c)
LLIBCR.LIB(days.c)
LLIBCR.LIB(gmtime.c)
LLIBCR.LIB(localtim.c)
LLIBCR.LIB(dos\time.asm)
LLIBCR.LIB(tzset.c)
LLIBCR.LIB(timeset.c)
LLIBCR.LIB(dtoxtime.c)
LLIBCR.LIB(stricmp.asm)
LLIBCR.LIB(hmemcpy.asm)
LLIBCR.LIB(xtoa.asm)
LLIBCR.LIB(_ctype.asm)
LLIBCR.LIB(onexit.asm)
LLIBCR.LIB(rand.c)
LLIBCR.LIB(dos\signal.asm)
LLIBCR.LIB(syserr.c)
LLIBCR.LIB(dos\access.asm)
LLIBCR.LIB(dos\dir.asm)
LLIBCR.LIB(dos\drive.asm)
LLIBCR.LIB(dos\getcwd.c)
LLIBCR.LIB(dos\unlink.asm)
LLIBCR.LIB(dos\allocmem.asm)
LLIBCR.LIB(dos\d_find.asm)
LLIBCR.LIB(dos\disable.asm)
LLIBCR.LIB(dos\enable.asm)
LLIBCR.LIB(dos\freemem.asm)
LLIBCR.LIB(dos\harderr.asm)
LIBH.LIB(alrem.asm)
LIBH.LIB(ldiv.asm)
LIBH.LIB(lmul.asm)
LIBH.LIB(lrem.asm)
LIBH.LIB(lshl.asm)
LIBH.LIB(lshr.asm)
LIBH.LIB(almul.asm)
LIBH.LIB(uldiv.asm)
LIBH.LIB(ulrem.asm)
LIBH.LIB(hmemchr.asm)
LIBH.LIB(hmemcmp.asm)
LIBH.LIB(hmemcpy.asm)
LIBH.LIB(strchr.asm)
LIBH.LIB(strncmp.asm)
LIBH.LIB(strncpy.asm)
LIBH.LIB(strrchr.asm)
LIBH.LIB(strlen.asm)
LIBH.LIB(strcmp.asm)
LIBH.LIB(strcpy.asm)
LIBH.LIB(strcat.asm)
LIBH.LIB(hmemset.asm)
LIBH.LIB(hmemcpy.asm)
D:\RTLUTILS.LIB(ovlmgr_m.asm)
D:\RTLUTILS.LIB(ovlmgr.asm)
---- Creating Vector Source File (SOURCE.VEC) ----
D:\RTLUTILS.LIB(dcache.asm)
D:\RTLUTILS.LIB(cnv_val.asm)
D:\RTLUTILS.LIB(rtcommon.asm)
D:\RTLUTILS.LIB(ddata.asm)
D:\RTLUTILS.LIB(rtcomm_m.asm)
D:\RTLUTILS.LIB(pathsrch.asm)
D:\RTLUTILS.LIB(pathsr_m.asm)
LLIBCR.LIB(dos\hdiff.asm)
**** ASSIGN ADDRESSES ****
warning wrt0052: "DEFINE '_fd_55B3_5AA2'=<value>"
  command issued, but symbol '_fd_55B3_5AA2' is
  not referenced -- spurious DEFINE command.

UNDEFINED SYMBOL(S) AFTER LIBRARY SEARCH:
	SYMBOL						FIRST REFERENCE
	------						---------------
	'_fd_50F6_0150'					U044.OBJ
	'_fd_50F6_1F26'					U053.OBJ
	'_g_8CCB'					U088.OBJ
	'_fd_50F6_3C14'					U091.OBJ
	'_fd_50F6_46A8'					U097.OBJ
	'_fd_50F6_46BC'					U097.OBJ
	'_fd_50F6_46D2'					U099.OBJ
	'_win_offsets'					U100.OBJ
	'_win_handles'					U100.OBJ
	'_win_colors'					U100.OBJ
	'_win_drawHooks'				U100.OBJ
	'_fd_50F6_4B30'					U117.OBJ
	'_fd_50F6_4B42'					U117.OBJ
	'_g_8ED8'					U005.OBJ
	'_fd_50F6_3862'					U017.OBJ

warning wrt0022: Undefined symbols imply that the .EXE may not run.
  Sometimes, the NOTABLEOFCONTENTS command/option can help with
  undefined symbols.
**** WRITING EXECUTABLE ****
---- WRITING SECTION 1H (root)  ----

**** WRITING OVERLAY SECTIONS ****
---- WRITING SECTION 2H INTO SOURCE.EXE ----
---- WRITING SECTION 3H INTO SOURCE.EXE ----
---- WRITING SECTION 4H INTO SOURCE.EXE ----
---- WRITING SECTION 5H INTO SOURCE.EXE ----
---- WRITING SECTION 6H INTO SOURCE.EXE ----
---- WRITING SECTION 7H INTO SOURCE.EXE ----
---- WRITING SECTION 8H INTO SOURCE.EXE ----
---- WRITING SECTION 9H INTO SOURCE.EXE ----
---- WRITING SECTION AH INTO SOURCE.EXE ----
---- WRITING SECTION BH INTO SOURCE.EXE ----
---- WRITING SECTION CH INTO SOURCE.EXE ----
---- WRITING SECTION DH INTO SOURCE.EXE ----
---- WRITING SECTION EH INTO SOURCE.EXE ----
---- WRITING SECTION FH INTO SOURCE.EXE ----
---- WRITING SECTION 10H INTO SOURCE.EXE ----
---- WRITING SECTION 11H INTO SOURCE.EXE ----
---- WRITING SECTION 12H INTO SOURCE.EXE ----
---- WRITING SECTION 13H INTO SOURCE.EXE ----
---- WRITING SECTION 14H INTO SOURCE.EXE ----
---- WRITING SECTION 15H INTO SOURCE.EXE ----
---- WRITING SECTION 16H INTO SOURCE.EXE ----
---- WRITING SECTION 17H INTO SOURCE.EXE ----
---- WRITING SECTION 18H INTO SOURCE.EXE ----
---- WRITING SECTION 19H INTO SOURCE.EXE ----
---- WRITING SECTION 1AH INTO SOURCE.EXE ----
---- WRITING SECTION 1BH INTO SOURCE.EXE ----
---- WRITING SECTION 1CH INTO SOURCE.EXE ----
---- WRITING SECTION 1DH (preloaded data) INTO SOURCE.EXE ----
**** PRINT MAP ****

____________________________________________________________________________

MEMORY LAYOUT SUMMARY for: SOURCE.EXE

  Load Size:						367.K	+1CH Para

  No Overlay Cache

  About 512. extra bytes will be needed during startup to serve as a
    temporary stack while bringing in the Preloaded Data Section.

NOTE: Your program may have additional memory requirements depending on the
  memory usage characteristics of your compiler. See your compiler
  documentation for specifics.
____________________________________________________________________________

2 warning message(s)
