  f_0250_0CF6: EXACT (reloc order EXACT)
  ZapEuMapAt: EXACT (reloc order EXACT)
  InvalEuMap: EXACT (reloc order EXACT)
  f_0250_0114: EXACT (reloc order GROUPED)
  f_0250_012D: EXACT (reloc order GROUPED)
  f_0250_01E7: EXACT (reloc order GROUPED)
  f_0250_0256: EXACT (reloc order GROUPED)
  OverlayTileSet: EXACT (reloc order EXACT)
  LoadTiles: EXACT (reloc order GROUPED)
  f_0250_05CB: EXACT (reloc order GROUPED)
  f_0250_05EB: EXACT (reloc order GROUPED)
  f_0250_062A: EXACT (reloc order GROUPED)
  f_0250_0643: EXACT (reloc order GROUPED)
  f_0250_0721: EXACT (reloc order GROUPED)
  f_0250_0915: EXACT (reloc order GROUPED)
  f_0250_0ADB: EXACT (reloc order EXACT)
  f_0250_0B86: EXACT (reloc order GROUPED)
  ProcEditEvent: EXACT (reloc order GROUPED)
  f_0250_0D10: EXACT (reloc order EXACT)
  f_0250_0E15: EXACT (reloc order GROUPED)
  OpenEditWindow: EXACT (reloc order GROUPED)
  ForceUpdateEdit: EXACT (reloc order EXACT)
  DoEditUpdateDraw: EXACT (reloc order EXACT)
  UpdateEdit: EXACT (reloc order GROUPED)
  f_0250_0EC6: EXACT (reloc order EXACT)
  f_0250_0ED2: EXACT (reloc order EXACT)
  f_0250_0EDA: EXACT (reloc order GROUPED)
  f_0250_0F2C: EXACT (reloc order EXACT)
  CenterEdit: EXACT (reloc order EXACT)
  SetEditWinTitle: EXACT (reloc order GROUPED)
  PreDrawSpider: EXACT (reloc order EXACT)
  ed_MoveTo: EXACT (reloc order EXACT)
  ed_LineTo: EXACT (reloc order EXACT)
  DrawPalps: EXACT (reloc order GROUPED)
  DrawLegs: EXACT (reloc order EXACT)
  f_0250_41CA: EXACT (reloc order EXACT)
  EggBalloons: EXACT (reloc order EXACT)
  FightBalloons: EXACT (reloc order EXACT)
  QueenBalloons: EXACT (reloc order EXACT)
  RestBalloons: EXACT (reloc order EXACT)
  AddMsgBalloon: EXACT (reloc order EXACT)
  EditMsgBalloon: EXACT (reloc order EXACT)
  PreDrawBalloons: EXACT (reloc order EXACT)
  f_0250_5058: EXACT (reloc order WITHIN_GROUP_PENDING)
  DrawEditGraphs: EXACT (reloc order GROUPED)
  f_0250_13A6: EXACT (reloc order GROUPED)
  BalloonIsVisible: EXACT (reloc order EXACT)
  f_0250_1E80: EXACT (reloc order EXACT)
  DrawCurBalloons: EXACT (reloc order WITHIN_GROUP_PENDING)
  DrawSpider: EXACT (reloc order GROUPED)
  data CONST: EXACT (326 bytes, relocation order GROUPED)
  data _DATA: EXACT (274 bytes, relocation order EXACT)
  data _BSS: EXACT (28 bytes, relocation order None)
PROMOTED 1 new claim(s), 3 placement(s) into src\root\m0250.c
