  ProcYardEvent: EXACT (reloc order GROUPED)
  DrawYardCursor: EXACT (reloc order EXACT)
  EraseYardCursor: EXACT (reloc order EXACT)
  o13_384C_01E5: EXACT (reloc order GROUPED)
  o13_384C_027C: EXACT (reloc order GROUPED)
  win_DrawYardWindow: EXACT (reloc order GROUPED)
  o13_384C_03F8: EXACT (reloc order GROUPED)
  DrawYard: EXACT (reloc order GROUPED)
  UpdateYard: EXACT (reloc order EXACT)
  DrawSimKid: EXACT (reloc order GROUPED)
  DrawDog: EXACT (reloc order GROUPED)
  DrawSimBird: EXACT (reloc order GROUPED)
  DrawSimCat: EXACT (reloc order GROUPED)
  DrawForSale: EXACT (reloc order GROUPED)
  Draw_SimYard: EXACT (reloc order GROUPED)
  DrawAnimYardMessage: EXACT (reloc order GROUPED)
  DrawRain: EXACT (reloc order GROUPED)
  DrawSwarm: EXACT (reloc order GROUPED)
  TooFar: EXACT (reloc order EXACT)
  YardArea: EXACT (reloc order GROUPED)
  DrawSimColonies: EXACT (reloc order EXACT)
  DrawMower: EXACT (reloc order GROUPED)
  DrawColonyBars: EXACT (reloc order GROUPED)
  data CONST: EXACT (114 bytes, relocation order GROUPED)
  data _DATA: EXACT (206 bytes, relocation order EXACT)
VERIFY-ONLY OK: 23 claims in S13:384C
