.RTLink(R)/Plus  w/ Virtual Memory Linking, Overlays, CodeView, Turbo Debugger,
Version 6.10        Demo Versions, .RTLs, Profiling, & Environment Var. Burn-in
DOS 386-Mode    (C) Copyright Pocket Soft Inc., 1988-1993. All Rights Reserved.
with data swapping  Serial Number: 836-103-6260

Pocket Soft, Inc. is an Authorized Licensee of Microsoft(R) CodeView(R)
Information. "Microsoft" and "CodeView" are registered trademarks of
Microsoft Corporation.

=> OUTPUT PROBE
=> MAP = PROBE S,N,A,L
=> NODEFLIB
=> LIBRARY LLIBCR, LIBH
=> FILE MAIN
=> BEGINAREA
=> SECTION FILE OWNER
=> ENDAREA
=> 

____________________________________________________________________________

MEMORY LAYOUT SUMMARY for: PROBE.EXE

  Load Size:						13.K	+CH Para

  No Overlay Cache

  About 512. extra bytes will be needed during startup to serve as a
    temporary stack while bringing in the Preloaded Data Section.

NOTE: Your program may have additional memory requirements depending on the
  memory usage characteristics of your compiler. See your compiler
  documentation for specifics.
____________________________________________________________________________

