  InitSimVars: EXACT (reloc order EXACT)
  RandYard: EXACT (reloc order GROUPED)
  GenerateTutorial: EXACT (reloc order EXACT)
  DigOutBNest: EXACT (reloc order GROUPED)
  DigOutRNest: EXACT (reloc order GROUPED)
  InitYelloAnt: EXACT (reloc order GROUPED)
  PlaceBlackQueen: EXACT (reloc order GROUPED)
  MakeBlkQueen: EXACT (reloc order GROUPED)
  PlaceRedQueen: EXACT (reloc order GROUPED)
  MakeRedQueen: EXACT (reloc order GROUPED)
  fracSIN: EXACT (reloc order EXACT)
  fracCOS: EXACT (reloc order EXACT)
  AddBlackAnts: EXACT (reloc order GROUPED)
  AddRedAnts: EXACT (reloc order GROUPED)
  AddFood: EXACT (reloc order GROUPED)
  GrabMap: EXACT (reloc order EXACT)
  ClrArrays: EXACT (reloc order EXACT)
  RandWorld: EXACT (reloc order WITHIN_GROUP_PENDING)
  data CONST: EXACT (208 bytes, relocation order GROUPED)
  data _DATA: EXACT (120 bytes, relocation order EXACT)
VERIFY-ONLY OK: 18 claims in S08:35F5
