  InitSimVars: EXACT (reloc order EXACT)
  RandYard: EXACT (reloc order GROUPED)
  GenerateTutorial: EXACT (reloc order GROUPED)
  DigOutBNest: EXACT (reloc order GROUPED)
  DigOutRNest: EXACT (reloc order GROUPED)
  InitYelloAnt: EXACT (reloc order GROUPED)
  PlaceBlackQueen: EXACT (reloc order GROUPED)
  MakeBlkQueen: EXACT (reloc order GROUPED)
  PlaceRedQueen: EXACT (reloc order GROUPED)
  MakeRedQueen: EXACT (reloc order GROUPED)
  fracSIN: EXACT (reloc order EXACT)
  fracCOS: EXACT (reloc order EXACT)
  AddBlackAnts: EXACT (reloc order GROUPED)
  AddRedAnts: EXACT (reloc order GROUPED)
  AddFood: EXACT (reloc order GROUPED)
  GrabMap: EXACT (reloc order EXACT)
  ClrArrays: EXACT (reloc order EXACT)
  RandWorld: FAIL relocation order inside a target group differs from the object's FIXUPP order
  data CONST: EXACT (208 bytes, relocation order GROUPED)
  data _DATA: EXACT (120 bytes, relocation order EXACT)
  extent: EXACT, cross-function relocation order CROSS_FUNCTION_PENDING (cross-function relocation order inside target group external:_DigTileR differs; cross-function relocation order inside target group external:_SGRand differs; cross-function relocation order inside target group external:_SRand1 differs; cross-function relocation order inside target group external:_SRand2 differs)
REFUSED: not every claim is exact (existing claims must not regress)
