[findindex-base.c] MISMATCH: bytes differ (first at +0x79, 3 differing)  (opcode similarity 0.990, 98 vs 98 insns)
      ... 44 equal instructions ...
  ! 01A3 jl 0x1c8                            | 01A3 jg 0x1c3
    01A5 les bx, ptr [bp - 0xa]              | 01A5 les bx, ptr [bp - 0xa]
    01A8 les bx, ptr es:[bx]                 | 01A8 les bx, ptr es:[bx]
    01AB mov al, byte ptr es:[bx + 6]        | 01AB mov al, byte ptr es:[bx + 6]
    01AF cmp ax, word ptr [bp + 0xa]         | 01AF cmp ax, word ptr [bp + 0xa]
  ! 01B2 jne 0x1c3                           | 01B2 jne 0x1c8
      ... 48 equal instructions ...
[004_reverse-compound-boundary.c] MISMATCH: bytes differ (first at +0x7a, 17 differing)  (opcode similarity 0.969, 98 vs 98 insns)
      ... 44 equal instructions ...
  ! 01A3 jg 0x1ce                            | 01A3 jg 0x1c3
    01A5 les bx, ptr [bp - 0xa]              | 01A5 les bx, ptr [bp - 0xa]
    01A8 les bx, ptr es:[bx]                 | 01A8 les bx, ptr es:[bx]
    01AB mov al, byte ptr es:[bx + 6]        | 01AB mov al, byte ptr es:[bx + 6]
    01AF cmp ax, word ptr [bp + 0xa]         | 01AF cmp ax, word ptr [bp + 0xa]
  ! 01B2 jne 0x1c3                           | 01B2 jne 0x1c8
    01B4 mov ax, word ptr [bp + 8]           | 01B4 mov ax, word ptr [bp + 8]
    01B7 les bx, ptr [bp - 0xa]              | 01B7 les bx, ptr [bp - 0xa]
    01BA les bx, ptr es:[bx]                 | 01BA les bx, ptr es:[bx]
    01BD cmp word ptr es:[bx + 4], ax        | 01BD cmp word ptr es:[bx + 4], ax
  ! 01C1 jge 0x1ce                           | 01C1 jl 0x1c8
  !                                          | 01C3 lea di, [si - 1]
  !                                          | 01C6 jmp 0x1d1
    01C3 lea ax, [si + 1]                    | 01C8 lea ax, [si + 1]
    01C6 les bx, ptr [bp - 4]                | 01CB les bx, ptr [bp - 4]
    01C9 mov word ptr es:[bx], ax            | 01CE mov word ptr es:[bx], ax
  ! 01CC jmp 0x1d1                           |
  ! 01CE lea di, [si - 1]                    |
      ... 38 equal instructions ...
RESULTS [('MISMATCH', '1af5252fe8449eeca44b4099fe4a4bd1ff5ab24521c7a888253adfdd4554ac5a', ['bytes differ (first at +0x79, 3 differing)']), ('MISMATCH', 'c23204826e18fde091aad4fa85c54bf93b0fadef3d17a096f1d9409819a62e4b', ['bytes differ (first at +0x7a, 17 differing)'])]
