[f_171C_0ADC-next_argument_lifetime.c] MISMATCH: length 260 != target 262; bytes differ (first at +0x5, 212 differing); relocation set differs (1 vs 1)  (opcode similarity 0.952, 103 vs 103 insns)
    0ADC push bp                             | 0ADC push bp
    0ADD mov bp, sp                          | 0ADD mov bp, sp
  ! 0ADF sub sp, 0x24                        | 0ADF sub sp, 0x28
      ... 19 equal instructions ...
  !                                          | 0B06 sub cx, cx
  !                                          | 0B08 mov word ptr [bp - 0x28], dx
  !                                          | 0B0B mov word ptr [bp - 0x26], cx
      ... 8 equal instructions ...
  ! 0B16 mov si, cx                          |
  ! 0B18 mov di, dx                          |
    0B1A lcall 0x194d, 6                     | 0B1E lcall 0x194d, 6
    0B1F add sp, 0xa                         | 0B23 add sp, 0xa
  ! 0B22 mov dx, di                          | 0B26 mov ax, word ptr [bp + 6]
  ! 0B24 add si, 0                           | 0B29 mov dx, word ptr [bp + 8]
  ! 0B27 adc di, 2                           | 0B2C add ax, di
  !                                          | 0B2E adc dx, 2
    0B2A les bx, ptr [bp + 6]                | 0B31 les bx, ptr [bp + 6]
    0B2D mov bx, word ptr es:[bx]            | 0B34 mov bx, word ptr es:[bx]
  ! 0B30 mov cx, si                          |
    0B32 les si, ptr [0x2f46]                | 0B37 les si, ptr [0x2f46]
  ! 0B36 mov word ptr es:[bx + si], cx       | 0B3B mov word ptr es:[bx + si], ax
  ! 0B39 mov word ptr es:[bx + si + 2], di   | 0B3E mov word ptr es:[bx + si + 2], dx
    0B3D les bx, ptr [bp + 6]                | 0B42 les bx, ptr [bp + 6]
    0B40 mov ax, word ptr es:[bx + 6]        | 0B45 mov ax, word ptr es:[bx + 6]
  ! 0B44 add ax, dx                          | 0B49 add ax, word ptr [bp - 0x28]
  ! 0B46 mov word ptr [bp + 6], 0            | 0B4C mov word ptr [bp + 6], di
      ... 21 equal instructions ...
  ! 0B87 je 0xbd9                            | 0B8B je 0xbdb
      ... 22 equal instructions ...
  ! 0BC8 mov ax, word ptr [bp - 2]           | 0BCC cmp word ptr [bp - 2], cx
  ! 0BCB or ax, bx                           |
      ... 10 equal instructions ...
  relocations expected ['0x17ce1']
  relocations candidate ['0x17cdd']
