[f_171C_09CC-negative.c] MISMATCH: length 146 != target 144; bytes differ (first at +0x9, 85 differing)  (opcode similarity 0.955, 65 vs 67 insns)
      ... 5 equal instructions ...
  ! 09D4 mov bx, word ptr [bp + 0xa]         | 09D4 mov di, word ptr [bp + 0xa]
  ! 09D7 les di, ptr [bp + 6]                | 09D7 les bx, ptr [bp + 6]
  ! 09DA mov ax, word ptr es:[di + 2]        | 09DA mov ax, word ptr es:[bx + 2]
    09DE dec ax                              | 09DE dec ax
    09DF dec ax                              | 09DF dec ax
  ! 09E0 sub di, di                          | 09E0 sub bx, bx
    09E2 mov es, ax                          | 09E2 mov es, ax
  ! 09E4 mov si, di                          | 09E4 mov si, bx
    09E6 mov word ptr [bp - 6], es           | 09E6 mov word ptr [bp - 6], es
  ! 09E9 cmp word ptr es:[di + 6], bx        | 09E9 cmp word ptr es:[bx + 6], di
    09ED jbe 0xa02                           | 09ED jbe 0xa02
  ! 09EF lea ax, [bx + 0x20]                 | 09EF lea ax, [di + 0x20]
    09F2 cmp word ptr es:[si + 6], ax        | 09F2 cmp word ptr es:[si + 6], ax
  ! 09F6 jae 0xa36                           | 09F6 jae 0xa33
      ... 12 equal instructions ...
  ! 0A0F mov bx, cx                          |
      ... 10 equal instructions ...
  ! 0A31 cmp ax, word ptr [bp + 0xa]         | 0A2F cmp ax, di
  ! 0A34 jb 0xa56                            | 0A31 jb 0xa54
    0A36 push word ptr [bp + 0xc]            | 0A33 push word ptr [bp + 0xc]
  ! 0A39 push word ptr [bp + 0xa]            | 0A36 push di
    0A3C sub ax, ax                          | 0A37 sub ax, ax
    0A3E push ax                             | 0A39 push ax
  ! 0A3F mov ax, es                          | 0A3A push es
  ! 0A41 push ax                             |
    0A42 push si                             | 0A3B push si
    0A43 push cs                             | 0A3C push cs
  ! 0A44 call 0x160                          | 0A3D call 0x160
    0A47 add sp, 6                           | 0A40 add sp, 6
  !                                          | 0A43 mov si, ax
  !                                          | 0A45 mov word ptr [bp - 6], dx
    0A4A push dx                             | 0A48 push dx
    0A4B push ax                             | 0A49 push ax
    0A4C push cs                             | 0A4A push cs
  ! 0A4D call 0x68c                          | 0A4B call 0x68c
    0A50 add sp, 8                           | 0A4E add sp, 8
  ! 0A53 jmp 0x9f8                           | 0A51 jmp 0x9f8
      ... 5 equal instructions ...
  !                                          | 0A5A pop bp
  !                                          | 0A5B retf
