
 Start  Stop   Length Name                   Class               Group
 00000H 000CEH 000CFH SELWTEST_TEXT          CODE
 000D0H 000D0H 00000H SELWORD_TEXT           CODE
 000D0H 013C5H 012F6H _TEXT                  CODE
 013D0H 013D1H 00002H EMULATOR_TEXT          CODE
 013D2H 013D2H 00000H C_ETEXT                ENDCODE
 013E0H 013E0H 00000H EMULATOR_DATA          FAR_DATA
 013E0H 01421H 00042H NULL                   BEGDATA             DGROUP
 01422H 01ADDH 006BCH _DATA                  DATA                DGROUP
 01ADEH 01ADFH 00002H XIQC                   DATA                DGROUP
 01AE0H 01AEDH 0000EH DBDATA                 DATA                DGROUP
 01AEEH 01AFBH 0000EH CDATA                  DATA                DGROUP
 01AFCH 01AFCH 00000H XIFB                   DATA                DGROUP
 01AFCH 01AFCH 00000H XIF                    DATA                DGROUP
 01AFCH 01AFCH 00000H XIFE                   DATA                DGROUP
 01AFCH 01AFCH 00000H XIB                    DATA                DGROUP
 01AFCH 01AFCH 00000H XI                     DATA                DGROUP
 01AFCH 01AFCH 00000H XIE                    DATA                DGROUP
 01AFCH 01AFCH 00000H XPB                    DATA                DGROUP
 01AFCH 01AFFH 00004H XP                     DATA                DGROUP
 01B00H 01B00H 00000H XPE                    DATA                DGROUP
 01B00H 01B00H 00000H XCB                    DATA                DGROUP
 01B00H 01B00H 00000H XC                     DATA                DGROUP
 01B00H 01B00H 00000H XCE                    DATA                DGROUP
 01B00H 01B00H 00000H XCFB                   DATA                DGROUP
 01B00H 01B00H 00000H XCF                    DATA                DGROUP
 01B00H 01B00H 00000H XCFE                   DATA                DGROUP
 01B00H 01B00H 00000H CONST                  CONST               DGROUP
 01B00H 01B07H 00008H HDR                    MSG                 DGROUP
 01B08H 01BDDH 000D6H MSG                    MSG                 DGROUP
 01BDEH 01BDFH 00002H PAD                    MSG                 DGROUP
 01BE0H 01BE0H 00001H EPAD                   MSG                 DGROUP
 01BE2H 01BE2H 00000H _BSS                   BSS                 DGROUP
 01BE2H 01BE2H 00000H XOB                    BSS                 DGROUP
 01BE2H 01BE2H 00000H XO                     BSS                 DGROUP
 01BE2H 01BE2H 00000H XOE                    BSS                 DGROUP
 01BF0H 01DF1H 00202H c_common               BSS                 DGROUP
 01E00H 025FFH 00800H STACK                  STACK               DGROUP

 Section# Fname          Faddr  Maddr  Size   Father   Section Name          Type Special Attributes
    1H    PROBE.EXE      00200H 00000H 02600H    0H                             R

 Origin   Group
 013E:0   DGROUP

  Load size: 10K


  Address         Publics by Name                                                            local? Defining Module

 000D:0010       $$MAIN                                                                           Y N/A
 013E:0294       STKHQQ                                                                           Y chkstk.asm
 013E:0802       _edata                                                                           Y N/A
 013E:0A20       _end                                                                             Y N/A
 013E:027B       _environ                                                                         Y dos\crt0dat.asm
 013E:0252       _errno                                                                           Y dos\crt0dat.asm
 000D:01D5       _exit                                                                            Y dos\crt0dat.asm
 000D:087A       _fflush                                                                          Y fflush.c
 000D:08FA       _flushall                                                                        Y fflush.c
 0000:0000       _f_1C62_06A6                                                                     Y SELWTEST.C
 013E:0810       _g_8CCB                                                                          Y SELWORD.C
 000D:0E48       _lseek                                                                           Y dos\lseek.asm
 0000:0034       _main                                                                            Y SELWTEST.C
 000D:1036       _malloc                                                                          Y malloc.asm
 000D:0634       _printf                                                                          Y printf.c
 000D:1022       _stackavail                                                                      Y stackava.asm
 013E:0664       _sys_errlist                                                                     Y syserr.c
 013E:06FC       _sys_nerr                                                                        Y syserr.c
 000D:0EC2       _write                                                                           Y write.asm
 013E:0290       __aaltstkovr                                                                     Y chkstk.asm
 013E:0236       __acfinfo                                                                        Y dos\crt0dat.asm
 0000:9876  Abs  __acrtmsg                                                                        Y dos\crt0msg.asm
 0000:9876  Abs  __acrtused                                                                       Y dos\crt0.asm
 0000:D6D6  Abs  __aDBdoswp                                                                       Y dos\crt0.asm
 013E:028C       __adbgmsg                                                                        Y dos\crt0msg.asm
 013E:021A       __aexit_rtn                                                                      Y dos\crt0.asm
 000D:02C0       __aFchkstk                                                                       Y chkstk.asm
 013E:0244       __aintdiv                                                                        Y dos\crt0dat.asm
 013E:0510       __amblksiz                                                                       Y growseg.asm
 000D:00EB       __amsg_exit                                                                      Y dos\crt0.asm
 013E:0042       __anullsize                                                                      Y chksum.asm
 013E:0232       __aseghi                                                                         Y dos\crt0.asm
 013E:0234       __aseglo                                                                         Y dos\crt0.asm
 013E:021C       __asizds                                                                         Y dos\crt0.asm
 013E:052E       __asizeC                                                                         Y cmiscdat.asm
 013E:052F       __asizeD                                                                         Y cmiscdat.asm
 000D:0010       __astart                                                                         Y dos\crt0.asm
 013E:0218       __atopsp                                                                         Y dos\crt0.asm
 013E:0812       __bufin                                                                          Y _file.c
 000D:01E4       __cexit                                                                          Y dos\crt0dat.asm
 013E:0512       __cfltcvt_tab                                                                    Y cmiscdat.asm
 013E:02AE       __cflush                                                                         Y _cflush.asm
 013E:0284       __child                                                                          Y dos\crt0dat.asm
 000D:02C0       __chkstk                                                                         Y chkstk.asm
 000D:0110       __cinit                                                                          Y dos\crt0dat.asm
 000D:00DB       __cintDIV                                                                        Y dos\crt0.asm
 000D:0258       __ctermsub                                                                       Y dos\crt0dat.asm
 000D:01EE       __c_exit                                                                         Y dos\crt0dat.asm
 000D:010D       __dataseg                                                                        Y dos\crt0.asm
 013E:025D       __doserrno                                                                       Y dos\crt0dat.asm
 000D:05DE       __dosret0                                                                        Y dos\dosret.asm
 000D:05F3       __dosretax                                                                       Y dos\dosret.asm
 000D:05E6       __dosreturn                                                                      Y dos\dosret.asm
 013E:025A       __dosvermajor                                                                    Y dos\crt0dat.asm
 013E:025B       __dosverminor                                                                    Y dos\crt0dat.asm
 013D:0000       __EmDataSeg                                                                      Y dos\crt0dat.asm
 000D:01DC       __exit                                                                           Y dos\crt0dat.asm
 013E:0248       __fac                                                                            Y dos\crt0dat.asm
 000D:103C       __ffree                                                                          Y fmalloc.asm
 000D:0298       __FF_MSGBANNER                                                                   Y dos\crt0msg.asm
 013E:0502       __fheap                                                                          Y fdata.asm
 000D:1292       __findlast                                                                       Y growseg.asm
 000D:0678       __flsbuf                                                                         Y _flsbuf.asm
 000D:104F       __fmalloc                                                                        Y fmalloc.asm
 013E:0710       __fpinit                                                                         Y dos\crt0dat.asm
 000D:02BA       __fptrap                                                                         Y crt0fp.asm
 000D:0831       __ftbuf                                                                          Y _sftbuf.asm
 000D:0764       __getbuf                                                                         Y _getbuf.asm
 000D:11B2       __growseg                                                                        Y growseg.asm
 000D:1241       __incseg                                                                         Y growseg.asm
 000D:10CC       __initseg                                                                        Y initseg.asm
 013E:0287       __intno                                                                          Y dos\crt0dat.asm
 013E:02B0       __iob                                                                            Y _file.c
 013E:03A0       __iob2                                                                           Y _file.c
 013E:0490       __lastiob                                                                        Y _file.c
 000D:1100       __linkseg                                                                        Y linkseg.asm
 000D:0600       __maperror                                                                       Y dos\dosret.asm
 000D:05B8       __myalloc                                                                        Y dos\stdalloc.asm
 000D:12B2       __newseg                                                                         Y newseg.asm
 013E:025F       __nfile                                                                          Y dos\crt0dat.asm
 013E:021E       __nheap_desc                                                                     Y dos\crt0.asm
 000D:0556       __NMSG_TEXT                                                                      Y dos\nmsghdr.asm
 000D:0581       __NMSG_WRITE                                                                     Y dos\nmsghdr.asm
 000D:02E4       __nullcheck                                                                      Y chksum.asm
 013E:025D       __oserr                                                                          Y dos\crt0dat.asm
 013E:0261       __osfile                                                                         Y dos\crt0dat.asm
 013E:025A       __osmajor                                                                        Y dos\crt0dat.asm
 013E:025B       __osminor                                                                        Y dos\crt0dat.asm
 013E:025C       __osmode                                                                         Y dos\crt0dat.asm
 013E:025A       __osversion                                                                      Y dos\crt0dat.asm
 000D:095E       __output                                                                         Y output.asm
 013E:0286       __ovlflag                                                                        Y dos\crt0dat.asm
 013E:0288       __ovlvec                                                                         Y dos\crt0dat.asm
 013E:027F       __pgmptr                                                                         Y dos\crt0dat.asm
 013E:0258       __psp                                                                            Y dos\crt0dat.asm
 013E:0256       __pspadr                                                                         Y dos\crt0dat.asm
 000D:1136       __searchseg                                                                      Y searchsg.asm
 000D:0308       __setargv                                                                        Y dos\stdargv.asm
 000D:04B6       __setenvp                                                                        Y dos\stdenvp.asm
 013E:052C       __sigintoff                                                                      Y cmiscdat.asm
 013E:052A       __sigintseg                                                                      Y cmiscdat.asm
 000D:07B0       __stbuf                                                                          Y _sftbuf.asm
 013E:0254       __umaskval                                                                       Y dos\crt0dat.asm
 013E:0706       ___aDBexit                                                                       Y dos\crt0.asm
 013E:070C       ___aDBptrchk                                                                     Y dos\crt0.asm
 013E:0704       ___aDBrterr                                                                      Y dos\crt0.asm
 013E:0702       ___aDBswpchk                                                                     Y dos\crt0.asm
 013E:0700       ___aDBswpflg                                                                     Y dos\crt0.asm
 013E:0275       ___argc                                                                          Y dos\crt0dat.asm
 013E:0277       ___argv                                                                          Y dos\crt0dat.asm
 013E:06FE       ___qczrinit                                                                      Y dos\crt0dat.asm

  Address         Publics by Value                                                           local? Defining Module

 0000:0000       _f_1C62_06A6                                                                     Y SELWTEST.C
 0000:9876  Abs  __acrtmsg                                                                        Y dos\crt0msg.asm
 0000:9876  Abs  __acrtused                                                                       Y dos\crt0.asm
 0000:D6D6  Abs  __aDBdoswp                                                                       Y dos\crt0.asm
 0000:0034       _main                                                                            Y SELWTEST.C
 000D:0010       $$MAIN                                                                           Y N/A
 000D:0010       __astart                                                                         Y dos\crt0.asm
 000D:00DB       __cintDIV                                                                        Y dos\crt0.asm
 000D:00EB       __amsg_exit                                                                      Y dos\crt0.asm
 000D:010D       __dataseg                                                                        Y dos\crt0.asm
 000D:0110       __cinit                                                                          Y dos\crt0dat.asm
 000D:01D5       _exit                                                                            Y dos\crt0dat.asm
 000D:01DC       __exit                                                                           Y dos\crt0dat.asm
 000D:01E4       __cexit                                                                          Y dos\crt0dat.asm
 000D:01EE       __c_exit                                                                         Y dos\crt0dat.asm
 000D:0258       __ctermsub                                                                       Y dos\crt0dat.asm
 000D:0298       __FF_MSGBANNER                                                                   Y dos\crt0msg.asm
 000D:02BA       __fptrap                                                                         Y crt0fp.asm
 000D:02C0       __aFchkstk                                                                       Y chkstk.asm
 000D:02C0       __chkstk                                                                         Y chkstk.asm
 000D:02E4       __nullcheck                                                                      Y chksum.asm
 000D:0308       __setargv                                                                        Y dos\stdargv.asm
 000D:04B6       __setenvp                                                                        Y dos\stdenvp.asm
 000D:0556       __NMSG_TEXT                                                                      Y dos\nmsghdr.asm
 000D:0581       __NMSG_WRITE                                                                     Y dos\nmsghdr.asm
 000D:05B8       __myalloc                                                                        Y dos\stdalloc.asm
 000D:05DE       __dosret0                                                                        Y dos\dosret.asm
 000D:05E6       __dosreturn                                                                      Y dos\dosret.asm
 000D:05F3       __dosretax                                                                       Y dos\dosret.asm
 000D:0600       __maperror                                                                       Y dos\dosret.asm
 000D:0634       _printf                                                                          Y printf.c
 000D:0678       __flsbuf                                                                         Y _flsbuf.asm
 000D:0764       __getbuf                                                                         Y _getbuf.asm
 000D:07B0       __stbuf                                                                          Y _sftbuf.asm
 000D:0831       __ftbuf                                                                          Y _sftbuf.asm
 000D:087A       _fflush                                                                          Y fflush.c
 000D:08FA       _flushall                                                                        Y fflush.c
 000D:095E       __output                                                                         Y output.asm
 000D:0E48       _lseek                                                                           Y dos\lseek.asm
 000D:0EC2       _write                                                                           Y write.asm
 000D:1022       _stackavail                                                                      Y stackava.asm
 000D:1036       _malloc                                                                          Y malloc.asm
 000D:103C       __ffree                                                                          Y fmalloc.asm
 000D:104F       __fmalloc                                                                        Y fmalloc.asm
 000D:10CC       __initseg                                                                        Y initseg.asm
 000D:1100       __linkseg                                                                        Y linkseg.asm
 000D:1136       __searchseg                                                                      Y searchsg.asm
 000D:11B2       __growseg                                                                        Y growseg.asm
 000D:1241       __incseg                                                                         Y growseg.asm
 000D:1292       __findlast                                                                       Y growseg.asm
 000D:12B2       __newseg                                                                         Y newseg.asm
 013D:0000       __EmDataSeg                                                                      Y dos\crt0dat.asm
 013E:0042       __anullsize                                                                      Y chksum.asm
 013E:0218       __atopsp                                                                         Y dos\crt0.asm
 013E:021A       __aexit_rtn                                                                      Y dos\crt0.asm
 013E:021C       __asizds                                                                         Y dos\crt0.asm
 013E:021E       __nheap_desc                                                                     Y dos\crt0.asm
 013E:0232       __aseghi                                                                         Y dos\crt0.asm
 013E:0234       __aseglo                                                                         Y dos\crt0.asm
 013E:0236       __acfinfo                                                                        Y dos\crt0dat.asm
 013E:0244       __aintdiv                                                                        Y dos\crt0dat.asm
 013E:0248       __fac                                                                            Y dos\crt0dat.asm
 013E:0252       _errno                                                                           Y dos\crt0dat.asm
 013E:0254       __umaskval                                                                       Y dos\crt0dat.asm
 013E:0256       __pspadr                                                                         Y dos\crt0dat.asm
 013E:0258       __psp                                                                            Y dos\crt0dat.asm
 013E:025A       __dosvermajor                                                                    Y dos\crt0dat.asm
 013E:025A       __osmajor                                                                        Y dos\crt0dat.asm
 013E:025A       __osversion                                                                      Y dos\crt0dat.asm
 013E:025B       __dosverminor                                                                    Y dos\crt0dat.asm
 013E:025B       __osminor                                                                        Y dos\crt0dat.asm
 013E:025C       __osmode                                                                         Y dos\crt0dat.asm
 013E:025D       __doserrno                                                                       Y dos\crt0dat.asm
 013E:025D       __oserr                                                                          Y dos\crt0dat.asm
 013E:025F       __nfile                                                                          Y dos\crt0dat.asm
 013E:0261       __osfile                                                                         Y dos\crt0dat.asm
 013E:0275       ___argc                                                                          Y dos\crt0dat.asm
 013E:0277       ___argv                                                                          Y dos\crt0dat.asm
 013E:027B       _environ                                                                         Y dos\crt0dat.asm
 013E:027F       __pgmptr                                                                         Y dos\crt0dat.asm
 013E:0284       __child                                                                          Y dos\crt0dat.asm
 013E:0286       __ovlflag                                                                        Y dos\crt0dat.asm
 013E:0287       __intno                                                                          Y dos\crt0dat.asm
 013E:0288       __ovlvec                                                                         Y dos\crt0dat.asm
 013E:028C       __adbgmsg                                                                        Y dos\crt0msg.asm
 013E:0290       __aaltstkovr                                                                     Y chkstk.asm
 013E:0294       STKHQQ                                                                           Y chkstk.asm
 013E:02AE       __cflush                                                                         Y _cflush.asm
 013E:02B0       __iob                                                                            Y _file.c
 013E:03A0       __iob2                                                                           Y _file.c
 013E:0490       __lastiob                                                                        Y _file.c
 013E:0502       __fheap                                                                          Y fdata.asm
 013E:0510       __amblksiz                                                                       Y growseg.asm
 013E:0512       __cfltcvt_tab                                                                    Y cmiscdat.asm
 013E:052A       __sigintseg                                                                      Y cmiscdat.asm
 013E:052C       __sigintoff                                                                      Y cmiscdat.asm
 013E:052E       __asizeC                                                                         Y cmiscdat.asm
 013E:052F       __asizeD                                                                         Y cmiscdat.asm
 013E:0664       _sys_errlist                                                                     Y syserr.c
 013E:06FC       _sys_nerr                                                                        Y syserr.c
 013E:06FE       ___qczrinit                                                                      Y dos\crt0dat.asm
 013E:0700       ___aDBswpflg                                                                     Y dos\crt0.asm
 013E:0702       ___aDBswpchk                                                                     Y dos\crt0.asm
 013E:0704       ___aDBrterr                                                                      Y dos\crt0.asm
 013E:0706       ___aDBexit                                                                       Y dos\crt0.asm
 013E:070C       ___aDBptrchk                                                                     Y dos\crt0.asm
 013E:0710       __fpinit                                                                         Y dos\crt0dat.asm
 013E:0802       _edata                                                                           Y N/A
 013E:0810       _g_8CCB                                                                          Y SELWORD.C
 013E:0812       __bufin                                                                          Y _file.c
 013E:0A20       _end                                                                             Y N/A
