LOG: Early LOG Init complete
LOG: Win32 EnumDisplayDevices #0: name=\\.\DISPLAY1 string=NVIDIA GeForce RTX 4090
LOG: Win32 EnumDisplayDevices #1: name=\\.\DISPLAY2 string=NVIDIA GeForce RTX 4090
LOG: Win32 EnumDisplayDevices #2: name=\\.\DISPLAY3 string=NVIDIA GeForce RTX 4090
LOG: Win32 EnumDisplayDevices #3: name=\\.\DISPLAY4 string=NVIDIA GeForce RTX 4090
LOG: Win32 EnumDisplayDevices #4: name=\\.\DISPLAY5 string=AMD Radeon(TM) Graphics
LOG: Win32 EnumDisplayDevices #5: name=\\.\DISPLAY6 string=AMD Radeon(TM) Graphics
LOG: Win32 EnumDisplayDevices #6: name=\\.\DISPLAY7 string=AMD Radeon(TM) Graphics
LOG: Win32 EnumDisplayDevices #7: name=\\.\DISPLAY8 string=AMD Radeon(TM) Graphics
LOG: Win32 EnumDisplayDevices #8: name=\\.\DISPLAY9 string=AMD Radeon(TM) Graphics
LOG: DOSBox-X's working directory: D:\Prog\simant_recon\build\workers\dos_mono_8ed8_owner_v35\runtime\rtlink610\LITERAL
LOG: Logging init: beginning logging proper. This is the end of the early init logging
LOG: Logging: No logfile was given. All further logging will be discarded.
LOG: Win32 EnumDisplayDevices #0: name=\\.\DISPLAY1 string=NVIDIA GeForce RTX 4090
LOG: Win32 EnumDisplayDevices #1: name=\\.\DISPLAY2 string=NVIDIA GeForce RTX 4090
LOG: Win32 EnumDisplayDevices #2: name=\\.\DISPLAY3 string=NVIDIA GeForce RTX 4090
LOG: Win32 EnumDisplayDevices #3: name=\\.\DISPLAY4 string=NVIDIA GeForce RTX 4090
LOG: Win32 EnumDisplayDevices #4: name=\\.\DISPLAY5 string=AMD Radeon(TM) Graphics
LOG: Win32 EnumDisplayDevices #5: name=\\.\DISPLAY6 string=AMD Radeon(TM) Graphics
LOG: Win32 EnumDisplayDevices #6: name=\\.\DISPLAY7 string=AMD Radeon(TM) Graphics
LOG: Win32 EnumDisplayDevices #7: name=\\.\DISPLAY8 string=AMD Radeon(TM) Graphics
LOG: Win32 EnumDisplayDevices #8: name=\\.\DISPLAY9 string=AMD Radeon(TM) Graphics
LOG: DOSBox-X version 2022.09.0 (Windows SDL1)
LOG: Windows keyboard layout ID is 0x0405
LOG: Host keyboard layout is now us (US English)
LOG: Mapper keyboard layout is now us (US English)
LOG: Windows DPI/blurry apps scaling detected as it might be a large screen.
Please see the DOSBox-X documentation for more details.
LOG: Configured windowposition: -
LOG: Screen report: Method 'Win98base' (-1.000 x -1.000 pixels) at (0.000 x 0.000) (-1.000 x -1.000 mm) (-0.039 x -0.039 in) (-1.000 x -1.000 DPI)
LOG: ISA BCLK: 8333333.333Hz (25000000/3)
LOG: monopal: green, 
LOG: Active save slot: 1 [Empty]
LOG: USING AVI+ZMBV
LOG: Max 3670016 sz 16384
LOG: Final 16384
LOG: MIDI:Opened device:win32
LOG: One joystick reported, initializing with 4axis
LOG: Using joystick Ovladaè pákového ovl. Microsoft with 0 axes, 32 buttons and 1 hat(s)
LOG: VOODOO LFB now at d0000000
LOG: Serial1: BASE 3f8h
LOG: Serial2: BASE 2f8h
LOG: Parallel1: BASE 378h
LOG: MPU-401 Registering I/O ports as if IBM PC MPU-401 at base 330h
LOG: Screen report: Method 'Win98base' (-1.000 x -1.000 pixels) at (0.000 x 0.000) (-1.000 x -1.000 mm) (-0.039 x -0.039 in) (-1.000 x -1.000 DPI)
LOG: Allocated APM BIOS pm entry point at f000:ce40
LOG: Writing code to fce40
LOG: Writing code to fce60
LOG: Screen report: Method 'Win98base' (-1.000 x -1.000 pixels) at (0.000 x 0.000) (-1.000 x -1.000 mm) (-0.039 x -0.039 in) (-1.000 x -1.000 DPI)
LOG: Windows: IID_ITaskbarList3 is available
LOG: ISA Plug & Play BIOS enabled
LOG: VGA ROM BIOS init callback
LOG: WARNING: No translation support (to host) for code page 0
LOG: pixratio 1.350, dw false, dh false
LOG: Aspect ratio: 720 x 540  xToY=1.333 yToX=0.750
LOG: surface consider=720x400 final=720x400
LOG: Screen report: Method 'Win98base' (-1.000 x -1.000 pixels) at (0.000 x 0.000) (-1.000 x -1.000 mm) (-0.039 x -0.039 in) (-1.000 x -1.000 DPI)
LOG: WARNING: ITaskbarList3::SetThumbnailClip() failed
LOG: DOS keyboard layout loaded with main language code CZ for layout cz243
LOG: XMS: 50 handles allocated for use by the DOS environment
LOG: COMMAND.COM env size:             720 bytes
LOG: COMMAND.COM environment block:    0x0701 sz=0x002d
LOG: COMMAND.COM main body (PSP):      0x072f sz=0x009a
LOG: COMMAND.COM stack:                0x0749
LOG: SHELL:Redirect input from NUL
LOG: SHELL:Redirect output to LINK.LOG
LOG:     648489 ERROR BIOS:INT15:Unknown call ax=BFDE
LOG:     660238 ERROR BIOS:INT15:Unknown call ax=BF01
LOG: SHELL:Redirect output to OBS.BIN
LOG: SHELL:Redirect output to RUN.LOG
