.RTLink(R)/Plus  w/ Virtual Memory Linking, Overlays, CodeView, Turbo Debugger,
Version 6.10        Demo Versions, .RTLs, Profiling, & Environment Var. Burn-in
DOS 386-Mode    (C) Copyright Pocket Soft Inc., 1988-1993. All Rights Reserved.
with data swapping  Serial Number: 836-103-6260

Pocket Soft, Inc. is an Authorized Licensee of Microsoft(R) CodeView(R)
Information. "Microsoft" and "CodeView" are registered trademarks of
Microsoft Corporation.

=> OUTPUT LOCAL
=> MAP = LOCAL S,N,A,L
=> NODEFLIB
=> LIBRARY LLIBCR, LIBH
=> FILE OWNER
=> FILE CRT
=> FILE CHECK
=> 

____________________________________________________________________________

MEMORY LAYOUT SUMMARY for: LOCAL.EXE

  Load Size:						40.K	+39H Para

NOTE: Your program may have additional memory requirements depending on the
  memory usage characteristics of your compiler. See your compiler
  documentation for specifics.
____________________________________________________________________________

