f_171C_0CF4  root:171C:0CF4  linear 17EB4  size 490  extent DESCENT  region game_or_library
  entry evidence: push_cs_call
  module frame 171C: function 18/61; neighbours: f_171C_0ADC, f_171C_0BE2, f_171C_0EDE, f_171C_0EEA
  frame: {'frame': 'bp', 'locals': 38, 'stack_check': False}
  best draft: build/search/f_171C_0CF4/best.c  MISMATCH ratio 1.0
  0CF4  push bp
  0CF5  mov bp, sp
  0CF7  sub sp, 0x26
  0CFA  push di
  0CFB  push si
  0CFC  sub ax, ax
  0CFE  mov word ptr [bp - 0x16], ax
  0D01  mov ax, word ptr [0x91a4]          DS:91A4 g_91A4
  0D04  mov dx, word ptr [0x91a6]          DS:91A6
  0D08  mov di, ax
  0D0A  mov word ptr [bp - 0x12], dx
  0D0D  cmp word ptr [bp + 6], 0
  0D11  je 0xd1e
  0D13  mov es, word ptr [0x89ac]          DS:89AC
  0D17  mov ax, word ptr es:[0x3950]
  0D1B  jmp 0xd21
  0D1D  nop
  0D1E  mov ax, word ptr [0x8c70]          DS:8C70
  0D21  mov word ptr [bp - 0x10], ax
  0D24  jmp 0xec7
  0D27  nop
  0D28  mov es, ax
  0D2A  cmp byte ptr es:[di + 8], 0x80
  0D2F  je 0xd34
  0D31  jmp 0xeb6
  0D34  mov ax, word ptr es:[di + 6]
  0D38  add ax, word ptr [bp - 0x1a]
  0D3B  sub cx, cx
  0D3D  mov si, cx
  0D3F  mov word ptr [bp - 0xc], ax
  0D42  cmp ax, word ptr [bp - 0x10]
  0D45  jae 0xd74
  0D47  mov es, ax
  0D49  mov cl, byte ptr es:[si + 8]
  0D4D  sub ch, ch
  0D4F  cmp byte ptr es:[si + 9], ch
  0D53  jne 0xd74
  0D55  cmp cx, 1
  0D58  je 0xd5f
  0D5A  cmp cx, 3
  0D5D  jne 0xd74
  0D5F  test byte ptr es:[si + 0x12], 0x10
  0D64  jne 0xd74
  0D66  push word ptr [bp - 0x12]
  0D69  push di
  0D6A  push cs
  0D6B  call 0xadc                         -> f_171C_0ADC
  0D6E  add sp, 4
  0D71  jmp 0xeb6
  0D74  mov ax, word ptr [bp - 0x10]
  0D77  cmp word ptr [bp - 0xc], ax
  0D7A  jb 0xd7f
  0D7C  jmp 0xeb6
  0D7F  mov es, word ptr [bp - 0xc]
  0D82  mov cl, byte ptr es:[si + 8]
  0D86  sub ch, ch
  0D88  cmp byte ptr es:[si + 9], ch
  0D8C  jne 0xda5
  0D8E  cmp cx, 1
  0D91  je 0xd98
  0D93  cmp cx, 3
  0D96  jne 0xda5
  0D98  mov ax, word ptr es:[si + 6]
  0D9C  mov es, word ptr [bp - 0x12]
  0D9F  cmp word ptr es:[di + 6], ax
  0DA3  jae 0xdba
  0DA5  mov es, word ptr [bp - 0xc]
  0DA8  mov ax, word ptr es:[si + 6]
  0DAC  mov dx, es
  0DAE  add ax, dx
  0DB0  sub cx, cx
  0DB2  mov si, cx
  0DB4  mov word ptr [bp - 0xc], ax
  0DB7  jmp 0xd74
  0DB9  nop
  0DBA  mov es, word ptr [bp - 0xc]
  0DBD  mov ax, word ptr es:[si + 6]
  0DC1  mov word ptr [bp - 0xa], ax
  0DC4  mov dx, word ptr es:[si + 2]
  0DC8  mov bx, word ptr es:[si + 4]
  0DCC  mov word ptr [bp - 8], dx
  0DCF  mov word ptr [bp - 6], bx
  0DD2  push cx
  0DD3  push ax
  0DD4  push word ptr [bp - 0x12]
  0DD7  push di
  0DD8  mov word ptr [bp - 0x1e], si
  0DDB  mov word ptr [bp - 0x1c], es
  0DDE  push cs
  0DDF  call 0x68c                         -> f_171C_068C
  0DE2  add sp, 8
  0DE5  mov ax, 0xd
  0DE8  push ax
  0DE9  mov ax, word ptr [bp - 0x1e]
  0DEC  mov dx, word ptr [bp - 0x1c]
  0DEF  add ax, 0x13
  0DF2  push dx
  0DF3  push ax
  0DF4  mov ax, di
  0DF6  mov dx, word ptr [bp - 0x12]
  0DF9  mov bx, dx
  0DFB  add ax, 0x13
  0DFE  push dx
  0DFF  push ax
  0E00  mov si, di
  0E02  mov word ptr [bp - 0x22], si
  0E05  mov word ptr [bp - 0x20], bx
  0E08  lcall 0x29f4, 0x281a               -> __fmemcpy
  0E0D  add sp, 0xa
  0E10  mov ax, word ptr [bp - 8]
  0E13  mov dx, word ptr [bp - 6]
  0E16  les bx, ptr [bp - 0x22]
  0E19  mov word ptr es:[bx + 2], ax
  0E1D  mov word ptr es:[bx + 4], dx
  0E21  mov ax, word ptr [bp - 0xa]
  0E24  dec ax
  0E25  dec ax
  0E26  push ax
  0E27  mov ax, word ptr [bp - 0x1e]
  0E2A  mov dx, word ptr [bp - 0x1c]
  0E2D  add ax, 0
  0E30  adc dx, 2
  0E33  push dx
  0E34  push ax
  0E35  mov ax, es
  0E37  add bx, 0
  0E3A  adc ax, 2
  0E3D  push ax
  0E3E  push bx
  0E3F  mov si, ax
  0E41  mov word ptr [bp - 0x26], bx
  0E44  mov word ptr [bp - 0x24], si
  0E47  lcall 0x194d, 6                    -> f_194D_0006
  0E4C  add sp, 0xa
  0E4F  les bx, ptr [bp - 0x1e]
  0E52  mov ax, word ptr es:[bx]
  0E55  les si, ptr [bp - 0x22]
  0E58  mov word ptr es:[si], ax
  0E5B  les bx, ptr [bp - 0x1e]
  0E5E  mov ax, word ptr es:[bx + 0xa]
  0E62  mov dx, word ptr es:[bx + 0xc]
  0E66  les si, ptr [bp - 0x22]
  0E69  mov word ptr es:[si + 0xa], ax
  0E6D  mov word ptr es:[si + 0xc], dx
  0E71  les bx, ptr [bp - 0x1e]
  0E74  mov al, byte ptr es:[bx + 0x12]
  0E78  les si, ptr [bp - 0x22]
  0E7B  mov byte ptr es:[si + 0x12], al
  0E7F  lcall 0x29f4, 0x2d76               -> __disable
  0E84  mov ax, word ptr [bp - 0x26]
  0E87  mov dx, word ptr [bp - 0x24]
  0E8A  les bx, ptr [bp - 0x22]
  0E8D  mov bx, word ptr es:[bx]
  0E90  les si, ptr [0x2f46]               DS:2F46
  0E94  mov word ptr es:[bx + si], ax
  0E97  mov word ptr es:[bx + si + 2], dx
  0E9B  lcall 0x29f4, 0x2d78               -> __enable
  0EA0  mov ax, 1
  0EA3  push ax
  0EA4  push word ptr [bp - 0x1c]
  0EA7  push word ptr [bp - 0x1e]
  0EAA  push cs
  0EAB  call 0x160                         -> f_171C_0160
  0EAE  add sp, 6
  0EB1  mov word ptr [bp - 0x16], 1
  0EB6  mov es, word ptr [bp - 0x12]
  0EB9  mov ax, word ptr es:[di + 6]
  0EBD  add ax, word ptr [bp - 0x1a]
  0EC0  sub cx, cx
  0EC2  mov di, cx
  0EC4  mov word ptr [bp - 0x12], ax
  0EC7  mov ax, word ptr [bp - 0x12]
  0ECA  mov word ptr [bp - 0x1a], ax
  0ECD  cmp ax, word ptr [bp - 0x10]
  0ED0  jae 0xed5
  0ED2  jmp 0xd28
  0ED5  mov ax, word ptr [bp - 0x16]
  0ED8  pop si
  0ED9  pop di
  0EDA  mov sp, bp
  0EDC  pop bp
  0EDD  retf
