  f_171C_068C: EXACT (reloc order EXACT)
  f_171C_1246: EXACT (reloc order EXACT)
  f_171C_13CA: EXACT (reloc order EXACT)
  f_171C_13E4: EXACT (reloc order GROUPED)
  f_171C_1FC2: EXACT (reloc order EXACT)
  f_171C_2136: EXACT (reloc order EXACT)
  f_171C_21CC: EXACT (reloc order EXACT)
  f_171C_001E: EXACT (reloc order EXACT)
  f_171C_0020: EXACT (reloc order EXACT)
  f_171C_0034: EXACT (reloc order GROUPED)
  f_171C_00FA: EXACT (reloc order EXACT)
  f_171C_02CA: EXACT (reloc order GROUPED)
  f_171C_0674: EXACT (reloc order EXACT)
  f_171C_0676: EXACT (reloc order EXACT)
  f_171C_0678: EXACT (reloc order EXACT)
  f_171C_0EDE: EXACT (reloc order EXACT)
  f_171C_125C: EXACT (reloc order WITHIN_GROUP_PENDING)
  f_171C_14BE: EXACT (reloc order EXACT)
  f_171C_152C: EXACT (reloc order EXACT)
  f_171C_1686: EXACT (reloc order EXACT)
  f_171C_16EA: EXACT (reloc order EXACT)
  f_171C_1750: EXACT (reloc order EXACT)
  f_171C_1772: EXACT (reloc order EXACT)
  f_171C_1794: EXACT (reloc order EXACT)
  f_171C_1A9E: EXACT (reloc order EXACT)
  f_171C_1AD4: EXACT (reloc order EXACT)
  f_171C_1B2C: EXACT (reloc order EXACT)
  f_171C_1B84: EXACT (reloc order EXACT)
  f_171C_1BBA: EXACT (reloc order EXACT)
  f_171C_1C0A: EXACT (reloc order EXACT)
  f_171C_1C1C: EXACT (reloc order EXACT)
  f_171C_1C82: EXACT (reloc order EXACT)
  f_171C_1CD6: EXACT (reloc order EXACT)
  f_171C_1E86: EXACT (reloc order EXACT)
  f_171C_1E9A: EXACT (reloc order EXACT)
  f_171C_1EFA: EXACT (reloc order EXACT)
  f_171C_1F52: EXACT (reloc order EXACT)
  f_171C_20E2: EXACT (reloc order EXACT)
  f_171C_2190: EXACT (reloc order EXACT)
  malloc: EXACT (reloc order EXACT)
  _ffree: EXACT (reloc order EXACT)
  free: EXACT (reloc order EXACT)
  _frealloc: EXACT (reloc order EXACT)
  f_171C_2302: EXACT (reloc order EXACT)
  f_171C_1804: EXACT (reloc order EXACT)
  f_171C_18A6: EXACT (reloc order EXACT)
  f_171C_07BE: EXACT (reloc order GROUPED)
  f_171C_2086: EXACT (reloc order EXACT)
  f_171C_030C: EXACT (reloc order GROUPED)
  f_171C_0BE2: EXACT (reloc order EXACT)
  f_171C_11F2: EXACT (reloc order EXACT)
  f_171C_0002: EXACT (reloc order EXACT)
  f_171C_1D40: EXACT (reloc order WITHIN_GROUP_PENDING)
  f_171C_0A5C: EXACT (reloc order WITHIN_GROUP_PENDING)
  f_171C_0EEA: EXACT (reloc order GROUPED)
  f_171C_15A2: EXACT (reloc order WITHIN_GROUP_PENDING)
  f_171C_0160: EXACT (reloc order EXACT)
  f_171C_0CF4: FAIL bytes differ (first at +0xc, 6 differing)
  data _DATA: EXACT (1726 bytes, relocation order EXACT)
  data CONST: EXACT (14 bytes, relocation order GROUPED)
  data _BSS: EXACT (18 bytes, relocation order None)
REFUSED: not every claim is exact (existing claims must not regress)
exit 1
