whole-build harness (prototype)  verdict PASS  (35s, timing {'modules_s': 31.0, 'runtime_s': 1.7})
original aa0596c6766322a8229ee3c36e57048c92adc82d50fbe2ef37afb8b85fcf4f11
hybrid   aa0596c6766322a8229ee3c36e57048c92adc82d50fbe2ef37afb8b85fcf4f11  equal=True

(a) exact contributions (own objects at accepted addresses):
    ASM              50,441
    C               235,242
    DATA            113,884
    DATA_IN_CODE      1,481
    RUNTIME          12,339
    RUNTIME_DATA      2,021
    total           415,408  in 1932 contributions
    of which runtime fixup fields bound via placements derived from original operands: 290 fields / 580 bytes
    fixup closure: {'self_placed': 7219, 'self_own': 1239, 'data_target_own': 4055, 'code_via_original_vector_table': 261, 'code_target_own': 6583, 'data_target_registry_only': 4219, 'code_target_registry_only': 147, 'self_group': 41}

generated (rule output, not reconstruction): LINK_FILL code 293, data 78; FAR_BSS 19,408; FORMAT_FILL 221

relocation tables (entries own / total; order status of own entries):
    root   3330/3683  DIFF_partial_frame=70 EXACT=37 EXACT_partial_frame=24 GROUPED=2509 GROUPED_partial_frame=690
    S00      62/62    DIFF=4 EXACT=1 GROUPED=57
    S01      45/45    GROUPED=45
    S02      40/40    GROUPED=40
    S03      39/39    EXACT=1 GROUPED=38
    S04      95/96    GROUPED_partial_frame=95
    S05      92/92    GROUPED=92
    S06     119/119   DIFF=18 GROUPED=101
    S07      30/30    GROUPED=30
    S08     113/113   DIFF=32 GROUPED=81
    S09     175/175   GROUPED=175
    S10      20/62    GROUPED_partial_frame=20
    S11      31/31    GROUPED=31
    S12     137/143   GROUPED_partial_frame=137
    S13     116/126   GROUPED_partial_frame=116
    S14     162/180   GROUPED_partial_frame=162
    S15      46/63    DIFF_partial_frame=7 GROUPED_partial_frame=39
    S16      78/78    GROUPED=78
    S17       8/12    GROUPED_partial_frame=8
    S18      71/71    GROUPED=71
    S19      59/59    GROUPED=59
    S20      84/84    GROUPED=84
    S21       1/1     EXACT=1
    S22     371/371   GROUPED=371
    S23      47/111   GROUPED_partial_frame=47
    S24      23/32    GROUPED_partial_frame=23
    S25     294/307   DIFF_partial_frame=26 GROUPED=149 GROUPED_partial_frame=119
    S26      79/79    GROUPED=79
    S27    2770/2771  DIFF=24 DIFF_partial_frame=2 EXACT=1 GROUPED=1956 GROUPED_partial_frame=787
    total 8537/9075; frame_from_layout=2443, frame_own=6094, order_DIFF=78, order_DIFF_partial_frame=105, order_EXACT=41, order_EXACT_partial_frame=24, order_GROUPED=6046, order_GROUPED_partial_frame=2243
    frame units: 118; DIFF=4, DIFF_partial_frame=6, EXACT=15, EXACT_partial_frame=2, GROUPED=74, GROUPED_partial_frame=17; multi-object frames 5
    DGROUP layout frames (from the original): {'S27/_DATA': ['55B7'], 'S27/DBDATA': ['5D8E'], 'S27/XP': ['5D90'], 'S27/CONST': ['5D90']}
    reloc table bytes: {'RELOC_OWN': 164, 'RELOC_OWN_ORDER_ORACLE': 33984}

debt (taken from the original in the hybrid, never reconstruction): 36,953 bytes
    debt:common_tail                        256
    debt:dgroup_data                        114
    debt:far_data                            12
    debt:game_code                        8,839
    debt:mz_header                           30
    debt:overlay_code                     8,533
    debt:reloc_entry.dgroup_data              4
    debt:reloc_entry.game_code              596
    debt:reloc_entry.overlay_code           736
    debt:reloc_entry.rtlink_manager         160
    debt:reloc_entry.rtlink_section_table      112
    debt:reloc_entry.rtlink_vectors         544
    debt:rtlink_manager                  15,131
    debt:rtlink_section_table               510
    debt:rtlink_vectors                   1,360
    debt:text_prefix16                       16

vectors: {'count': 136, 'target_is_own_code_start': 131}

reconciliation with validate.py (docs/progress.json):
    exact_c_bytes                      validate   235242  harness   235242  ok
    exact_asm_bytes                    validate    50441  harness    50441  ok
    exact_code_segment_data_bytes      validate     1481  harness     1481  ok
    historical_runtime_bytes_accepted  validate    12339  harness    12339  ok
    data_bytes_accepted                validate   113884  harness   113884  ok
    historical_runtime_data_bytes_accepted validate     2021  harness     2021  ok
    data_link_fill_bytes               validate       78  harness       78  ok
    far_bss_zero_fill_bytes            validate    19408  harness    19408  ok
    unresolved_code_bytes              validate    17634  harness    17634  ok
    rtlink_manager_bytes_unaccepted    validate    17001  harness    17001  ok
    unresolved_data_bytes              validate      129  harness      129  ok
notes common_segments: 3 e.g. ['crt0fp.asm PAD @5E6CA (overlaid, placed once)', 'chksum.asm PAD @5E6CA (overlaid, placed once)', 'dos\\nmsghdr.asm PAD @5E6CA (overlaid, placed once)']

