
 Start  Stop   Length Name                   Class               Group
 00000H 0000EH 0000FH RUNTIME__TEXT          CODE
 00010H 00048H 00039H CHECK_TEXT             CODE
 0004AH 008E7H 0089EH _TEXT                  CODE
 008F0H 008F1H 00002H EMULATOR_TEXT          CODE
 008F2H 008F2H 00000H C_ETEXT                ENDCODE
 00900H 00900H 00000H EMULATOR_DATA          FAR_DATA
 00900H 00951H 00052H NULL                   BEGDATA             DGROUP
 00952H 098D8H 08F87H PREFIX                 DATA                DGROUP
 098E0H 09A77H 00198H _DATA                  DATA                DGROUP
 09A78H 09A79H 00002H XIQC                   DATA                DGROUP
 09A7AH 09A87H 0000EH DBDATA                 DATA                DGROUP
 09A88H 09A95H 0000EH CDATA                  DATA                DGROUP
 09A96H 09A96H 00000H XIFB                   DATA                DGROUP
 09A96H 09A96H 00000H XIF                    DATA                DGROUP
 09A96H 09A96H 00000H XIFE                   DATA                DGROUP
 09A96H 09A96H 00000H XIB                    DATA                DGROUP
 09A96H 09A96H 00000H XI                     DATA                DGROUP
 09A96H 09A96H 00000H XIE                    DATA                DGROUP
 09A96H 09A96H 00000H XPB                    DATA                DGROUP
 09A96H 09A96H 00000H XP                     DATA                DGROUP
 09A96H 09A96H 00000H XPE                    DATA                DGROUP
 09A96H 09A96H 00000H XCB                    DATA                DGROUP
 09A96H 09A96H 00000H XC                     DATA                DGROUP
 09A96H 09A96H 00000H XCE                    DATA                DGROUP
 09A96H 09A96H 00000H XCFB                   DATA                DGROUP
 09A96H 09A96H 00000H XCF                    DATA                DGROUP
 09A96H 09A96H 00000H XCFE                   DATA                DGROUP
 09A96H 09A96H 00000H CONST                  CONST               DGROUP
 09A96H 09A9DH 00008H HDR                    MSG                 DGROUP
 09A9EH 09B73H 000D6H MSG                    MSG                 DGROUP
 09B74H 09B75H 00002H PAD                    MSG                 DGROUP
 09B76H 09B76H 00001H EPAD                   MSG                 DGROUP
 09B78H 09B78H 00000H _BSS                   BSS                 DGROUP
 09B78H 09B78H 00000H XOB                    BSS                 DGROUP
 09B78H 09B78H 00000H XO                     BSS                 DGROUP
 09B78H 09B78H 00000H XOE                    BSS                 DGROUP
 09B80H 0A37FH 00800H STACK                  STACK               DGROUP

 Section# Fname          Faddr  Maddr  Size   Father   Section Name
    1H    LOCAL.EXE      00200H 00000H 0A380H    0H

 Origin   Group
 0090:0   DGROUP

  Address         Publics by Name

 0004:001A       $$MAIN
 0090:0100       FrameMarker
 0090:8FD8       LiteralMarker
 0090:9162       STKHQQ
 0090:9278       _edata
 0090:9280       _end
 0090:9149       _environ
 0090:9120       _errno
 0004:01DF       _exit
 0001:0000       _FrameProbe
 0090:8FE4       _g_8EC0
 0090:8FE0       _g_8ED8
 0000:0000       _main
 0004:05E8       _malloc
 0090:915E       __aaltstkovr
 0090:9104       __acfinfo
 0000:9876  Abs  __acrtmsg
 0000:9876  Abs  __acrtused
 0000:D6D6  Abs  __aDBdoswp
 0090:915A       __adbgmsg
 0090:90E8       __aexit_rtn
 0004:02CA       __aFchkstk
 0090:9112       __aintdiv
 0090:9176       __amblksiz
 0004:00F5       __amsg_exit
 0090:0052       __anullsize
 0090:9100       __aseghi
 0090:9102       __aseglo
 0090:90EA       __asizds
 0004:001A       __astart
 0090:90E6       __atopsp
 0004:01EE       __cexit
 0090:9152       __child
 0004:02CA       __chkstk
 0004:011A       __cinit
 0004:00E5       __cintDIV
 0004:0262       __ctermsub
 0004:01F8       __c_exit
 0004:0117       __dataseg
 0090:912B       __doserrno
 0090:9128       __dosvermajor
 0090:9129       __dosverminor
 008F:0000       __EmDataSeg
 0004:01E6       __exit
 0090:9116       __fac
 0004:05EE       __ffree
 0004:02A2       __FF_MSGBANNER
 0090:9168       __fheap
 0004:0844       __findlast
 0004:0601       __fmalloc
 0090:918A       __fpinit
 0004:02C4       __fptrap
 0004:0764       __growseg
 0004:07F3       __incseg
 0004:067E       __initseg
 0090:9155       __intno
 0004:06B2       __linkseg
 0004:05C2       __myalloc
 0004:0864       __newseg
 0090:912D       __nfile
 0090:90EC       __nheap_desc
 0004:0560       __NMSG_TEXT
 0004:058B       __NMSG_WRITE
 0004:02EE       __nullcheck
 0090:912B       __oserr
 0090:912F       __osfile
 0090:9128       __osmajor
 0090:9129       __osminor
 0090:912A       __osmode
 0090:9128       __osversion
 0090:9154       __ovlflag
 0090:9156       __ovlvec
 0090:914D       __pgmptr
 0090:9126       __psp
 0090:9124       __pspadr
 0004:06E8       __searchseg
 0004:0312       __setargv
 0004:04C0       __setenvp
 0090:9122       __umaskval
 0090:9180       ___aDBexit
 0090:9186       ___aDBptrchk
 0090:917E       ___aDBrterr
 0090:917C       ___aDBswpchk
 0090:917A       ___aDBswpflg
 0090:9143       ___argc
 0090:9145       ___argv
 0090:9178       ___qczrinit

  Address         Publics by Value

 0000:0000       _main
 0000:9876  Abs  __acrtmsg
 0000:9876  Abs  __acrtused
 0000:D6D6  Abs  __aDBdoswp
 0001:0000       _FrameProbe
 0004:001A       $$MAIN
 0004:001A       __astart
 0004:00E5       __cintDIV
 0004:00F5       __amsg_exit
 0004:0117       __dataseg
 0004:011A       __cinit
 0004:01DF       _exit
 0004:01E6       __exit
 0004:01EE       __cexit
 0004:01F8       __c_exit
 0004:0262       __ctermsub
 0004:02A2       __FF_MSGBANNER
 0004:02C4       __fptrap
 0004:02CA       __aFchkstk
 0004:02CA       __chkstk
 0004:02EE       __nullcheck
 0004:0312       __setargv
 0004:04C0       __setenvp
 0004:0560       __NMSG_TEXT
 0004:058B       __NMSG_WRITE
 0004:05C2       __myalloc
 0004:05E8       _malloc
 0004:05EE       __ffree
 0004:0601       __fmalloc
 0004:067E       __initseg
 0004:06B2       __linkseg
 0004:06E8       __searchseg
 0004:0764       __growseg
 0004:07F3       __incseg
 0004:0844       __findlast
 0004:0864       __newseg
 008F:0000       __EmDataSeg
 0090:0052       __anullsize
 0090:0100       FrameMarker
 0090:8FD8       LiteralMarker
 0090:8FE0       _g_8ED8
 0090:8FE4       _g_8EC0
 0090:90E6       __atopsp
 0090:90E8       __aexit_rtn
 0090:90EA       __asizds
 0090:90EC       __nheap_desc
 0090:9100       __aseghi
 0090:9102       __aseglo
 0090:9104       __acfinfo
 0090:9112       __aintdiv
 0090:9116       __fac
 0090:9120       _errno
 0090:9122       __umaskval
 0090:9124       __pspadr
 0090:9126       __psp
 0090:9128       __dosvermajor
 0090:9128       __osmajor
 0090:9128       __osversion
 0090:9129       __dosverminor
 0090:9129       __osminor
 0090:912A       __osmode
 0090:912B       __doserrno
 0090:912B       __oserr
 0090:912D       __nfile
 0090:912F       __osfile
 0090:9143       ___argc
 0090:9145       ___argv
 0090:9149       _environ
 0090:914D       __pgmptr
 0090:9152       __child
 0090:9154       __ovlflag
 0090:9155       __intno
 0090:9156       __ovlvec
 0090:915A       __adbgmsg
 0090:915E       __aaltstkovr
 0090:9162       STKHQQ
 0090:9168       __fheap
 0090:9176       __amblksiz
 0090:9178       ___qczrinit
 0090:917A       ___aDBswpflg
 0090:917C       ___aDBswpchk
 0090:917E       ___aDBrterr
 0090:9180       ___aDBexit
 0090:9186       ___aDBptrchk
 0090:918A       __fpinit
 0090:9278       _edata
 0090:9280       _end
