
 Start  Stop   Length Name                   Class               Group
 00000H 0000BH 0000CH REFCOM_TEXT            CODE
 0000CH 00885H 0087AH _TEXT                  CODE
 00890H 00891H 00002H EMULATOR_TEXT          CODE
 00892H 00892H 00000H C_ETEXT                ENDCODE
 008A0H 008A0H 00000H EMULATOR_DATA          FAR_DATA
 008A0H 008E1H 00042H NULL                   BEGDATA             DGROUP
 008E2H 0096DH 0008CH _DATA                  DATA                DGROUP
 0096EH 0096FH 00002H XIQC                   DATA                DGROUP
 00970H 0097DH 0000EH DBDATA                 DATA                DGROUP
 0097EH 0098BH 0000EH CDATA                  DATA                DGROUP
 0098CH 0098CH 00000H XIFB                   DATA                DGROUP
 0098CH 0098CH 00000H XIF                    DATA                DGROUP
 0098CH 0098CH 00000H XIFE                   DATA                DGROUP
 0098CH 0098CH 00000H XIB                    DATA                DGROUP
 0098CH 0098CH 00000H XI                     DATA                DGROUP
 0098CH 0098CH 00000H XIE                    DATA                DGROUP
 0098CH 0098CH 00000H XPB                    DATA                DGROUP
 0098CH 0098CH 00000H XP                     DATA                DGROUP
 0098CH 0098CH 00000H XPE                    DATA                DGROUP
 0098CH 0098CH 00000H XCB                    DATA                DGROUP
 0098CH 0098CH 00000H XC                     DATA                DGROUP
 0098CH 0098CH 00000H XCE                    DATA                DGROUP
 0098CH 0098CH 00000H XCFB                   DATA                DGROUP
 0098CH 0098CH 00000H XCF                    DATA                DGROUP
 0098CH 0098CH 00000H XCFE                   DATA                DGROUP
 0098CH 0098DH 00002H CONST                  CONST               DGROUP
 0098EH 00995H 00008H HDR                    MSG                 DGROUP
 00996H 00A6BH 000D6H MSG                    MSG                 DGROUP
 00A6CH 00A6DH 00002H PAD                    MSG                 DGROUP
 00A6EH 00A6EH 00001H EPAD                   MSG                 DGROUP
 00A70H 00A70H 00000H _BSS                   BSS                 DGROUP
 00A70H 00A70H 00000H XOB                    BSS                 DGROUP
 00A70H 00A70H 00000H XO                     BSS                 DGROUP
 00A70H 00A70H 00000H XOE                    BSS                 DGROUP
 00A70H 0126FH 00800H STACK                  STACK               DGROUP

 Section# Fname          Faddr  Maddr  Size   Father   Section Name          Type Special Attributes
    1H    TEST.EXE       00200H 00000H 01270H    0H                             R

 Origin   Group
 008A:0   DGROUP

  Load size: 5K


  Address         Publics by Name                                                            local? Defining Module

 0000:001C       $$MAIN                                                                           Y N/A
 008A:01D0       _edata                                                                           Y N/A
 008A:01D0       _end                                                                             Y N/A
 008A:00A5       _environ                                                                         Y dos\crt0dat.asm
 008A:007C       _errno                                                                           Y dos\crt0dat.asm
 0000:01E1       _exit                                                                            Y dos\crt0dat.asm
 0000:0000       _main                                                                            Y REFCOM.C
 0000:05C6       _malloc                                                                          Y malloc.asm
 0000:0000  U    _probe_common_only                                                               Y N/A
 008A:0060       __acfinfo                                                                        Y dos\crt0dat.asm
 0000:9876  Abs  __acrtmsg                                                                        Y dos\crt0msg.asm
 0000:9876  Abs  __acrtused                                                                       Y dos\crt0.asm
 0000:D6D6  Abs  __aDBdoswp                                                                       Y dos\crt0.asm
 008A:00B6       __adbgmsg                                                                        Y dos\crt0msg.asm
 008A:0044       __aexit_rtn                                                                      Y dos\crt0.asm
 008A:006E       __aintdiv                                                                        Y dos\crt0dat.asm
 008A:00CC       __amblksiz                                                                       Y growseg.asm
 0000:00F7       __amsg_exit                                                                      Y dos\crt0.asm
 008A:0042       __anullsize                                                                      Y chksum.asm
 008A:005C       __aseghi                                                                         Y dos\crt0.asm
 008A:005E       __aseglo                                                                         Y dos\crt0.asm
 008A:0046       __asizds                                                                         Y dos\crt0.asm
 0000:001C       __astart                                                                         Y dos\crt0.asm
 008A:0042       __atopsp                                                                         Y dos\crt0.asm
 0000:01F0       __cexit                                                                          Y dos\crt0dat.asm
 008A:00AE       __child                                                                          Y dos\crt0dat.asm
 0000:011C       __cinit                                                                          Y dos\crt0dat.asm
 0000:00E7       __cintDIV                                                                        Y dos\crt0.asm
 0000:0264       __ctermsub                                                                       Y dos\crt0dat.asm
 0000:01FA       __c_exit                                                                         Y dos\crt0dat.asm
 0000:0119       __dataseg                                                                        Y dos\crt0.asm
 008A:0087       __doserrno                                                                       Y dos\crt0dat.asm
 008A:0084       __dosvermajor                                                                    Y dos\crt0dat.asm
 008A:0085       __dosverminor                                                                    Y dos\crt0dat.asm
 0089:0000       __EmDataSeg                                                                      Y dos\crt0dat.asm
 0000:01E8       __exit                                                                           Y dos\crt0dat.asm
 008A:0072       __fac                                                                            Y dos\crt0dat.asm
 0000:05CC       __ffree                                                                          Y fmalloc.asm
 0000:02A4       __FF_MSGBANNER                                                                   Y dos\crt0msg.asm
 008A:00BE       __fheap                                                                          Y fdata.asm
 0000:0822       __findlast                                                                       Y growseg.asm
 0000:05DF       __fmalloc                                                                        Y fmalloc.asm
 008A:00E0       __fpinit                                                                         Y dos\crt0dat.asm
 0000:02C6       __fptrap                                                                         Y crt0fp.asm
 0000:0742       __growseg                                                                        Y growseg.asm
 0000:07D1       __incseg                                                                         Y growseg.asm
 0000:065C       __initseg                                                                        Y initseg.asm
 008A:00B1       __intno                                                                          Y dos\crt0dat.asm
 0000:0690       __linkseg                                                                        Y linkseg.asm
 0000:05A0       __myalloc                                                                        Y dos\stdalloc.asm
 0000:0842       __newseg                                                                         Y newseg.asm
 008A:0089       __nfile                                                                          Y dos\crt0dat.asm
 008A:0048       __nheap_desc                                                                     Y dos\crt0.asm
 0000:053E       __NMSG_TEXT                                                                      Y dos\nmsghdr.asm
 0000:0569       __NMSG_WRITE                                                                     Y dos\nmsghdr.asm
 0000:02CC       __nullcheck                                                                      Y chksum.asm
 008A:0087       __oserr                                                                          Y dos\crt0dat.asm
 008A:008B       __osfile                                                                         Y dos\crt0dat.asm
 008A:0084       __osmajor                                                                        Y dos\crt0dat.asm
 008A:0085       __osminor                                                                        Y dos\crt0dat.asm
 008A:0086       __osmode                                                                         Y dos\crt0dat.asm
 008A:0084       __osversion                                                                      Y dos\crt0dat.asm
 008A:00B0       __ovlflag                                                                        Y dos\crt0dat.asm
 008A:00B2       __ovlvec                                                                         Y dos\crt0dat.asm
 008A:00A9       __pgmptr                                                                         Y dos\crt0dat.asm
 008A:0082       __psp                                                                            Y dos\crt0dat.asm
 008A:0080       __pspadr                                                                         Y dos\crt0dat.asm
 0000:06C6       __searchseg                                                                      Y searchsg.asm
 0000:02F0       __setargv                                                                        Y dos\stdargv.asm
 0000:049E       __setenvp                                                                        Y dos\stdenvp.asm
 008A:007E       __umaskval                                                                       Y dos\crt0dat.asm
 008A:00D6       ___aDBexit                                                                       Y dos\crt0.asm
 008A:00DC       ___aDBptrchk                                                                     Y dos\crt0.asm
 008A:00D4       ___aDBrterr                                                                      Y dos\crt0.asm
 008A:00D2       ___aDBswpchk                                                                     Y dos\crt0.asm
 008A:00D0       ___aDBswpflg                                                                     Y dos\crt0.asm
 008A:009F       ___argc                                                                          Y dos\crt0dat.asm
 008A:00A1       ___argv                                                                          Y dos\crt0dat.asm
 008A:00CE       ___qczrinit                                                                      Y dos\crt0dat.asm

  Address         Publics by Value                                                           local? Defining Module

 0000:0000       _main                                                                            Y REFCOM.C
 0000:0000  U    _probe_common_only                                                               Y N/A
 0000:9876  Abs  __acrtmsg                                                                        Y dos\crt0msg.asm
 0000:9876  Abs  __acrtused                                                                       Y dos\crt0.asm
 0000:D6D6  Abs  __aDBdoswp                                                                       Y dos\crt0.asm
 0000:001C       $$MAIN                                                                           Y N/A
 0000:001C       __astart                                                                         Y dos\crt0.asm
 0000:00E7       __cintDIV                                                                        Y dos\crt0.asm
 0000:00F7       __amsg_exit                                                                      Y dos\crt0.asm
 0000:0119       __dataseg                                                                        Y dos\crt0.asm
 0000:011C       __cinit                                                                          Y dos\crt0dat.asm
 0000:01E1       _exit                                                                            Y dos\crt0dat.asm
 0000:01E8       __exit                                                                           Y dos\crt0dat.asm
 0000:01F0       __cexit                                                                          Y dos\crt0dat.asm
 0000:01FA       __c_exit                                                                         Y dos\crt0dat.asm
 0000:0264       __ctermsub                                                                       Y dos\crt0dat.asm
 0000:02A4       __FF_MSGBANNER                                                                   Y dos\crt0msg.asm
 0000:02C6       __fptrap                                                                         Y crt0fp.asm
 0000:02CC       __nullcheck                                                                      Y chksum.asm
 0000:02F0       __setargv                                                                        Y dos\stdargv.asm
 0000:049E       __setenvp                                                                        Y dos\stdenvp.asm
 0000:053E       __NMSG_TEXT                                                                      Y dos\nmsghdr.asm
 0000:0569       __NMSG_WRITE                                                                     Y dos\nmsghdr.asm
 0000:05A0       __myalloc                                                                        Y dos\stdalloc.asm
 0000:05C6       _malloc                                                                          Y malloc.asm
 0000:05CC       __ffree                                                                          Y fmalloc.asm
 0000:05DF       __fmalloc                                                                        Y fmalloc.asm
 0000:065C       __initseg                                                                        Y initseg.asm
 0000:0690       __linkseg                                                                        Y linkseg.asm
 0000:06C6       __searchseg                                                                      Y searchsg.asm
 0000:0742       __growseg                                                                        Y growseg.asm
 0000:07D1       __incseg                                                                         Y growseg.asm
 0000:0822       __findlast                                                                       Y growseg.asm
 0000:0842       __newseg                                                                         Y newseg.asm
 0089:0000       __EmDataSeg                                                                      Y dos\crt0dat.asm
 008A:0042       __anullsize                                                                      Y chksum.asm
 008A:0042       __atopsp                                                                         Y dos\crt0.asm
 008A:0044       __aexit_rtn                                                                      Y dos\crt0.asm
 008A:0046       __asizds                                                                         Y dos\crt0.asm
 008A:0048       __nheap_desc                                                                     Y dos\crt0.asm
 008A:005C       __aseghi                                                                         Y dos\crt0.asm
 008A:005E       __aseglo                                                                         Y dos\crt0.asm
 008A:0060       __acfinfo                                                                        Y dos\crt0dat.asm
 008A:006E       __aintdiv                                                                        Y dos\crt0dat.asm
 008A:0072       __fac                                                                            Y dos\crt0dat.asm
 008A:007C       _errno                                                                           Y dos\crt0dat.asm
 008A:007E       __umaskval                                                                       Y dos\crt0dat.asm
 008A:0080       __pspadr                                                                         Y dos\crt0dat.asm
 008A:0082       __psp                                                                            Y dos\crt0dat.asm
 008A:0084       __dosvermajor                                                                    Y dos\crt0dat.asm
 008A:0084       __osmajor                                                                        Y dos\crt0dat.asm
 008A:0084       __osversion                                                                      Y dos\crt0dat.asm
 008A:0085       __dosverminor                                                                    Y dos\crt0dat.asm
 008A:0085       __osminor                                                                        Y dos\crt0dat.asm
 008A:0086       __osmode                                                                         Y dos\crt0dat.asm
 008A:0087       __doserrno                                                                       Y dos\crt0dat.asm
 008A:0087       __oserr                                                                          Y dos\crt0dat.asm
 008A:0089       __nfile                                                                          Y dos\crt0dat.asm
 008A:008B       __osfile                                                                         Y dos\crt0dat.asm
 008A:009F       ___argc                                                                          Y dos\crt0dat.asm
 008A:00A1       ___argv                                                                          Y dos\crt0dat.asm
 008A:00A5       _environ                                                                         Y dos\crt0dat.asm
 008A:00A9       __pgmptr                                                                         Y dos\crt0dat.asm
 008A:00AE       __child                                                                          Y dos\crt0dat.asm
 008A:00B0       __ovlflag                                                                        Y dos\crt0dat.asm
 008A:00B1       __intno                                                                          Y dos\crt0dat.asm
 008A:00B2       __ovlvec                                                                         Y dos\crt0dat.asm
 008A:00B6       __adbgmsg                                                                        Y dos\crt0msg.asm
 008A:00BE       __fheap                                                                          Y fdata.asm
 008A:00CC       __amblksiz                                                                       Y growseg.asm
 008A:00CE       ___qczrinit                                                                      Y dos\crt0dat.asm
 008A:00D0       ___aDBswpflg                                                                     Y dos\crt0.asm
 008A:00D2       ___aDBswpchk                                                                     Y dos\crt0.asm
 008A:00D4       ___aDBrterr                                                                      Y dos\crt0.asm
 008A:00D6       ___aDBexit                                                                       Y dos\crt0.asm
 008A:00DC       ___aDBptrchk                                                                     Y dos\crt0.asm
 008A:00E0       __fpinit                                                                         Y dos\crt0dat.asm
 008A:01D0       _edata                                                                           Y N/A
 008A:01D0       _end                                                                             Y N/A
