{
  "status": "PASS",
  "worker_artifacts_reopened": 50,
  "fresh_parent_whole_TU_compiles": 3,
  "targets": [
    {
      "target": "o15_384C_0239",
      "extent": 326,
      "differing_bytes": 2,
      "accepted_peers": 7,
      "private_data": "PASS",
      "fixups_and_relocations": "PASS",
      "fresh_object_identical": true,
      "conclusion": "NO_NEW_HYPOTHESIS_OR_EXACT_CANDIDATE"
    },
    {
      "target": "FindIndex",
      "extent": 267,
      "differing_bytes": 3,
      "accepted_peers": 6,
      "private_data": "PASS",
      "fixups_and_relocations": "PASS",
      "fresh_object_identical": true,
      "conclusion": "NO_NEW_HYPOTHESIS_OR_EXACT_CANDIDATE"
    },
    {
      "target": "f_171C_0CF4",
      "extent": 490,
      "differing_bytes": 6,
      "accepted_peers": 57,
      "private_data": "PASS",
      "fixups_and_relocations": "PASS",
      "fresh_object_identical": true,
      "conclusion": "NO_NEW_HYPOTHESIS_OR_EXACT_CANDIDATE"
    }
  ],
  "promotion": false
}
