
 Start  Stop   Length Name                   Class               Group
 00000H 00001H 00002H BASE_TEXT              CODE
 00002H 0087BH 0087AH _TEXT                  CODE
 00880H 00881H 00002H EMULATOR_TEXT          CODE
 00882H 00882H 00000H C_ETEXT                ENDCODE
 00890H 00890H 00000H EMULATOR_DATA          FAR_DATA
 00890H 008D1H 00042H NULL                   BEGDATA             DGROUP
 008D2H 0095DH 0008CH _DATA                  DATA                DGROUP
 0095EH 0095FH 00002H XIQC                   DATA                DGROUP
 00960H 0096DH 0000EH DBDATA                 DATA                DGROUP
 0096EH 0097BH 0000EH CDATA                  DATA                DGROUP
 0097CH 0097CH 00000H XIFB                   DATA                DGROUP
 0097CH 0097CH 00000H XIF                    DATA                DGROUP
 0097CH 0097CH 00000H XIFE                   DATA                DGROUP
 0097CH 0097CH 00000H XIB                    DATA                DGROUP
 0097CH 0097CH 00000H XI                     DATA                DGROUP
 0097CH 0097CH 00000H XIE                    DATA                DGROUP
 0097CH 0097CH 00000H XPB                    DATA                DGROUP
 0097CH 0097CH 00000H XP                     DATA                DGROUP
 0097CH 0097CH 00000H XPE                    DATA                DGROUP
 0097CH 0097CH 00000H XCB                    DATA                DGROUP
 0097CH 0097CH 00000H XC                     DATA                DGROUP
 0097CH 0097CH 00000H XCE                    DATA                DGROUP
 0097CH 0097CH 00000H XCFB                   DATA                DGROUP
 0097CH 0097CH 00000H XCF                    DATA                DGROUP
 0097CH 0097CH 00000H XCFE                   DATA                DGROUP
 0097CH 0097CH 00000H CONST                  CONST               DGROUP
 0097CH 00983H 00008H HDR                    MSG                 DGROUP
 00984H 00A59H 000D6H MSG                    MSG                 DGROUP
 00A5AH 00A5BH 00002H PAD                    MSG                 DGROUP
 00A5CH 00A5CH 00001H EPAD                   MSG                 DGROUP
 00A5EH 00A5EH 00000H _BSS                   BSS                 DGROUP
 00A5EH 00A5EH 00000H XOB                    BSS                 DGROUP
 00A5EH 00A5EH 00000H XO                     BSS                 DGROUP
 00A5EH 00A5EH 00000H XOE                    BSS                 DGROUP
 00A60H 0125FH 00800H STACK                  STACK               DGROUP

 Section# Fname          Faddr  Maddr  Size   Father   Section Name          Type Special Attributes
    1H    TEST.EXE       00200H 00000H 01260H    0H                             R

 Origin   Group
 0089:0   DGROUP

  Load size: 5K


  Address         Publics by Name                                                            local? Defining Module

 0000:0012       $$MAIN                                                                           Y N/A
 0089:01CE       _edata                                                                           Y N/A
 0089:01D0       _end                                                                             Y N/A
 0089:00A5       _environ                                                                         Y dos\crt0dat.asm
 0089:007C       _errno                                                                           Y dos\crt0dat.asm
 0000:01D7       _exit                                                                            Y dos\crt0dat.asm
 0000:0000       _main                                                                            Y BASE.C
 0000:05BC       _malloc                                                                          Y malloc.asm
 0089:0060       __acfinfo                                                                        Y dos\crt0dat.asm
 0000:9876  Abs  __acrtmsg                                                                        Y dos\crt0msg.asm
 0000:9876  Abs  __acrtused                                                                       Y dos\crt0.asm
 0000:D6D6  Abs  __aDBdoswp                                                                       Y dos\crt0.asm
 0089:00B6       __adbgmsg                                                                        Y dos\crt0msg.asm
 0089:0044       __aexit_rtn                                                                      Y dos\crt0.asm
 0089:006E       __aintdiv                                                                        Y dos\crt0dat.asm
 0089:00CC       __amblksiz                                                                       Y growseg.asm
 0000:00ED       __amsg_exit                                                                      Y dos\crt0.asm
 0089:0042       __anullsize                                                                      Y chksum.asm
 0089:005C       __aseghi                                                                         Y dos\crt0.asm
 0089:005E       __aseglo                                                                         Y dos\crt0.asm
 0089:0046       __asizds                                                                         Y dos\crt0.asm
 0000:0012       __astart                                                                         Y dos\crt0.asm
 0089:0042       __atopsp                                                                         Y dos\crt0.asm
 0000:01E6       __cexit                                                                          Y dos\crt0dat.asm
 0089:00AE       __child                                                                          Y dos\crt0dat.asm
 0000:0112       __cinit                                                                          Y dos\crt0dat.asm
 0000:00DD       __cintDIV                                                                        Y dos\crt0.asm
 0000:025A       __ctermsub                                                                       Y dos\crt0dat.asm
 0000:01F0       __c_exit                                                                         Y dos\crt0dat.asm
 0000:010F       __dataseg                                                                        Y dos\crt0.asm
 0089:0087       __doserrno                                                                       Y dos\crt0dat.asm
 0089:0084       __dosvermajor                                                                    Y dos\crt0dat.asm
 0089:0085       __dosverminor                                                                    Y dos\crt0dat.asm
 0088:0000       __EmDataSeg                                                                      Y dos\crt0dat.asm
 0000:01DE       __exit                                                                           Y dos\crt0dat.asm
 0089:0072       __fac                                                                            Y dos\crt0dat.asm
 0000:05C2       __ffree                                                                          Y fmalloc.asm
 0000:029A       __FF_MSGBANNER                                                                   Y dos\crt0msg.asm
 0089:00BE       __fheap                                                                          Y fdata.asm
 0000:0818       __findlast                                                                       Y growseg.asm
 0000:05D5       __fmalloc                                                                        Y fmalloc.asm
 0089:00E0       __fpinit                                                                         Y dos\crt0dat.asm
 0000:02BC       __fptrap                                                                         Y crt0fp.asm
 0000:0738       __growseg                                                                        Y growseg.asm
 0000:07C7       __incseg                                                                         Y growseg.asm
 0000:0652       __initseg                                                                        Y initseg.asm
 0089:00B1       __intno                                                                          Y dos\crt0dat.asm
 0000:0686       __linkseg                                                                        Y linkseg.asm
 0000:0596       __myalloc                                                                        Y dos\stdalloc.asm
 0000:0838       __newseg                                                                         Y newseg.asm
 0089:0089       __nfile                                                                          Y dos\crt0dat.asm
 0089:0048       __nheap_desc                                                                     Y dos\crt0.asm
 0000:0534       __NMSG_TEXT                                                                      Y dos\nmsghdr.asm
 0000:055F       __NMSG_WRITE                                                                     Y dos\nmsghdr.asm
 0000:02C2       __nullcheck                                                                      Y chksum.asm
 0089:0087       __oserr                                                                          Y dos\crt0dat.asm
 0089:008B       __osfile                                                                         Y dos\crt0dat.asm
 0089:0084       __osmajor                                                                        Y dos\crt0dat.asm
 0089:0085       __osminor                                                                        Y dos\crt0dat.asm
 0089:0086       __osmode                                                                         Y dos\crt0dat.asm
 0089:0084       __osversion                                                                      Y dos\crt0dat.asm
 0089:00B0       __ovlflag                                                                        Y dos\crt0dat.asm
 0089:00B2       __ovlvec                                                                         Y dos\crt0dat.asm
 0089:00A9       __pgmptr                                                                         Y dos\crt0dat.asm
 0089:0082       __psp                                                                            Y dos\crt0dat.asm
 0089:0080       __pspadr                                                                         Y dos\crt0dat.asm
 0000:06BC       __searchseg                                                                      Y searchsg.asm
 0000:02E6       __setargv                                                                        Y dos\stdargv.asm
 0000:0494       __setenvp                                                                        Y dos\stdenvp.asm
 0089:007E       __umaskval                                                                       Y dos\crt0dat.asm
 0089:00D6       ___aDBexit                                                                       Y dos\crt0.asm
 0089:00DC       ___aDBptrchk                                                                     Y dos\crt0.asm
 0089:00D4       ___aDBrterr                                                                      Y dos\crt0.asm
 0089:00D2       ___aDBswpchk                                                                     Y dos\crt0.asm
 0089:00D0       ___aDBswpflg                                                                     Y dos\crt0.asm
 0089:009F       ___argc                                                                          Y dos\crt0dat.asm
 0089:00A1       ___argv                                                                          Y dos\crt0dat.asm
 0089:00CE       ___qczrinit                                                                      Y dos\crt0dat.asm

  Address         Publics by Value                                                           local? Defining Module

 0000:0000       _main                                                                            Y BASE.C
 0000:9876  Abs  __acrtmsg                                                                        Y dos\crt0msg.asm
 0000:9876  Abs  __acrtused                                                                       Y dos\crt0.asm
 0000:D6D6  Abs  __aDBdoswp                                                                       Y dos\crt0.asm
 0000:0012       $$MAIN                                                                           Y N/A
 0000:0012       __astart                                                                         Y dos\crt0.asm
 0000:00DD       __cintDIV                                                                        Y dos\crt0.asm
 0000:00ED       __amsg_exit                                                                      Y dos\crt0.asm
 0000:010F       __dataseg                                                                        Y dos\crt0.asm
 0000:0112       __cinit                                                                          Y dos\crt0dat.asm
 0000:01D7       _exit                                                                            Y dos\crt0dat.asm
 0000:01DE       __exit                                                                           Y dos\crt0dat.asm
 0000:01E6       __cexit                                                                          Y dos\crt0dat.asm
 0000:01F0       __c_exit                                                                         Y dos\crt0dat.asm
 0000:025A       __ctermsub                                                                       Y dos\crt0dat.asm
 0000:029A       __FF_MSGBANNER                                                                   Y dos\crt0msg.asm
 0000:02BC       __fptrap                                                                         Y crt0fp.asm
 0000:02C2       __nullcheck                                                                      Y chksum.asm
 0000:02E6       __setargv                                                                        Y dos\stdargv.asm
 0000:0494       __setenvp                                                                        Y dos\stdenvp.asm
 0000:0534       __NMSG_TEXT                                                                      Y dos\nmsghdr.asm
 0000:055F       __NMSG_WRITE                                                                     Y dos\nmsghdr.asm
 0000:0596       __myalloc                                                                        Y dos\stdalloc.asm
 0000:05BC       _malloc                                                                          Y malloc.asm
 0000:05C2       __ffree                                                                          Y fmalloc.asm
 0000:05D5       __fmalloc                                                                        Y fmalloc.asm
 0000:0652       __initseg                                                                        Y initseg.asm
 0000:0686       __linkseg                                                                        Y linkseg.asm
 0000:06BC       __searchseg                                                                      Y searchsg.asm
 0000:0738       __growseg                                                                        Y growseg.asm
 0000:07C7       __incseg                                                                         Y growseg.asm
 0000:0818       __findlast                                                                       Y growseg.asm
 0000:0838       __newseg                                                                         Y newseg.asm
 0088:0000       __EmDataSeg                                                                      Y dos\crt0dat.asm
 0089:0042       __anullsize                                                                      Y chksum.asm
 0089:0042       __atopsp                                                                         Y dos\crt0.asm
 0089:0044       __aexit_rtn                                                                      Y dos\crt0.asm
 0089:0046       __asizds                                                                         Y dos\crt0.asm
 0089:0048       __nheap_desc                                                                     Y dos\crt0.asm
 0089:005C       __aseghi                                                                         Y dos\crt0.asm
 0089:005E       __aseglo                                                                         Y dos\crt0.asm
 0089:0060       __acfinfo                                                                        Y dos\crt0dat.asm
 0089:006E       __aintdiv                                                                        Y dos\crt0dat.asm
 0089:0072       __fac                                                                            Y dos\crt0dat.asm
 0089:007C       _errno                                                                           Y dos\crt0dat.asm
 0089:007E       __umaskval                                                                       Y dos\crt0dat.asm
 0089:0080       __pspadr                                                                         Y dos\crt0dat.asm
 0089:0082       __psp                                                                            Y dos\crt0dat.asm
 0089:0084       __dosvermajor                                                                    Y dos\crt0dat.asm
 0089:0084       __osmajor                                                                        Y dos\crt0dat.asm
 0089:0084       __osversion                                                                      Y dos\crt0dat.asm
 0089:0085       __dosverminor                                                                    Y dos\crt0dat.asm
 0089:0085       __osminor                                                                        Y dos\crt0dat.asm
 0089:0086       __osmode                                                                         Y dos\crt0dat.asm
 0089:0087       __doserrno                                                                       Y dos\crt0dat.asm
 0089:0087       __oserr                                                                          Y dos\crt0dat.asm
 0089:0089       __nfile                                                                          Y dos\crt0dat.asm
 0089:008B       __osfile                                                                         Y dos\crt0dat.asm
 0089:009F       ___argc                                                                          Y dos\crt0dat.asm
 0089:00A1       ___argv                                                                          Y dos\crt0dat.asm
 0089:00A5       _environ                                                                         Y dos\crt0dat.asm
 0089:00A9       __pgmptr                                                                         Y dos\crt0dat.asm
 0089:00AE       __child                                                                          Y dos\crt0dat.asm
 0089:00B0       __ovlflag                                                                        Y dos\crt0dat.asm
 0089:00B1       __intno                                                                          Y dos\crt0dat.asm
 0089:00B2       __ovlvec                                                                         Y dos\crt0dat.asm
 0089:00B6       __adbgmsg                                                                        Y dos\crt0msg.asm
 0089:00BE       __fheap                                                                          Y fdata.asm
 0089:00CC       __amblksiz                                                                       Y growseg.asm
 0089:00CE       ___qczrinit                                                                      Y dos\crt0dat.asm
 0089:00D0       ___aDBswpflg                                                                     Y dos\crt0.asm
 0089:00D2       ___aDBswpchk                                                                     Y dos\crt0.asm
 0089:00D4       ___aDBrterr                                                                      Y dos\crt0.asm
 0089:00D6       ___aDBexit                                                                       Y dos\crt0.asm
 0089:00DC       ___aDBptrchk                                                                     Y dos\crt0.asm
 0089:00E0       __fpinit                                                                         Y dos\crt0dat.asm
 0089:01CE       _edata                                                                           Y N/A
 0089:01D0       _end                                                                             Y N/A
